******************************************************************************
                  TI ARM Linker PC v20.2.7                     
******************************************************************************
>> Linked Tue Nov 28 16:55:10 2023

OUTPUT FILE NAME:   <ece3849_lab4.out>
ENTRY POINT SYMBOL: "_c_int00"  address: 00006405


MEMORY CONFIGURATION

         name            origin    length      used     unused   attr    fill
----------------------  --------  ---------  --------  --------  ----  --------
  FLASH                 00000000   00100000  0000b146  000f4eba  R  X
  SRAM                  20000000   00040000  0000be02  000341fe  RW X


SEGMENT ALLOCATION MAP

run origin  load origin   length   init length attrs members
----------  ----------- ---------- ----------- ----- -------
00000000    00000000    0000b150   0000b150    r-x
  00000000    00000000    0000003c   0000003c    r-- .resetVecs
  00000040    00000040    00008802   00008802    r-x .text
  00008844    00008844    00002630   00002630    r-- .const
  0000ae78    0000ae78    000002d8   000002d8    r-- .cinit
20000000    20000000    0000be08   00000000    rw-
  20000000    20000000    00000360   00000000    rw- .vecs
  20000360    20000360    000086a8   00000000    rw- .data
  20008a08    20008a08    000030fa   00000000    rw- .bss
  2000bb08    2000bb08    00000300   00000000    rw- .stack


SECTION ALLOCATION MAP

 output                                  attributes/
section   page    origin      length       input sections
--------  ----  ----------  ----------   ----------------
.text      0    00000040    00008802     
                  00000040    00000a4e     rtsv7M4_T_le_v4SPD16_eabi.lib : _printfi.c.obj (.text:__TI_printfi)
                  00000a8e    00000002                                   : _lock.c.obj (.text:_nop)
                  00000a90    00000430     BIOS.obj (.text:ti_sysbios_family_arm_m3_Hwi_excDumpRegs__I)
                  00000ec0    0000034c     ti.targets.arm.rtsarm.aem4f : System.oem4f (.text:xdc_runtime_System_doPrint__I)
                  0000120c    00000004     driverlib.lib : timer.obj (.text:TimerIntClear)
                  00001210    000002e4     display.obj (.text:display_task_func)
                  000014f4    00000004     rtsv7M4_T_le_v4SPD16_eabi.lib : exit.c.obj (.text:abort:abort)
                  000014f8    000002a4     BIOS.obj (.text:ti_sysbios_knl_Semaphore_pend__E)
                  0000179c    00000270     rtsv7M4_T_le_v4SPD16_eabi.lib : _printfi.c.obj (.text:_pconv_a)
                  00001a0c    00000004     BIOS.obj (.text:ti_sysbios_family_arm_lm4_Timer_masterEnable__I)
                  00001a10    0000026c     BIOS.obj (.text:ti_sysbios_heaps_HeapMem_free__E)
                  00001c7c    00000256     grlib.lib : string.obj (.text:GrFontGlyphRender)
                  00001ed2    00000006     driverlib.lib : gpio.obj (.text:GPIOPinRead)
                  00001ed8    00000250     BIOS.obj (.text:ti_sysbios_heaps_HeapMem_alloc__E)
                  00002128    00000204     Boot.aem4f : Boot_sysctl.oem4f (.text:ti_catalog_arm_cortexm4_tiva_ce_Boot_sysCtlClockFreqSetI__I)
                  0000232c    00000004     ti.targets.arm.rtsarm.aem4f : Error.oem4f (.text:xdc_runtime_Error_getSite__E)
                  00002330    000001f4     BIOS.obj (.text:ti_sysbios_family_arm_m3_Hwi_excHandlerMax__I)
                  00002524    000001d0     rtsv7M4_T_le_v4SPD16_eabi.lib : _printfi.c.obj (.text:_pconv_g)
                  000026f4    000001b6                                   : fd_add_t2.asm.obj (.text)
                  000028aa    00000006     driverlib.lib : gpio.obj (.text:GPIOPinWrite)
                  000028b0    00000174     BIOS.obj (.text:ti_sysbios_family_arm_m3_Hwi_excBusFault__I)
                  00002a24    00000004     ti.targets.arm.rtsarm.aem4f : System.oem4f (.text:xdc_runtime_System_aprintf_va__F)
                  00002a28    00000164     BIOS.obj (.text:ti_sysbios_family_arm_m3_Hwi_excUsageFault__I)
                  00002b8c    00000004     ti.targets.arm.rtsarm.aem4f : System.oem4f (.text:xdc_runtime_System_printf_va__F)
                  00002b90    00000148     BIOS.obj (.text:ti_sysbios_family_arm_m3_Hwi_excMemFault__I)
                  00002cd8    0000013c     rtsv7M4_T_le_v4SPD16_eabi.lib : _printfi.c.obj (.text:_pconv_e)
                  00002e14    00000002                                   : div0.asm.obj (.text)
                  00002e16    00000002     --HOLE-- [fill = 0]
                  00002e18    0000013c     BIOS.obj (.text:ti_sysbios_heaps_HeapMem_Instance_init__E)
                  00002f54    00000136     rtsv7M4_T_le_v4SPD16_eabi.lib : fd_div_t2.asm.obj (.text)
                  0000308a    00000130     driverlib.lib : gpio.obj (.text:GPIOPadConfigSet)
                  000031ba    00000006     grlib.lib : string.obj (.text:GrContextFontSet)
                  000031c0    00000124     buttons.obj (.text:button_init)
                  000032e4    00000124     rtsv7M4_T_le_v4SPD16_eabi.lib : _printfi.c.obj (.text:fcvt)
                  00003408    00000118     ti.targets.arm.rtsarm.aem4f : Error.oem4f (.text:xdc_runtime_Error_policyDefault__E)
                  00003520    00000110     rtsv7M4_T_le_v4SPD16_eabi.lib : s_scalbn.c.obj (.text:scalbn)
                  00003630    00000108     BIOS.obj (.text:ti_sysbios_family_arm_lm4_Timer_start__E)
                  00003738    00000106     grlib.lib : line.obj (.text:GrLineDraw)
                  0000383e    00000002     --HOLE-- [fill = 0]
                  00003840    00000100     buttons.obj (.text:button_task_func)
                  00003940    00000100     ti.targets.arm.rtsarm.aem4f : Core-mem.oem4f (.text:xdc_runtime_Core_createObject__I)
                  00003a40    000000fc     rtsv7M4_T_le_v4SPD16_eabi.lib : fd_mul_t2.asm.obj (.text)
                  00003b3c    00000004     --HOLE-- [fill = 0]
                  00003b40    000000fc     rtos_pem4f.oem4f (.text:xdc_runtime_System_printfExtend__I)
                  00003c3c    000000f8     ti.targets.arm.rtsarm.aem4f : Startup.oem4f (.text:xdc_runtime_Startup_startMods__I)
                  00003d34    000000f4     m3_Hwi_asm.obj (.text:ti_sysbios_family_arm_m3_Hwi_dispatch__I)
                  00003e28    000000ec     BIOS.obj (.text:ti_sysbios_knl_Semaphore_post__E)
                  00003f14    00000004     --HOLE-- [fill = 0]
                  00003f18    000000dc     Crystalfontz128x128_ST7735.obj (.text:Crystalfontz128x128_PixelDrawMultiple)
                  00003ff4    00000004     --HOLE-- [fill = 0]
                  00003ff8    000000d4     buttons.obj (.text:button_read_joystick)
                  000040cc    00000004     --HOLE-- [fill = 0]
                  000040d0    000000d0     main.obj (.text:pwm_init)
                  000041a0    000000cc     ti.targets.arm.rtsarm.aem4f : Core-smem.oem4f (.text:xdc_runtime_Core_constructObject__I)
                  0000426c    00000004     --HOLE-- [fill = 0]
                  00004270    000000c8     main.obj (.text:processing_task_func)
                  00004338    000000c4     grlib.lib : string.obj (.text:GrDefaultStringRenderer)
                  000043fc    000000c0               : line.obj (.text:GrLineClip)
                  000044bc    00000004     --HOLE-- [fill = 0]
                  000044c0    000000bc     Crystalfontz128x128_ST7735.obj (.text:Crystalfontz128x128_Init)
                  0000457c    00000004     --HOLE-- [fill = 0]
                  00004580    000000bc     BIOS.obj (.text:ti_sysbios_family_arm_m3_Hwi_excDebugMon__I)
                  0000463c    00000004     --HOLE-- [fill = 0]
                  00004640    000000bc     BIOS.obj (.text:ti_sysbios_family_arm_m3_Hwi_excHardFault__I)
                  000046fc    00000004     --HOLE-- [fill = 0]
                  00004700    000000b4     BIOS.obj (.text:ti_sysbios_gates_GateMutex_enter__E)
                  000047b4    00000004     --HOLE-- [fill = 0]
                  000047b8    000000b4     BIOS.obj (.text:ti_sysbios_knl_Task_checkStacks__E)
                  0000486c    000000b1     rtsv7M4_T_le_v4SPD16_eabi.lib : _printfi.c.obj (.text:_ltostr)
                  0000491d    00000003     --HOLE-- [fill = 0]
                  00004920    000000ac     BIOS.obj (.text:ti_sysbios_family_arm_lm4_Timer_enableTiva__I)
                  000049cc    00000004     --HOLE-- [fill = 0]
                  000049d0    000000ac     main.obj (.text:ui_task_func)
                  00004a7c    000000a0     auto_init.aem4f : auto_init.oem4f (.text)
                  00004b1c    000000a0     ti.targets.arm.rtsarm.aem4f : Text.oem4f (.text:xdc_runtime_Text_putMod__E)
                  00004bbc    00000004     --HOLE-- [fill = 0]
                  00004bc0    0000009c     Crystalfontz128x128_ST7735.obj (.text:Crystalfontz128x128_SetDrawFrame)
                  00004c5c    0000009c     rtsv7M4_T_le_v4SPD16_eabi.lib : memcpy_t2.asm.obj (.text)
                  00004cf8    0000009c     BIOS.obj (.text:ti_sysbios_knl_Semaphore_Instance_init__E)
                  00004d94    0000009a     ti.targets.arm.rtsarm.aem4f : Text.oem4f (.text:xdc_runtime_Text_putSite__E)
                  00004e2e    00000002     --HOLE-- [fill = 0]
                  00004e30    00000098     Boot.aem4f : Boot.oem4f (.text:ti_catalog_arm_cortexm4_tiva_ce_Boot_sysCtlClockFreqSet__E)
                  00004ec8    00000096     rtsv7M4_T_le_v4SPD16_eabi.lib : ull_div_t2.asm.obj (.text)
                  00004f5e    00000002     --HOLE-- [fill = 0]
                  00004f60    00000094     sampling.obj (.text:adc_init)
                  00004ff4    00000004     --HOLE-- [fill = 0]
                  00004ff8    00000094     BIOS.obj (.text:ti_sysbios_family_arm_m3_Hwi_initNVIC__E)
                  0000508c    0000008c     m3_TaskSupport_asm.obj (.text:ti_sysbios_family_arm_m3_TaskSupport_buildTaskStack)
                  00005118    0000008c     BIOS.obj (.text:ti_sysbios_knl_Task_postInit__I)
                  000051a4    00000004     --HOLE-- [fill = 0]
                  000051a8    00000088     BIOS.obj (.text:ti_sysbios_knl_Mailbox_post__E)
                  00005230    00000086     grlib.lib : rectangle.obj (.text:GrRectFill)
                  000052b6    00000086     rtsv7M4_T_le_v4SPD16_eabi.lib : fd_cmp_t2.asm.obj (.text:__aeabi_cdcmple)
                  0000533c    00000086                                   : fd_cmp_t2.asm.obj (.text:__aeabi_cdrcmple)
                  000053c2    00000006     driverlib.lib : sysctl.obj (.text:SysCtlDelay)
                  000053c8    00000084     BIOS.obj (.text:ti_sysbios_family_arm_m3_Hwi_postInit__I)
                  0000544c    00000004     --HOLE-- [fill = 0]
                  00005450    00000080     Crystalfontz128x128_ST7735.obj (.text:Crystalfontz128x128_RectFill)
                  000054d0    00000080     rtsv7M4_T_le_v4SPD16_eabi.lib : s_floorf.c.obj (.text:floorf)
                  00005550    0000007a     driverlib.lib : adc.obj (.text:ADCSequenceStepConfigure)
                  000055ca    0000007a     rtsv7M4_T_le_v4SPD16_eabi.lib : memset_t2.asm.obj (.text)
                  00005644    00000004     --HOLE-- [fill = 0]
                  00005648    00000078     HAL_EK_TM4C1294XL_Crystalfontz128x128_ST7735.obj (.text:HAL_LCD_PortInit)
                  000056c0    00000078     HAL_EK_TM4C1294XL_Crystalfontz128x128_ST7735.obj (.text:HAL_LCD_SpiInit)
                  00005738    00000078     display.obj (.text:draw_grid)
                  000057b0    00000078     waveform.obj (.text:waveform_task_func)
                  00005828    00000074     BIOS.obj (.text:ti_sysbios_knl_Mailbox_pend__E)
                  0000589c    00000004     --HOLE-- [fill = 0]
                  000058a0    00000070     display.obj (.text:draw_signal)
                  00005910    00000070     BIOS.obj (.text:ti_sysbios_knl_Clock_workFunc__E)
                  00005980    00000070     BIOS.obj (.text:ti_sysbios_knl_Task_exit__E)
                  000059f0    0000006e     rtsv7M4_T_le_v4SPD16_eabi.lib : _printfi.c.obj (.text:_mcpy)
                  00005a5e    0000006e                                   : s_roundf.c.obj (.text:roundf)
                  00005acc    0000006d     ti.targets.arm.rtsarm.aem4f : System.oem4f (.text:xdc_runtime_System_formatNum__I)
                  00005b39    00000001     --HOLE-- [fill = 0]
                  00005b3a    00000006                                 : System.oem4f (.text:xdc_runtime_System_Module_startup__E)
                  00005b40    0000006c     cpu_load.obj (.text:cpu_load_init)
                  00005bac    00000004     --HOLE-- [fill = 0]
                  00005bb0    0000006c     waveform.obj (.text:find_falling_trigger_index)
                  00005c1c    00000004     --HOLE-- [fill = 0]
                  00005c20    0000006c     waveform.obj (.text:find_rising_trigger_index)
                  00005c8c    00000004     --HOLE-- [fill = 0]
                  00005c90    0000006c     BIOS.obj (.text:ti_sysbios_knl_Swi_restoreHwi__E)
                  00005cfc    0000006c     ti.targets.arm.rtsarm.aem4f : Error.oem4f (.text:xdc_runtime_Error_print__E)
                  00005d68    0000006c                                 : Memory.oem4f (.text:xdc_runtime_Memory_alloc__E)
                  00005dd4    00000068     grlib.lib : context.obj (.text:GrContextInit)
                  00005e3c    00000068     rtsv7M4_T_le_v4SPD16_eabi.lib : copy_decompress_lzss.c.obj (.text:decompress:lzss:__TI_decompress_lzss)
                  00005ea4    00000004     --HOLE-- [fill = 0]
                  00005ea8    00000068     BIOS.obj (.text:ti_sysbios_family_arm_lm4_TimestampProvider_initTimerHandle__I)
                  00005f10    00000066     ti.targets.arm.rtsarm.aem4f : Core-mem.oem4f (.text:xdc_runtime_Core_deleteObject__I)
                  00005f76    00000002     --HOLE-- [fill = 0]
                  00005f78    00000064     rtsv7M4_T_le_v4SPD16_eabi.lib : s_frexp.c.obj (.text:frexp)
                  00005fdc    00000004     --HOLE-- [fill = 0]
                  00005fe0    00000064     BIOS.obj (.text:ti_sysbios_family_arm_lm4_Timer_Module_startup__E)
                  00006044    00000004     --HOLE-- [fill = 0]
                  00006048    00000064     BIOS.obj (.text:ti_sysbios_family_arm_m3_Hwi_dispatchC__I)
                  000060ac    00000060     driverlib.lib : timer.obj (.text:TimerConfigure)
                  0000610c    00000004     --HOLE-- [fill = 0]
                  00006110    00000060     buttons.obj (.text:button_debounce)
                  00006170    00000060     BIOS.obj (.text:ti_sysbios_knl_Task_schedule__I)
                  000061d0    0000005c     BIOS.obj (.text:ti_sysbios_knl_Swi_run__I)
                  0000622c    00000004     --HOLE-- [fill = 0]
                  00006230    0000005c     BIOS.obj (.text:ti_sysbios_knl_Swi_schedule__I)
                  0000628c    00000004     --HOLE-- [fill = 0]
                  00006290    0000005c     BIOS.obj (.text:ti_sysbios_knl_Task_Module_startup__E)
                  000062ec    00000004     --HOLE-- [fill = 0]
                  000062f0    0000005c     BIOS.obj (.text:ti_sysbios_knl_Task_startCore__E)
                  0000634c    0000005b     ti.targets.arm.rtsarm.aem4f : Text.oem4f (.text:xdc_runtime_Text_putLab__E)
                  000063a7    00000001     --HOLE-- [fill = 0]
                  000063a8    0000005a     grlib.lib : string.obj (.text:FontWideGlyphDataGet)
                  00006402    00000002     --HOLE-- [fill = 0]
                  00006404    00000058     boot.aem4f : boot.oem4f (.text)
                  0000645c    00000058     rtsv7M4_T_le_v4SPD16_eabi.lib : hostwrite.c.obj (.text:HOSTwrite)
                  000064b4    00000004     --HOLE-- [fill = 0]
                  000064b8    00000058     buttons.obj (.text:button_auto_repeat)
                  00006510    00000058     m3_Hwi_asm_switch.obj (.text:ti_sysbios_family_arm_m3_Hwi_initStacks__E)
                  00006568    00000056     rtsv7M4_T_le_v4SPD16_eabi.lib : _printfi.c.obj (.text:_pconv_f)
                  000065be    00000054                                   : _ltoa.c.obj (.text:__TI_ltoa)
                  00006612    00000006     --HOLE-- [fill = 0]
                  00006618    00000054     BIOS.obj (.text:ti_sysbios_family_arm_lm4_Timer_initDevice__I)
                  0000666c    00000054     ti.targets.arm.rtsarm.aem4f : Assert.oem4f (.text:xdc_runtime_Assert_raise__I)
                  000066c0    00000052     rtsv7M4_T_le_v4SPD16_eabi.lib : _printfi.c.obj (.text:_ecpy)
                  00006712    00000002     --HOLE-- [fill = 0]
                  00006714    00000050     Boot.aem4f : Boot_sysctl.oem4f (.text:_SysCtlFrequencyGet)
                  00006764    00000004     --HOLE-- [fill = 0]
                  00006768    00000050     BIOS.obj (.text:ti_sysbios_family_arm_m3_Hwi_Module_startup__E)
                  000067b8    00000050     ti.targets.arm.rtsarm.aem4f : Startup.oem4f (.text:xdc_runtime_Startup_exec__E)
                  00006808    00000050                                 : Text.oem4f (.text:xdc_runtime_Text_visitRope2__I)
                  00006858    0000004c     rtsv7M4_T_le_v4SPD16_eabi.lib : atoi.c.obj (.text:atoi)
                  000068a4    0000004c                                   : cpy_tbl.c.obj (.text:copy_in)
                  000068f0    0000004c                                   : snprintf.c.obj (.text:snprintf)
                  0000693c    00000004     --HOLE-- [fill = 0]
                  00006940    0000004c     BIOS.obj (.text:ti_sysbios_heaps_HeapMem_getStats__E)
                  0000698c    00000004     --HOLE-- [fill = 0]
                  00006990    0000004c     BIOS.obj (.text:ti_sysbios_knl_Swi_runLoop__I)
                  000069dc    00000004     --HOLE-- [fill = 0]
                  000069e0    0000004c     BIOS.obj (.text:ti_sysbios_knl_Task_allBlockedFunction__I)
                  00006a2c    0000004a     grlib.lib : string.obj (.text:UpdateContextCharMapping)
                  00006a76    00000002     --HOLE-- [fill = 0]
                  00006a78    00000048     driverlib.lib : gpio.obj (.text:GPIOPinConfigure)
                  00006ac0    00000048     HAL_EK_TM4C1294XL_Crystalfontz128x128_ST7735.obj (.text:HAL_LCD_writeCommand)
                  00006b08    00000048     sysctl_pll.obj (.text:SysCtlFrequencyGet)
                  00006b50    00000048     sampling.obj (.text:adc_isr)
                  00006b98    00000048     rtsv7M4_T_le_v4SPD16_eabi.lib : fd_toi_t2.asm.obj (.text)
                  00006be0    00000048     BIOS.obj (.text:ti_sysbios_family_arm_lm4_Timer_enableTimers__I)
                  00006c28    00000048     BIOS.obj (.text:ti_sysbios_family_arm_m3_Hwi_disableInterrupt__E)
                  00006c70    00000048     BIOS.obj (.text:ti_sysbios_family_arm_m3_Hwi_enableInterrupt__E)
                  00006cb8    00000048     BIOS.obj (.text:ti_sysbios_family_arm_m3_Hwi_excReserved__I)
                  00006d00    00000048     BIOS.obj (.text:ti_sysbios_knl_Mailbox_Module_startup__E)
                  00006d48    00000046     grlib.lib : line.obj (.text:GrLineDrawH)
                  00006d8e    00000046               : line.obj (.text:GrLineDrawV)
                  00006dd4    00000046     ti.targets.arm.rtsarm.aem4f : Core-params.oem4f (.text:xdc_runtime_Core_assignParams__I)
                  00006e1a    00000006     --HOLE-- [fill = 0]
                  00006e20    00000044     Crystalfontz128x128_ST7735.obj (.text:Crystalfontz128x128_SetOrientation)
                  00006e64    00000004     --HOLE-- [fill = 0]
                  00006e68    00000044     cpu_load.obj (.text:measure_cpu_load)
                  00006eac    00000044     rtsv7M4_T_le_v4SPD16_eabi.lib : fd_tou_t2.asm.obj (.text)
                  00006ef0    00000044     BIOS.obj (.text:ti_sysbios_family_arm_lm4_Timer_isrStub__E)
                  00006f34    00000004     --HOLE-- [fill = 0]
                  00006f38    00000044     BIOS.obj (.text:ti_sysbios_family_arm_m3_Hwi_getStackInfo__E)
                  00006f7c    00000004     --HOLE-- [fill = 0]
                  00006f80    00000044     BIOS.obj (.text:ti_sysbios_knl_Swi_post__E)
                  00006fc4    00000044     ti.targets.arm.rtsarm.aem4f : Error.oem4f (.text:xdc_runtime_Error_setX__E)
                  00007008    00000044                                 : SysMin.oem4f (.text:xdc_runtime_SysMin_flush__E)
                  0000704c    00000044                                 : Text.oem4f (.text:xdc_runtime_Text_xprintf__I)
                  00007090    00000040     Crystalfontz128x128_ST7735.obj (.text:Crystalfontz128x128_LineDrawH)
                  000070d0    00000040     rtsv7M4_T_le_v4SPD16_eabi.lib : u_divt2.asm.obj (.text)
                  00007110    00000040     BIOS.obj (.text:ti_sysbios_family_arm_lm4_Timer_startup__E)
                  00007150    0000003e     driverlib.lib : adc.obj (.text:ADCSequenceConfigure)
                  0000718e    0000003e     rtsv7M4_T_le_v4SPD16_eabi.lib : _printfi.c.obj (.text:_fcpy)
                  000071cc    0000003c     driverlib.lib : ssi.obj (.text:SSIConfigSetExpClk)
                  00007208    0000003c     BIOS.obj (.text:ti_sysbios_family_arm_m3_Hwi_excSvCall__I)
                  00007244    00000004     --HOLE-- [fill = 0]
                  00007248    0000003c     BIOS.obj (.text:ti_sysbios_heaps_HeapMem_init__I)
                  00007284    00000004     --HOLE-- [fill = 0]
                  00007288    0000003c     BIOS.obj (.text:ti_sysbios_knl_Swi_restore__E)
                  000072c4    0000003a     grlib.lib : string.obj (.text:FontGlyphDataGet)
                  000072fe    00000002     --HOLE-- [fill = 0]
                  00007300    00000038     Crystalfontz128x128_ST7735.obj (.text:Crystalfontz128x128_Flush)
                  00007338    00000038     rtsv7M4_T_le_v4SPD16_eabi.lib : trgmsg.c.obj (.text:__TI_writemsg)
                  00007370    00000038     cpu_load.obj (.text:measure_cpu_load_cycles)
                  000073a8    00000038     rtsv7M4_T_le_v4SPD16_eabi.lib : fs_tod_t2.asm.obj (.text)
                  000073e0    00000038     BIOS.obj (.text:ti_sysbios_family_arm_m3_Hwi_excNoIsr__I)
                  00007418    00000038     BIOS.obj (.text:ti_sysbios_knl_Task_processVitalTaskFlag__I)
                  00007450    00000038     ti.targets.arm.rtsarm.aem4f : SysMin.oem4f (.text:xdc_runtime_SysMin_putch__E)
                  00007488    00000038                                 : System.oem4f (.text:xdc_runtime_System_atexit__E)
                  000074c0    00000036     grlib.lib : line.obj (.text:GrClipCodeGet)
                  000074f6    00000002     --HOLE-- [fill = 0]
                  000074f8    00000034     driverlib.lib : sysctl.obj (.text:SysCtlPeripheralEnable)
                  0000752c    00000034     rtsv7M4_T_le_v4SPD16_eabi.lib : trgmsg.c.obj (.text:__TI_readmsg)
                  00007560    00000034     BIOS.obj (.text:ti_sysbios_family_arm_m3_Hwi_excNmi__I)
                  00007594    00000004     --HOLE-- [fill = 0]
                  00007598    00000034     BIOS.obj (.text:ti_sysbios_hal_Hwi_checkStack)
                  000075cc    00000034     ti.targets.arm.rtsarm.aem4f : Core-label.oem4f (.text:xdc_runtime_Core_assignLabel__I)
                  00007600    00000033                                 : Text.oem4f (.text:xdc_runtime_Text_printVisFxn__I)
                  00007633    00000005     --HOLE-- [fill = 0]
                  00007638    00000032     BIOS.obj (.text:ti_sysbios_hal_Hwi_initStack)
                  0000766a    00000030     rtsv7M4_T_le_v4SPD16_eabi.lib : snprintf.c.obj (.text:_outs)
                  0000769a    00000006     --HOLE-- [fill = 0]
                  000076a0    00000030     rtos_pem4f.oem4f (.text:ti_sysbios_BIOS_atExitFunc__I)
                  000076d0    00000030     BIOS.obj (.text:ti_sysbios_family_arm_lm4_Timer_stop__E)
                  00007700    00000030     BIOS.obj (.text:ti_sysbios_family_arm_m3_TaskSupport_start__E)
                  00007730    00000030     rtos_pem4f.oem4f (.text:ti_sysbios_gates_GateHwi_Object__create__S)
                  00007760    00000030     rtos_pem4f.oem4f (.text:ti_sysbios_gates_GateMutex_Object__create__S)
                  00007790    00000030     rtos_pem4f.oem4f (.text:ti_sysbios_heaps_HeapMem_Object__create__S)
                  000077c0    00000030     BIOS.obj (.text:ti_sysbios_knl_Mailbox_postInit__I)
                  000077f0    00000030     rtos_pem4f.oem4f (.text:ti_sysbios_knl_Semaphore_construct)
                  00007820    00000030     BIOS.obj (.text:ti_sysbios_knl_Semaphore_pendTimeout__I)
                  00007850    00000030     BIOS.obj (.text:ti_sysbios_knl_Task_unblockI__E)
                  00007880    00000030     ti.targets.arm.rtsarm.aem4f : SysMin.oem4f (.text:xdc_runtime_SysMin_abort__E)
                  000078b0    00000030                                 : System.oem4f (.text:xdc_runtime_System_processAtExit__E)
                  000078e0    0000002e     driverlib.lib : adc.obj (.text:ADCIntStatus)
                  0000790e    0000002e     grlib.lib : string.obj (.text:GrStringNextCharGet)
                  0000793c    0000002e     rtsv7M4_T_le_v4SPD16_eabi.lib : i_tofd_t2.asm.obj (.text)
                  0000796a    00000006     --HOLE-- [fill = 0]
                  00007970    0000002c     display.obj (.text:display_init)
                  0000799c    00000004     --HOLE-- [fill = 0]
                  000079a0    0000002c     rtos_pem4f.oem4f (.text:ti_sysbios_knl_Clock_doTick__I)
                  000079cc    00000004     --HOLE-- [fill = 0]
                  000079d0    0000002c     rtos_pem4f.oem4f (.text:ti_sysbios_knl_Queue_construct)
                  000079fc    00000004     --HOLE-- [fill = 0]
                  00007a00    0000002c     BIOS.obj (.text:ti_sysbios_knl_Task_restore__E)
                  00007a2c    0000002c     ti.targets.arm.rtsarm.aem4f : Text.oem4f (.text:xdc_runtime_Text_cordText__E)
                  00007a58    0000002a     driverlib.lib : gpio.obj (.text:GPIODirModeSet)
                  00007a82    0000002a     ti.targets.arm.rtsarm.aem4f : System.oem4f (.text:xdc_runtime_System_putchar__I)
                  00007aac    00000004     --HOLE-- [fill = 0]
                  00007ab0    00000028     BIOS.obj (.text:ti_sysbios_knl_Clock_addI__E)
                  00007ad8    00000028     BIOS.obj (.text:ti_sysbios_knl_Swi_Module_startup__E)
                  00007b00    00000026     grlib.lib : string.obj (.text:GrFontInfoGet)
                  00007b26    00000026     m3_Hwi_asm.obj (.text:ti_sysbios_family_arm_m3_Hwi_pendSV__I)
                  00007b4c    00000026     ti.targets.arm.rtsarm.aem4f : System.oem4f (.text:xdc_runtime_System_avprintf__E)
                  00007b72    00000006     --HOLE-- [fill = 0]
                  00007b78    00000024     rtos_pem4f.oem4f (.text:ti_sysbios_BIOS_errorRaiseHook__I)
                  00007b9c    00000004     --HOLE-- [fill = 0]
                  00007ba0    00000024     rtos_pem4f.oem4f (.text:ti_sysbios_BIOS_registerRTSLock__I)
                  00007bc4    00000004     --HOLE-- [fill = 0]
                  00007bc8    00000024     rtos_pem4f.oem4f (.text:ti_sysbios_BIOS_removeRTSLock__I)
                  00007bec    00000004     --HOLE-- [fill = 0]
                  00007bf0    00000024     rtos_pem4f.oem4f (.text:ti_sysbios_BIOS_startFunc__I)
                  00007c14    00000004     --HOLE-- [fill = 0]
                  00007c18    00000024     rtos_pem4f.oem4f (.text:ti_sysbios_gates_GateMutex_Object__delete__S)
                  00007c3c    00000004     --HOLE-- [fill = 0]
                  00007c40    00000024     BIOS.obj (.text:ti_sysbios_knl_Clock_Module_startup__E)
                  00007c64    00000004     --HOLE-- [fill = 0]
                  00007c68    00000024     BIOS.obj (.text:ti_sysbios_knl_Task_restoreHwi__E)
                  00007c8c    00000024     ti.targets.arm.rtsarm.aem4f : System.oem4f (.text:xdc_runtime_System_vprintf__E)
                  00007cb0    00000022     grlib.lib : string.obj (.text:GrFontGlyphDataGet)
                  00007cd2    00000022     driverlib.lib : pwm.obj (.text:PWMGenConfigure)
                  00007cf4    00000004     --HOLE-- [fill = 0]
                  00007cf8    00000022     main.obj (.text:main)
                  00007d1a    00000006     --HOLE-- [fill = 0]
                  00007d20    00000022     BIOS.obj (.text:ti_sysbios_family_arm_lm4_Timer_write__I)
                  00007d42    00000006     --HOLE-- [fill = 0]
                  00007d48    00000022     rtos_pem4f.oem4f (.text:xdc_runtime_SysMin_output__I)
                  00007d6a    00000002     --HOLE-- [fill = 0]
                  00007d6c    00000020     Boot.aem4f : Boot_sysctl.oem4f (.text:_SysCtlMemTimingGet)
                  00007d8c    00000020     rtsv7M4_T_le_v4SPD16_eabi.lib : u_tofd_t2.asm.obj (.text)
                  00007dac    00000004     --HOLE-- [fill = 0]
                  00007db0    00000020     rtos_pem4f.oem4f (.text:ti_sysbios_BIOS_rtsLock__I)
                  00007dd0    00000020     m3_Hwi_asm.obj (.text:ti_sysbios_family_arm_m3_Hwi_excHandlerAsm__I)
                  00007df0    00000020     BIOS.obj (.text:ti_sysbios_family_arm_m3_Hwi_excHandler__I)
                  00007e10    00000020     rtos_pem4f.oem4f (.text:ti_sysbios_gates_GateHwi_Object__delete__S)
                  00007e30    00000020     rtos_pem4f.oem4f (.text:ti_sysbios_heaps_HeapMem_Object__delete__S)
                  00007e50    00000020     BIOS.obj (.text:ti_sysbios_knl_Idle_run__E)
                  00007e70    00000020     rtos_pem4f.oem4f (.text:ti_sysbios_knl_Semaphore_Object__destruct__S)
                  00007e90    00000020     ti.targets.arm.rtsarm.aem4f : Registry.oem4f (.text:xdc_runtime_Registry_findById__E)
                  00007eb0    00000020                                 : SysMin.oem4f (.text:xdc_runtime_SysMin_Module_startup__E)
                  00007ed0    0000001e     driverlib.lib : adc.obj (.text:ADCSequenceDataGet)
                  00007eee    00000002     --HOLE-- [fill = 0]
                  00007ef0    0000001e     Crystalfontz128x128_ST7735.obj (.text:Crystalfontz128x128_ColorTranslate)
                  00007f0e    0000001e     grlib.lib : string.obj (.text:GrFontCodepageGet)
                  00007f2c    0000001e     driverlib.lib : pwm.obj (.text:PWMPulseWidthSet)
                  00007f4a    0000001e     m3_Hwi_asm_switch.obj (.text:ti_sysbios_family_xxx_Hwi_switchAndRunFunc)
                  00007f68    0000001c     Crystalfontz128x128_ST7735.obj (.text:Crystalfontz128x128_LineDrawV)
                  00007f84    0000001c     rtsv7M4_T_le_v4SPD16_eabi.lib : memccpy.c.obj (.text:memccpy)
                  00007fa0    0000001c     BIOS.obj (.text:ti_sysbios_gates_GateMutex_Instance_init__E)
                  00007fbc    00000004     --HOLE-- [fill = 0]
                  00007fc0    0000001c     rtos_pem4f.oem4f (.text:ti_sysbios_knl_Queue_Object__destruct__S)
                  00007fdc    00000004     --HOLE-- [fill = 0]
                  00007fe0    0000001c     BIOS.obj (.text:ti_sysbios_knl_Queue_get__E)
                  00007ffc    00000004     --HOLE-- [fill = 0]
                  00008000    0000001c     BIOS.obj (.text:ti_sysbios_knl_Queue_put__E)
                  0000801c    00000004     --HOLE-- [fill = 0]
                  00008020    0000001c     BIOS.obj (.text:ti_sysbios_knl_Task_enter__I)
                  0000803c    0000001c     ti.targets.arm.rtsarm.aem4f : Error.oem4f (.text:xdc_runtime_Error_raiseX__E)
                  00008058    0000001c                                 : Memory.oem4f (.text:xdc_runtime_Memory_valloc__E)
                  00008074    0000001c                                 : SysMin.oem4f (.text:xdc_runtime_SysMin_exit__E)
                  00008090    0000001c                                 : System.oem4f (.text:xdc_runtime_System_abort__E)
                  000080ac    0000001a     rtsv7M4_T_le_v4SPD16_eabi.lib : s_copysign.c.obj (.text:copysign)
                  000080c6    00000002     --HOLE-- [fill = 0]
                  000080c8    0000001a     rtos_pem4f.oem4f (.text:ti_sysbios_family_arm_m3_Hwi_Handle__label__S)
                  000080e2    00000006     --HOLE-- [fill = 0]
                  000080e8    0000001a     rtos_pem4f.oem4f (.text:ti_sysbios_gates_GateHwi_Handle__label__S)
                  00008102    00000006     --HOLE-- [fill = 0]
                  00008108    0000001a     rtos_pem4f.oem4f (.text:ti_sysbios_gates_GateMutex_Handle__label__S)
                  00008122    00000006     --HOLE-- [fill = 0]
                  00008128    0000001a     rtos_pem4f.oem4f (.text:ti_sysbios_heaps_HeapMem_Handle__label__S)
                  00008142    00000006     --HOLE-- [fill = 0]
                  00008148    0000001a     rtos_pem4f.oem4f (.text:ti_sysbios_knl_Swi_Handle__label__S)
                  00008162    00000006     --HOLE-- [fill = 0]
                  00008168    0000001a     rtos_pem4f.oem4f (.text:ti_sysbios_knl_Task_Handle__label__S)
                  00008182    00000006     --HOLE-- [fill = 0]
                  00008188    0000001a     rtos_pem4f.oem4f (.text:xdc_runtime_System_aprintf__E)
                  000081a2    00000006     --HOLE-- [fill = 0]
                  000081a8    0000001a     rtos_pem4f.oem4f (.text:xdc_runtime_System_printf__E)
                  000081c2    00000018     driverlib.lib : adc.obj (.text:ADCClockConfigSet)
                  000081da    00000018                   : adc.obj (.text:ADCProcessorTrigger)
                  000081f2    00000018                   : gpio.obj (.text:GPIOPinTypeGPIOOutput)
                  0000820a    00000002     --HOLE-- [fill = 0]
                  0000820c    00000018     rtsv7M4_T_le_v4SPD16_eabi.lib : args_main.c.obj (.text:_args_main)
                  00008224    00000018                                   : snprintf.c.obj (.text:_outc)
                  0000823c    00000004     --HOLE-- [fill = 0]
                  00008240    00000018     rtos_pem4f.oem4f (.text:ti_sysbios_BIOS_rtsUnlock__I)
                  00008258    00000018     rtos_pem4f.oem4f (.text:ti_sysbios_family_arm_lm4_Timer_Module__startupDone__F)
                  00008270    00000018     rtos_pem4f.oem4f (.text:ti_sysbios_family_arm_m3_Hwi_Module__startupDone__F)
                  00008288    00000018     m3_TaskSupport_asm.obj (.text:ti_sysbios_family_arm_m3_TaskSupport_swap__E)
                  000082a0    00000018     BIOS.obj (.text:ti_sysbios_gates_GateMutex_leave__E)
                  000082b8    00000018     ti.targets.arm.rtsarm.aem4f : Error.oem4f (.text:xdc_runtime_Error_check__E)
                  000082d0    00000018                                 : System.oem4f (.text:xdc_runtime_System_exit__E)
                  000082e8    00000018                                 : Text.oem4f (.text:xdc_runtime_Text_ropeText__E)
                  00008300    00000016     grlib.lib : string.obj (.text:GrStringDraw)
                  00008316    00000016     rtsv7M4_T_le_v4SPD16_eabi.lib : strchr.c.obj (.text:strchr)
                  0000832c    00000004     --HOLE-- [fill = 0]
                  00008330    00000016     rtos_pem4f.oem4f (.text:ti_sysbios_BIOS_exitFunc__I)
                  00008346    00000002     --HOLE-- [fill = 0]
                  00008348    00000016     BIOS.obj (.text:ti_sysbios_knl_Task_unblock__E)
                  0000835e    00000002     --HOLE-- [fill = 0]
                  00008360    00000014     Crystalfontz128x128_ST7735.obj (.text:Crystalfontz128x128_PixelDraw)
                  00008374    00000014     driverlib.lib : pwm.obj (.text:PWMClockSet)
                  00008388    00000014                   : timer.obj (.text:TimerDisable)
                  0000839c    00000014     rtsv7M4_T_le_v4SPD16_eabi.lib : strlen.c.obj (.text:strlen)
                  000083b0    00000014     rtos_pem4f.oem4f (.text:ti_sysbios_family_arm_m3_Hwi_Object__get__S)
                  000083c4    00000004     --HOLE-- [fill = 0]
                  000083c8    00000014     BIOS.obj (.text:ti_sysbios_family_arm_m3_Hwi_switchFromBootStack__E)
                  000083dc    00000004     --HOLE-- [fill = 0]
                  000083e0    00000014     rtos_pem4f.oem4f (.text:ti_sysbios_heaps_HeapMem_Object__get__S)
                  000083f4    00000004     --HOLE-- [fill = 0]
                  000083f8    00000014     rtos_pem4f.oem4f (.text:ti_sysbios_knl_Mailbox_Object__get__S)
                  0000840c    00000004     --HOLE-- [fill = 0]
                  00008410    00000014     rtos_pem4f.oem4f (.text:ti_sysbios_knl_Swi_Object__get__S)
                  00008424    00000012     driverlib.lib : gpio.obj (.text:GPIOPinTypeADC)
                  00008436    00000012                   : gpio.obj (.text:GPIOPinTypeGPIOInput)
                  00008448    00000012                   : gpio.obj (.text:GPIOPinTypePWM)
                  0000845a    00000012                   : gpio.obj (.text:GPIOPinTypeSSI)
                  0000846c    00000012                   : pwm.obj (.text:PWMOutputState)
                  0000847e    00000012                   : timer.obj (.text:TimerLoadSet)
                  00008490    00000012     BIOS.obj (.text:ti_sysbios_hal_Hwi_Module_startup__E)
                  000084a2    00000012     rtsv7M4_T_le_v4SPD16_eabi.lib : wcslen.c.obj (.text:wcslen)
                  000084b4    00000004     --HOLE-- [fill = 0]
                  000084b8    00000012     rtos_pem4f.oem4f (.text:xdc_runtime_Startup_exec__I)
                  000084ca    00000006     --HOLE-- [fill = 0]
                  000084d0    00000010     rtos_pem4f.oem4f (.text:.bootCodeSection:ti_catalog_arm_cortexm4_tiva_ce_Boot_init__I)
                  000084e0    00000010     driverlib.lib : adc.obj (.text:ADCIntEnable)
                  000084f0    00000010                   : interrupt.obj (.text:IntMasterDisable)
                  00008500    00000010                   : interrupt.obj (.text:IntMasterEnable)
                  00008510    00000010                   : pwm.obj (.text:PWMGenPeriodSet)
                  00008520    00000010     BIOS.obj (.text:ti_sysbios_BIOS_setThreadType__E)
                  00008530    00000010     BIOS.obj (.text:ti_sysbios_BIOS_start__E)
                  00008540    00000010     m3_TaskSupport_asm.obj (.text:ti_sysbios_family_arm_m3_TaskSupport_glue)
                  00008550    00000010     BIOS.obj (.text:ti_sysbios_gates_GateMutex_Instance_finalize__E)
                  00008560    00000010     BIOS.obj (.text:ti_sysbios_knl_Semaphore_Instance_finalize__E)
                  00008570    00000010     BIOS.obj (.text:ti_sysbios_knl_Swi_disable__E)
                  00008580    00000010     rtos_pem4f.oem4f (.text:ti_sysbios_knl_Task_Object__get__S)
                  00008590    00000010     BIOS.obj (.text:ti_sysbios_knl_Task_disable__E)
                  000085a0    00000010     ti.targets.arm.rtsarm.aem4f : Gate.oem4f (.text:xdc_runtime_Gate_leaveSystem__E)
                  000085b0    00000010                                 : Memory.oem4f (.text:xdc_runtime_Memory_free__E)
                  000085c0    00000010                                 : SysMin.oem4f (.text:xdc_runtime_SysMin_ready__E)
                  000085d0    00000010                                 : System.oem4f (.text:xdc_runtime_System_vsnprintf__E)
                  000085e0    00000010     rtos_pem4f.oem4f (.text:xdc_runtime_Text_visitRope__I)
                  000085f0    0000000e     driverlib.lib : adc.obj (.text:ADCSequenceDisable)
                  000085fe    0000000e                   : adc.obj (.text:ADCSequenceEnable)
                  0000860c    0000000e                   : timer.obj (.text:TimerEnable)
                  0000861a    0000000e     rtsv7M4_T_le_v4SPD16_eabi.lib : copy_decompress_none.c.obj (.text:decompress:none:__TI_decompress_none)
                  00008628    0000000e     BIOS.obj (.text:ti_sysbios_knl_Idle_loop__E)
                  00008636    00000002     --HOLE-- [fill = 0]
                  00008638    0000000e     BIOS.obj (.text:ti_sysbios_knl_Queue_empty__E)
                  00008646    0000000c     driverlib.lib : cpu.obj (.text:CPUcpsid)
                  00008652    0000000c                   : cpu.obj (.text:CPUcpsie)
                  0000865e    00000002     --HOLE-- [fill = 0]
                  00008660    0000000c     HAL_EK_TM4C1294XL_Crystalfontz128x128_ST7735.obj (.text:HAL_LCD_writeData)
                  0000866c    0000000c     driverlib.lib : pwm.obj (.text:PWMGenEnable)
                  00008678    0000000c     rtsv7M4_T_le_v4SPD16_eabi.lib : _lock.c.obj (.text:_register_lock)
                  00008684    0000000c                                   : _lock.c.obj (.text:_register_unlock)
                  00008690    0000000c     buttons.obj (.text:button_clock_func)
                  0000869c    0000000c     rtsv7M4_T_le_v4SPD16_eabi.lib : copy_zero_init.c.obj (.text:decompress:ZI:__TI_zero_init)
                  000086a8    0000000c     BIOS.obj (.text:ti_sysbios_family_arm_lm4_Timer_getMaxTicks__E)
                  000086b4    00000004     --HOLE-- [fill = 0]
                  000086b8    0000000c     BIOS.obj (.text:ti_sysbios_family_arm_m3_TaskSupport_checkStack__E)
                  000086c4    00000004     --HOLE-- [fill = 0]
                  000086c8    0000000c     BIOS.obj (.text:ti_sysbios_gates_GateHwi_enter__E)
                  000086d4    00000004     --HOLE-- [fill = 0]
                  000086d8    0000000c     rtos_pem4f.oem4f (.text:ti_sysbios_knl_Queue_Object__get__S)
                  000086e4    0000000c     ti.targets.arm.rtsarm.aem4f : Error.oem4f (.text:xdc_runtime_Error_init__E)
                  000086f0    0000000c                                 : Gate.oem4f (.text:xdc_runtime_Gate_enterSystem__E)
                  000086fc    0000000c                                 : Memory.oem4f (.text:xdc_runtime_Memory_calloc__E)
                  00008708    0000000c                                 : Memory.oem4f (.text:xdc_runtime_Memory_getMaxDefaultTypeAlign__E)
                  00008714    0000000a     driverlib.lib : adc.obj (.text:ADCIntClear)
                  0000871e    0000000a                   : ssi.obj (.text:SSIDataPut)
                  00008728    0000000a                   : ssi.obj (.text:SSIEnable)
                  00008732    0000000a                   : timer.obj (.text:TimerIntStatus)
                  0000873c    00000004     --HOLE-- [fill = 0]
                  00008740    0000000a     rtos_pem4f.oem4f (.text:xdc_runtime_IHeap_alloc)
                  0000874a    00000006     --HOLE-- [fill = 0]
                  00008750    0000000a     rtos_pem4f.oem4f (.text:xdc_runtime_IHeap_free)
                  0000875a    00000008     grlib.lib : charmap.obj (.text:GrMapISO8859_1_Unicode)
                  00008762    00000008     driverlib.lib : ssi.obj (.text:SSIBusy)
                  0000876a    00000002     --HOLE-- [fill = 0]
                  0000876c    00000008     rtsv7M4_T_le_v4SPD16_eabi.lib : errno.c.obj (.text:__aeabi_errno_addr)
                  00008774    00000008     BIOS.obj (.text:ti_sysbios_family_arm_lm4_Timer_masterDisable__I)
                  0000877c    00000004     --HOLE-- [fill = 0]
                  00008780    00000008     BIOS.obj (.text:ti_sysbios_family_arm_m3_Hwi_doSwiRestore__I)
                  00008788    00000008     BIOS.obj (.text:ti_sysbios_family_arm_m3_Hwi_startup__E)
                  00008790    00000006     BIOS.obj (.text:ti_sysbios_family_arm_lm4_TimestampProvider_Module_startup__E)
                  00008796    00000002     --HOLE-- [fill = 0]
                  00008798    00000006     BIOS.obj (.text:ti_sysbios_family_arm_m3_Hwi_doTaskRestore__I)
                  0000879e    00000002     --HOLE-- [fill = 0]
                  000087a0    00000006     BIOS.obj (.text:ti_sysbios_gates_GateHwi_leave__E)
                  000087a6    00000002     --HOLE-- [fill = 0]
                  000087a8    00000006     BIOS.obj (.text:ti_sysbios_heaps_HeapMem_isBlocking__E)
                  000087ae    00000002     --HOLE-- [fill = 0]
                  000087b0    00000006     BIOS.obj (.text:ti_sysbios_knl_Queue_Instance_init__E)
                  000087b6    00000002     --HOLE-- [fill = 0]
                  000087b8    00000006     BIOS.obj (.text:ti_sysbios_knl_Swi_startup__E)
                  000087be    00000002     --HOLE-- [fill = 0]
                  000087c0    00000004     rtos_pem4f.oem4f (.text:ti_sysbios_BIOS_RtsGateProxy_enter__E)
                  000087c4    00000004     --HOLE-- [fill = 0]
                  000087c8    00000004     rtos_pem4f.oem4f (.text:ti_sysbios_BIOS_RtsGateProxy_leave__E)
                  000087cc    00000004     --HOLE-- [fill = 0]
                  000087d0    00000004     rtos_pem4f.oem4f (.text:ti_sysbios_family_arm_m3_TaskSupport_Module__startupDone__S)
                  000087d4    00000004     --HOLE-- [fill = 0]
                  000087d8    00000004     BIOS.obj (.text:ti_sysbios_gates_GateHwi_query__E)
                  000087dc    00000004     --HOLE-- [fill = 0]
                  000087e0    00000004     BIOS.obj (.text:ti_sysbios_gates_GateMutex_query__E)
                  000087e4    00000004     --HOLE-- [fill = 0]
                  000087e8    00000004     rtos_pem4f.oem4f (.text:ti_sysbios_heaps_HeapMem_Module_GateProxy_enter__E)
                  000087ec    00000004     --HOLE-- [fill = 0]
                  000087f0    00000004     rtos_pem4f.oem4f (.text:ti_sysbios_heaps_HeapMem_Module_GateProxy_leave__E)
                  000087f4    00000004     --HOLE-- [fill = 0]
                  000087f8    00000004     rtos_pem4f.oem4f (.text:ti_sysbios_knl_Clock_TimerProxy_getMaxTicks__E)
                  000087fc    00000004     --HOLE-- [fill = 0]
                  00008800    00000004     rtos_pem4f.oem4f (.text:ti_sysbios_knl_Queue_destruct)
                  00008804    00000004     --HOLE-- [fill = 0]
                  00008808    00000004     rtos_pem4f.oem4f (.text:ti_sysbios_knl_Semaphore_destruct)
                  0000880c    00000004     --HOLE-- [fill = 0]
                  00008810    00000004     BIOS.obj (.text:ti_sysbios_knl_Task_startup__E)
                  00008814    00000004     --HOLE-- [fill = 0]
                  00008818    00000004     rtos_pem4f.oem4f (.text:xdc_runtime_System_Module_GateProxy_enter__E)
                  0000881c    00000004     --HOLE-- [fill = 0]
                  00008820    00000004     rtos_pem4f.oem4f (.text:xdc_runtime_System_Module_GateProxy_leave__E)
                  00008824    00000004     --HOLE-- [fill = 0]
                  00008828    00000002     rtos_pem4f.oem4f (.text:ti_sysbios_BIOS_nullFunc__I)
                  0000882a    00000006     --HOLE-- [fill = 0]
                  00008830    00000002     BIOS.obj (.text:ti_sysbios_gates_GateHwi_Instance_init__E)
                  00008832    00000006     --HOLE-- [fill = 0]
                  00008838    00000002     BIOS.obj (.text:ti_sysbios_knl_Clock_logTick__E)
                  0000883a    00000006     --HOLE-- [fill = 0]
                  00008840    00000002     rtos_pem4f.oem4f (.text:xdc_runtime_Startup_reset__I)

.const     0    00008844    00002630     
                  00008844    000019a2     rtos_pem4f.oem4f (.const:xdc_runtime_Text_charTab__A)
                  0000a1e6    000002f8     grlib.lib : fontfixed6x8.obj (.const:.string:g_pui8FontFixed6x8Data)
                  0000a4de    00000002     rtos_pem4f.oem4f (.const:ti_catalog_arm_cortexm4_tiva_ce_Boot_Module__id__C)
                  0000a4e0    00000120     Boot.aem4f : Boot_sysctl.oem4f (.const:g_pppui32XTALtoVCO)
                  0000a600    00000101     rtsv7M4_T_le_v4SPD16_eabi.lib : ctype.c.obj (.const:.string:_ctypes_)
                  0000a701    00000001     rtos_pem4f.oem4f (.const:xdc_runtime_Error_policy__C)
                  0000a702    00000002     rtos_pem4f.oem4f (.const:ti_sysbios_family_arm_lm4_TimestampProvider_Module__id__C)
                  0000a704    000000c8     grlib.lib : fontfixed6x8.obj (.const:g_sFontFixed6x8)
                  0000a7cc    000000c8     rtos_pem4f.oem4f (.const:xdc_runtime_Text_nodeTab__A)
                  0000a894    00000090     driverlib.lib : gpio.obj (.const:g_pui32GPIOBaseAddrs)
                  0000a924    0000006c     Boot.aem4f : Boot_sysctl.oem4f (.const:g_pui32Xtals)
                  0000a990    00000048     rtos_pem4f.oem4f (.const:.string)
                  0000a9d8    00000030     Boot.aem4f : Boot_sysctl.oem4f (.const:g_sXTALtoMEMTIM)
                  0000aa08    00000030     rtos_pem4f.oem4f (.const)
                  0000aa38    00000028     Crystalfontz128x128_ST7735.obj (.const:g_sCrystalfontz128x128)
                  0000aa60    00000028     rtos_pem4f.oem4f (.const:ti_sysbios_heaps_HeapMem_Module__FXNS__C)
                  0000aa88    00000028     rtos_pem4f.oem4f (.const:xdc_runtime_Startup_sfxnTab__A)
                  0000aab0    00000024     rtos_pem4f.oem4f (.const:ti_sysbios_gates_GateHwi_Module__FXNS__C)
                  0000aad4    00000024     rtos_pem4f.oem4f (.const:ti_sysbios_gates_GateMutex_Module__FXNS__C)
                  0000aaf8    00000024     rtos_pem4f.oem4f (.const:ti_sysbios_heaps_HeapMem_Object__PARAMS__C)
                  0000ab1c    00000024     rtos_pem4f.oem4f (.const:ti_sysbios_knl_Semaphore_Object__PARAMS__C)
                  0000ab40    00000020     rtos_pem4f.oem4f (.const:ti_sysbios_gates_GateHwi_Object__DESC__C)
                  0000ab60    00000020     rtos_pem4f.oem4f (.const:ti_sysbios_gates_GateMutex_Object__DESC__C)
                  0000ab80    00000020     rtos_pem4f.oem4f (.const:ti_sysbios_heaps_HeapMem_Object__DESC__C)
                  0000aba0    00000020     rtos_pem4f.oem4f (.const:ti_sysbios_knl_Queue_Object__DESC__C)
                  0000abc0    00000020     rtos_pem4f.oem4f (.const:ti_sysbios_knl_Semaphore_Object__DESC__C)
                  0000abe0    00000018     shared_state.obj (.const:TIME_SCALES)
                  0000abf8    00000018     rtos_pem4f.oem4f (.const:ti_sysbios_gates_GateHwi_Object__PARAMS__C)
                  0000ac10    00000018     rtos_pem4f.oem4f (.const:ti_sysbios_gates_GateMutex_Object__PARAMS__C)
                  0000ac28    00000018     rtos_pem4f.oem4f (.const:ti_sysbios_knl_Queue_Object__PARAMS__C)
                  0000ac40    00000018     rtos_pem4f.oem4f (.const:xdc_runtime_Startup_firstFxns__A)
                  0000ac58    00000014     shared_state.obj (.const:VOLTAGE_SCALES)
                  0000ac6c    00000014     rtos_pem4f.oem4f (.const:xdc_runtime_Startup_sfxnRts__A)
                  0000ac80    00000010     grlib.lib : context.obj (.const)
                  0000ac90    00000008     Boot.aem4f : Boot_sysctl.oem4f (.const)
                  0000ac98    00000008     shared_state.obj (.const)
                  0000aca0    00000008     rtos_pem4f.oem4f (.const:ti_sysbios_family_arm_m3_Hwi_excHookFuncs__A)
                  0000aca8    00000008     rtos_pem4f.oem4f (.const:ti_sysbios_knl_Idle_funcList__C)
                  0000acb0    00000008     rtos_pem4f.oem4f (.const:xdc_runtime_Startup_firstFxns__C)
                  0000acb8    00000008     rtos_pem4f.oem4f (.const:xdc_runtime_Startup_lastFxns__C)
                  0000acc0    00000004     rtos_pem4f.oem4f (.const:ti_catalog_arm_cortexm4_tiva_ce_Boot_A_mustNotUseEnhancedClockMode__C)
                  0000acc4    00000004     rtos_pem4f.oem4f (.const:ti_catalog_arm_cortexm4_tiva_ce_Boot_Module__diagsEnabled__C)
                  0000acc8    00000004     rtos_pem4f.oem4f (.const:ti_catalog_arm_cortexm4_tiva_ce_Boot_Module__diagsIncluded__C)
                  0000accc    00000004     rtos_pem4f.oem4f (.const:ti_catalog_arm_cortexm4_tiva_ce_Boot_Module__diagsMask__C)
                  0000acd0    00000004     rtos_pem4f.oem4f (.const:ti_sysbios_family_arm_lm4_Timer_enableFunc__C)
                  0000acd4    00000004     rtos_pem4f.oem4f (.const:ti_sysbios_family_arm_lm4_Timer_numTimerDevices__C)
                  0000acd8    00000004     rtos_pem4f.oem4f (.const:ti_sysbios_family_arm_lm4_Timer_startupNeeded__C)
                  0000acdc    00000004     rtos_pem4f.oem4f (.const:ti_sysbios_family_arm_lm4_TimestampProvider_Module__diagsEnabled__C)
                  0000ace0    00000004     rtos_pem4f.oem4f (.const:ti_sysbios_family_arm_lm4_TimestampProvider_Module__diagsIncluded__C)
                  0000ace4    00000004     rtos_pem4f.oem4f (.const:ti_sysbios_family_arm_lm4_TimestampProvider_Module__diagsMask__C)
                  0000ace8    00000004     rtos_pem4f.oem4f (.const:ti_sysbios_family_arm_m3_Hwi_E_NMI__C)
                  0000acec    00000004     rtos_pem4f.oem4f (.const:ti_sysbios_family_arm_m3_Hwi_E_busFault__C)
                  0000acf0    00000004     rtos_pem4f.oem4f (.const:ti_sysbios_family_arm_m3_Hwi_E_debugMon__C)
                  0000acf4    00000004     rtos_pem4f.oem4f (.const:ti_sysbios_family_arm_m3_Hwi_E_hardFault__C)
                  0000acf8    00000004     rtos_pem4f.oem4f (.const:ti_sysbios_family_arm_m3_Hwi_E_memFault__C)
                  0000acfc    00000004     rtos_pem4f.oem4f (.const:ti_sysbios_family_arm_m3_Hwi_E_noIsr__C)
                  0000ad00    00000004     rtos_pem4f.oem4f (.const:ti_sysbios_family_arm_m3_Hwi_E_reserved__C)
                  0000ad04    00000004     rtos_pem4f.oem4f (.const:ti_sysbios_family_arm_m3_Hwi_E_svCall__C)
                  0000ad08    00000004     rtos_pem4f.oem4f (.const:ti_sysbios_family_arm_m3_Hwi_E_usageFault__C)
                  0000ad0c    00000004     rtos_pem4f.oem4f (.const:ti_sysbios_family_arm_m3_Hwi_NUM_INTERRUPTS__C)
                  0000ad10    00000004     rtos_pem4f.oem4f (.const:ti_sysbios_family_arm_m3_Hwi_Object__count__C)
                  0000ad14    00000004     rtos_pem4f.oem4f (.const:ti_sysbios_family_arm_m3_Hwi_ccr__C)
                  0000ad18    00000004     rtos_pem4f.oem4f (.const:ti_sysbios_family_arm_m3_Hwi_excHandlerFunc__C)
                  0000ad1c    00000004     rtos_pem4f.oem4f (.const:ti_sysbios_family_arm_m3_Hwi_excHookFuncs__C)
                  0000ad20    00000004     rtos_pem4f.oem4f (.const:ti_sysbios_family_arm_m3_Hwi_nullIsrFunc__C)
                  0000ad24    00000004     rtos_pem4f.oem4f (.const:ti_sysbios_family_arm_m3_Hwi_priGroup__C)
                  0000ad28    00000004     rtos_pem4f.oem4f (.const:ti_sysbios_gates_GateMutex_A_badContext__C)
                  0000ad2c    00000004     rtos_pem4f.oem4f (.const:ti_sysbios_gates_GateMutex_Instance_State_sem__O)
                  0000ad30    00000004     rtos_pem4f.oem4f (.const:ti_sysbios_gates_GateMutex_Module__diagsEnabled__C)
                  0000ad34    00000004     rtos_pem4f.oem4f (.const:ti_sysbios_gates_GateMutex_Module__diagsIncluded__C)
                  0000ad38    00000004     rtos_pem4f.oem4f (.const:ti_sysbios_gates_GateMutex_Module__diagsMask__C)
                  0000ad3c    00000004     rtos_pem4f.oem4f (.const:ti_sysbios_hal_Hwi_E_stackOverflow__C)
                  0000ad40    00000004     rtos_pem4f.oem4f (.const:ti_sysbios_heaps_HeapMem_A_align__C)
                  0000ad44    00000004     rtos_pem4f.oem4f (.const:ti_sysbios_heaps_HeapMem_A_heapSize__C)
                  0000ad48    00000004     rtos_pem4f.oem4f (.const:ti_sysbios_heaps_HeapMem_A_invalidFree__C)
                  0000ad4c    00000004     rtos_pem4f.oem4f (.const:ti_sysbios_heaps_HeapMem_A_zeroBlock__C)
                  0000ad50    00000004     rtos_pem4f.oem4f (.const:ti_sysbios_heaps_HeapMem_E_memory__C)
                  0000ad54    00000004     rtos_pem4f.oem4f (.const:ti_sysbios_heaps_HeapMem_Module__diagsEnabled__C)
                  0000ad58    00000004     rtos_pem4f.oem4f (.const:ti_sysbios_heaps_HeapMem_Module__diagsIncluded__C)
                  0000ad5c    00000004     rtos_pem4f.oem4f (.const:ti_sysbios_heaps_HeapMem_Module__diagsMask__C)
                  0000ad60    00000004     rtos_pem4f.oem4f (.const:ti_sysbios_heaps_HeapMem_Module__gateObj__C)
                  0000ad64    00000004     rtos_pem4f.oem4f (.const:ti_sysbios_heaps_HeapMem_Object__count__C)
                  0000ad68    00000004     rtos_pem4f.oem4f (.const:ti_sysbios_heaps_HeapMem_reqAlign__C)
                  0000ad6c    00000004     rtos_pem4f.oem4f (.const:ti_sysbios_knl_Clock_Module_State_clockQ__O)
                  0000ad70    00000004     rtos_pem4f.oem4f (.const:ti_sysbios_knl_Idle_funcList__A)
                  0000ad74    00000004     rtos_pem4f.oem4f (.const:ti_sysbios_knl_Mailbox_Instance_State_dataQue__O)
                  0000ad78    00000004     rtos_pem4f.oem4f (.const:ti_sysbios_knl_Mailbox_Instance_State_dataSem__O)
                  0000ad7c    00000004     rtos_pem4f.oem4f (.const:ti_sysbios_knl_Mailbox_Instance_State_freeQue__O)
                  0000ad80    00000004     rtos_pem4f.oem4f (.const:ti_sysbios_knl_Mailbox_Instance_State_freeSem__O)
                  0000ad84    00000004     rtos_pem4f.oem4f (.const:ti_sysbios_knl_Mailbox_Object__count__C)
                  0000ad88    00000004     rtos_pem4f.oem4f (.const:ti_sysbios_knl_Mailbox_maxTypeAlign__C)
                  0000ad8c    00000004     rtos_pem4f.oem4f (.const:ti_sysbios_knl_Semaphore_A_badContext__C)
                  0000ad90    00000004     rtos_pem4f.oem4f (.const:ti_sysbios_knl_Semaphore_A_noEvents__C)
                  0000ad94    00000004     rtos_pem4f.oem4f (.const:ti_sysbios_knl_Semaphore_A_overflow__C)
                  0000ad98    00000004     rtos_pem4f.oem4f (.const:ti_sysbios_knl_Semaphore_A_pendTaskDisabled__C)
                  0000ad9c    00000004     rtos_pem4f.oem4f (.const:ti_sysbios_knl_Semaphore_Instance_State_pendQ__O)
                  0000ada0    00000004     rtos_pem4f.oem4f (.const:ti_sysbios_knl_Semaphore_Module__diagsEnabled__C)
                  0000ada4    00000004     rtos_pem4f.oem4f (.const:ti_sysbios_knl_Semaphore_Module__diagsIncluded__C)
                  0000ada8    00000004     rtos_pem4f.oem4f (.const:ti_sysbios_knl_Semaphore_Module__diagsMask__C)
                  0000adac    00000004     rtos_pem4f.oem4f (.const:ti_sysbios_knl_Swi_Object__count__C)
                  0000adb0    00000004     rtos_pem4f.oem4f (.const:ti_sysbios_knl_Task_E_spOutOfBounds__C)
                  0000adb4    00000004     rtos_pem4f.oem4f (.const:ti_sysbios_knl_Task_E_stackOverflow__C)
                  0000adb8    00000004     rtos_pem4f.oem4f (.const:ti_sysbios_knl_Task_Module_State_inactiveQ__O)
                  0000adbc    00000004     rtos_pem4f.oem4f (.const:ti_sysbios_knl_Task_Object__count__C)
                  0000adc0    00000004     rtos_pem4f.oem4f (.const:ti_sysbios_knl_Task_allBlockedFunc__C)
                  0000adc4    00000004     rtos_pem4f.oem4f (.const:ti_sysbios_knl_Task_numConstructedTasks__C)
                  0000adc8    00000004     rtos_pem4f.oem4f (.const:xdc_runtime_Assert_E_assertFailed__C)
                  0000adcc    00000004     rtos_pem4f.oem4f (.const:xdc_runtime_Core_A_initializedParams__C)
                  0000add0    00000004     rtos_pem4f.oem4f (.const:xdc_runtime_Core_Module__diagsEnabled__C)
                  0000add4    00000004     rtos_pem4f.oem4f (.const:xdc_runtime_Core_Module__diagsIncluded__C)
                  0000add8    00000004     rtos_pem4f.oem4f (.const:xdc_runtime_Core_Module__diagsMask__C)
                  0000addc    00000004     rtos_pem4f.oem4f (.const:xdc_runtime_Error_E_memory__C)
                  0000ade0    00000004     rtos_pem4f.oem4f (.const:xdc_runtime_Error_Module__diagsEnabled__C)
                  0000ade4    00000004     rtos_pem4f.oem4f (.const:xdc_runtime_Error_Module__diagsIncluded__C)
                  0000ade8    00000004     rtos_pem4f.oem4f (.const:xdc_runtime_Error_Module__diagsMask__C)
                  0000adec    00000004     rtos_pem4f.oem4f (.const:xdc_runtime_Error_Module__loggerFxn8__C)
                  0000adf0    00000004     rtos_pem4f.oem4f (.const:xdc_runtime_Error_Module__loggerObj__C)
                  0000adf4    00000004     rtos_pem4f.oem4f (.const:xdc_runtime_Error_policyFxn__C)
                  0000adf8    00000004     rtos_pem4f.oem4f (.const:xdc_runtime_Error_raiseHook__C)
                  0000adfc    00000004     rtos_pem4f.oem4f (.const:xdc_runtime_IGateProvider_Interface__BASE__C)
                  0000ae00    00000004     rtos_pem4f.oem4f (.const:xdc_runtime_IHeap_Interface__BASE__C)
                  0000ae04    00000004     rtos_pem4f.oem4f (.const:xdc_runtime_IModule_Interface__BASE__C)
                  0000ae08    00000004     rtos_pem4f.oem4f (.const:xdc_runtime_Log_L_error__C)
                  0000ae0c    00000004     rtos_pem4f.oem4f (.const:xdc_runtime_Memory_defaultHeapInstance__C)
                  0000ae10    00000004     rtos_pem4f.oem4f (.const:xdc_runtime_Startup_execImpl__C)
                  0000ae14    00000004     rtos_pem4f.oem4f (.const:xdc_runtime_Startup_maxPasses__C)
                  0000ae18    00000004     rtos_pem4f.oem4f (.const:xdc_runtime_Startup_sfxnRts__C)
                  0000ae1c    00000004     rtos_pem4f.oem4f (.const:xdc_runtime_Startup_sfxnTab__C)
                  0000ae20    00000004     rtos_pem4f.oem4f (.const:xdc_runtime_SysMin_bufSize__C)
                  0000ae24    00000004     rtos_pem4f.oem4f (.const:xdc_runtime_SysMin_outputFunc__C)
                  0000ae28    00000004     rtos_pem4f.oem4f (.const:xdc_runtime_System_Module__gateObj__C)
                  0000ae2c    00000004     rtos_pem4f.oem4f (.const:xdc_runtime_System_abortFxn__C)
                  0000ae30    00000004     rtos_pem4f.oem4f (.const:xdc_runtime_System_exitFxn__C)
                  0000ae34    00000004     rtos_pem4f.oem4f (.const:xdc_runtime_System_extendFxn__C)
                  0000ae38    00000004     rtos_pem4f.oem4f (.const:xdc_runtime_System_maxAtexitHandlers__C)
                  0000ae3c    00000004     rtos_pem4f.oem4f (.const:xdc_runtime_Text_charTab__C)
                  0000ae40    00000004     rtos_pem4f.oem4f (.const:xdc_runtime_Text_nameEmpty__C)
                  0000ae44    00000004     rtos_pem4f.oem4f (.const:xdc_runtime_Text_nameStatic__C)
                  0000ae48    00000004     rtos_pem4f.oem4f (.const:xdc_runtime_Text_nameUnknown__C)
                  0000ae4c    00000004     rtos_pem4f.oem4f (.const:xdc_runtime_Text_nodeTab__C)
                  0000ae50    00000004     rtos_pem4f.oem4f (.const:xdc_runtime_Text_visitRopeFxn__C)
                  0000ae54    00000002     rtos_pem4f.oem4f (.const:ti_sysbios_family_arm_lm4_TimestampProvider_useClockTimer__C)
                  0000ae56    00000002     rtos_pem4f.oem4f (.const:ti_sysbios_family_arm_m3_Hwi_Module__id__C)
                  0000ae58    00000002     rtos_pem4f.oem4f (.const:ti_sysbios_gates_GateMutex_Module__id__C)
                  0000ae5a    00000002     rtos_pem4f.oem4f (.const:ti_sysbios_hal_Hwi_Module__id__C)
                  0000ae5c    00000002     rtos_pem4f.oem4f (.const:ti_sysbios_heaps_HeapMem_Module__id__C)
                  0000ae5e    00000002     rtos_pem4f.oem4f (.const:ti_sysbios_knl_Semaphore_Module__id__C)
                  0000ae60    00000002     rtos_pem4f.oem4f (.const:ti_sysbios_knl_Task_Module__id__C)
                  0000ae62    00000002     rtos_pem4f.oem4f (.const:xdc_runtime_Core_Module__id__C)
                  0000ae64    00000002     rtos_pem4f.oem4f (.const:xdc_runtime_Error_Module__loggerDefined__C)
                  0000ae66    00000002     rtos_pem4f.oem4f (.const:xdc_runtime_Error_maxDepth__C)
                  0000ae68    00000002     rtos_pem4f.oem4f (.const:xdc_runtime_Memory_Module__id__C)
                  0000ae6a    00000002     rtos_pem4f.oem4f (.const:xdc_runtime_SysMin_flushAtExit__C)
                  0000ae6c    00000002     rtos_pem4f.oem4f (.const:xdc_runtime_Text_charCnt__C)
                  0000ae6e    00000002     rtos_pem4f.oem4f (.const:xdc_runtime_Text_isLoaded__C)
                  0000ae70    00000002     rtos_pem4f.oem4f (.const:xdc_runtime_Text_registryModsLastId__C)
                  0000ae72    00000002     rtos_pem4f.oem4f (.const:xdc_runtime_Text_unnamedModsLastId__C)

.cinit     0    0000ae78    000002d8     
                  0000ae78    000002a0     (.cinit..data.load) [load image, compression = lzss]
                  0000b118    0000000c     (__TI_handler_table)
                  0000b124    00000004     --HOLE-- [fill = 0]
                  0000b128    00000008     (.cinit..bss.load) [load image, compression = zero_init]
                  0000b130    00000008     (.cinit..vecs.load) [load image, compression = zero_init]
                  0000b138    00000018     (__TI_cinit_table)

.init_array 
*          0    00000000    00000000     UNINITIALIZED

.resetVecs 
*          0    00000000    0000003c     
                  00000000    0000003c     rtos_pem4f.oem4f (.resetVecs)

.data      0    20000360    000086a8     UNINITIALIZED
                  20000360    00008000     Crystalfontz128x128_ST7735.obj (.data:Lcd_buffer)
                  20008360    000001c8     rtos_pem4f.oem4f (.data:ti_sysbios_knl_Task_Object__table__V)
                  20008528    00000080     rtos_pem4f.oem4f (.data:ti_sysbios_knl_Swi_Module_State_0_readyQ__A)
                  200085a8    00000080     rtos_pem4f.oem4f (.data:ti_sysbios_knl_Task_Module_State_0_readyQ__A)
                  20008628    00000050     rtos_pem4f.oem4f (.data:ti_sysbios_knl_Mailbox_Object__table__V)
                  20008678    00000050     rtos_pem4f.oem4f (.data:ti_sysbios_knl_Semaphore_Object__table__V)
                  200086c8    00000044     rtos_pem4f.oem4f (.data:ti_sysbios_knl_Task_Module__state__V)
                  2000870c    00000040     rtos_pem4f.oem4f (.data:ti_sysbios_family_arm_lm4_Timer_Module_State_0_device__A)
                  2000874c    00000040     rtos_pem4f.oem4f (.data:ti_sysbios_family_arm_lm4_Timer_Object__table__V)
                  2000878c    00000038     rtos_pem4f.oem4f (.data:ti_sysbios_gates_GateMutex_Object__table__V)
                  200087c4    00000034     rtos_pem4f.oem4f (.data:ti_sysbios_family_arm_m3_Hwi_Module__state__V)
                  200087f8    00000030     rtos_pem4f.oem4f (.data:ti_sysbios_family_arm_m3_Hwi_Object__table__V)
                  20008828    00000030     rtos_pem4f.oem4f (.data:ti_sysbios_knl_Swi_Object__table__V)
                  20008858    0000002c     rtos_pem4f.oem4f (.data:ti_sysbios_knl_Clock_Module__state__V)
                  20008884    00000024     buttons.obj (.data:count$2)
                  200088a8    00000024     rtos_pem4f.oem4f (.data:ti_sysbios_BIOS_Module__state__V)
                  200088cc    00000020     rtos_pem4f.oem4f (.data:ti_sysbios_family_arm_lm4_Timer_Module_State_0_handles__A)
                  200088ec    00000020     rtos_pem4f.oem4f (.data:ti_sysbios_knl_Clock_Object__table__V)
                  2000890c    0000001c     rtos_pem4f.oem4f (.data:ti_sysbios_knl_Swi_Module__state__V)
                  20008928    00000018     rtos_pem4f.oem4f (.data:ti_sysbios_heaps_HeapMem_Object__table__V)
                  20008940    00000011     shared_state.obj (.data)
                  20008951    00000001     --HOLE--
                  20008952    00000002     rtos_pem4f.oem4f (.data:ti_sysbios_family_arm_m3_Hwi_Module_State_0_excActive__A)
                  20008954    00000010     sampling.obj (.data)
                  20008964    0000000c     rtos_pem4f.oem4f (.data:ti_sysbios_family_arm_lm4_Timer_Module__state__V)
                  20008970    0000000c     rtos_pem4f.oem4f (.data:xdc_runtime_SysMin_Module__state__V)
                  2000897c    00000008     rtsv7M4_T_le_v4SPD16_eabi.lib : _lock.c.obj (.data:$O1$$)
                  20008984    00000008     cpu_load.obj (.data)
                  2000898c    00000008     buttons.obj (.data:gJoystick)
                  20008994    00000008     rtos_pem4f.oem4f (.data:ti_sysbios_family_arm_lm4_TimestampProvider_Module__state__V)
                  2000899c    00000008     rtos_pem4f.oem4f (.data:ti_sysbios_gates_GateHwi_Module__root__V)
                  200089a4    00000008     rtos_pem4f.oem4f (.data:ti_sysbios_gates_GateMutex_Module__root__V)
                  200089ac    00000008     rtos_pem4f.oem4f (.data:ti_sysbios_heaps_HeapMem_Module__root__V)
                  200089b4    00000008     rtos_pem4f.oem4f (.data:ti_sysbios_knl_Queue_Module__root__V)
                  200089bc    00000008     rtos_pem4f.oem4f (.data:ti_sysbios_knl_Semaphore_Module__root__V)
                  200089c4    00000008     rtos_pem4f.oem4f (.data:xdc_runtime_Registry_Module__state__V)
                  200089cc    00000008     rtos_pem4f.oem4f (.data:xdc_runtime_Startup_Module__state__V)
                  200089d4    00000008     rtos_pem4f.oem4f (.data:xdc_runtime_System_Module_State_0_atexitHandlers__A)
                  200089dc    00000008     rtos_pem4f.oem4f (.data:xdc_runtime_System_Module__state__V)
                  200089e4    00000006     buttons.obj (.data)
                  200089ea    00000002     rtos_pem4f.oem4f (.data:xdc_runtime_Error_Module__state__V)
                  200089ec    00000004     rtsv7M4_T_le_v4SPD16_eabi.lib : errno.c.obj (.data)
                  200089f0    00000004                                   : stkdepth_vars.c.obj (.data)
                  200089f4    00000004     rtos_pem4f.oem4f (.data:ti_sysbios_family_arm_m3_Hwi_Module_State_0_excContext__A)
                  200089f8    00000004     rtos_pem4f.oem4f (.data:ti_sysbios_family_arm_m3_Hwi_Module_State_0_excStack__A)
                  200089fc    00000004     rtos_pem4f.oem4f (.data:ti_sysbios_gates_GateHwi_Object__table__V)
                  20008a00    00000004     rtos_pem4f.oem4f (.data:ti_sysbios_knl_Task_Module_State_0_idleTask__A)
                  20008a04    00000004     rtos_pem4f.oem4f (.data:xdc_runtime_Memory_Module__state__V)

.bss       0    20008a08    000030fa     UNINITIALIZED
                  20008a08    00001400     rtos_pem4f.oem4f (.bss:taskStackSection)
                  20009e08    00001000     (.common:gADCBuffer)
                  2000ae08    00000400     (.common:ti_sysbios_heaps_HeapMem_Instance_State_0_buf__A)
                  2000b208    00000360     (.common:ti_sysbios_family_arm_m3_Hwi_dispatchTable)
                  2000b568    00000120     rtsv7M4_T_le_v4SPD16_eabi.lib : trgmsg.c.obj (.bss:_CIOBUF_)
                  2000b688    00000100     (.common:localADCBuffer)
                  2000b788    00000100     (.common:processedADCBuffer)
                  2000b888    00000100     (.common:rawADCBuffer)
                  2000b988    000000a0     (.common:ti_sysbios_knl_Mailbox_Instance_State_0_allocBuf__A)
                  2000ba28    00000080     (.common:xdc_runtime_SysMin_Module_State_0_outbuf__A)
                  2000baa8    0000002c     (.common:sContext)
                  2000bad4    00000014     buttons.obj (.bss:state$1)
                  2000bae8    00000008     (.common:parmbuf)
                  2000baf0    00000004     (.common:gADCSamplingRate)
                  2000baf4    00000004     (.common:g_psGrLibDefaults)
                  2000baf8    00000002     (.common:Lcd_ScreenHeigth)
                  2000bafa    00000002     (.common:Lcd_ScreenWidth)
                  2000bafc    00000002     (.common:Lcd_TouchTrim)
                  2000bafe    00000001     (.common:Lcd_FlagRead)
                  2000baff    00000001     (.common:Lcd_FontSolid)
                  2000bb00    00000001     (.common:Lcd_Orientation)
                  2000bb01    00000001     (.common:Lcd_PenSolid)

.stack     0    2000bb08    00000300     UNINITIALIZED
                  2000bb08    00000300     --HOLE--

.bootVecs 
*          0    00000000    00000008     DSECT
                  00000000    00000008     boot.aem4f : boot.oem4f (.bootVecs)

.vecs      0    20000000    00000360     UNINITIALIZED
                  20000000    00000360     rtos_pem4f.oem4f (.vecs)

xdc.meta   0    00000000    000000e5     COPY SECTION
                  00000000    000000e5     rtos_pem4f.oem4f (xdc.meta)

__llvm_prf_cnts 
*          0    20000000    00000000     UNINITIALIZED

MODULE SUMMARY

       Module                                             code    ro data   rw data
       ------                                             ----    -------   -------
    ..\src\sysbios\
       BIOS.obj                                           10604   0         0      
       m3_Hwi_asm.obj                                     314     0         0      
       m3_TaskSupport_asm.obj                             180     0         0      
       m3_Hwi_asm_switch.obj                              118     0         0      
    +--+--------------------------------------------------+-------+---------+---------+
       Total:                                             11216   0         0      
                                                                                   
    .\
       Crystalfontz128x128_ST7735.obj                     958     40        32778  
       main.obj                                           614     0         0      
       HAL_EK_TM4C1294XL_Crystalfontz128x128_ST7735.obj   324     0         0      
       sysctl_pll.obj                                     72      0         0      
    +--+--------------------------------------------------+-------+---------+---------+
       Total:                                             1968    40        32778  
                                                                                   
    .\src\
       sampling.obj                                       220     0         4112   
       display.obj                                        1016    0         300    
       buttons.obj                                        956     0         74     
       shared_state.obj                                   0       52        529    
       waveform.obj                                       336     0         0      
       cpu_load.obj                                       232     0         8      
    +--+--------------------------------------------------+-------+---------+---------+
       Total:                                             2760    52        5023   
                                                                                   
    C:\Users\liams\Documents\ECE3849\ece3849_lab4\Debug\configPkg\package\cfg\
       rtos_pem4f.oem4f                                   1474    7915      9756   
    +--+--------------------------------------------------+-------+---------+---------+
       Total:                                             1474    7915      9756   
                                                                                   
    C:/ti/tirtos_tivac_2_16_01_14/products/TivaWare_C_Series-2.1.1.71b/driverlib/ccs/Debug/driverlib.lib
       gpio.obj                                           526     144       0      
       adc.obj                                            362     0         0      
       timer.obj                                          162     0         0      
       pwm.obj                                            130     0         0      
       ssi.obj                                            88      0         0      
       sysctl.obj                                         58      0         0      
       interrupt.obj                                      32      0         0      
       cpu.obj                                            24      0         0      
    +--+--------------------------------------------------+-------+---------+---------+
       Total:                                             1382    144       0      
                                                                                   
    C:/ti/tirtos_tivac_2_16_01_14/products/TivaWare_C_Series-2.1.1.71b/grlib/ccs/Debug/grlib.lib
       string.obj                                         1192    0         0      
       fontfixed6x8.obj                                   0       960       0      
       line.obj                                           648     0         0      
       rectangle.obj                                      134     0         0      
       context.obj                                        104     16        4      
       charmap.obj                                        8       0         0      
    +--+--------------------------------------------------+-------+---------+---------+
       Total:                                             2086    976       4      
                                                                                   
    C:\ti\ccs1250\ccs\tools\compiler\ti-cgt-arm_20.2.7.LTS\lib\rtsv7M4_T_le_v4SPD16_eabi.lib
       _printfi.c.obj                                     4851    0         0      
       fd_add_t2.asm.obj                                  438     0         0      
       trgmsg.c.obj                                       108     0         288    
       fd_div_t2.asm.obj                                  310     0         0      
       s_scalbn.c.obj                                     272     0         0      
       fd_cmp_t2.asm.obj                                  268     0         0      
       ctype.c.obj                                        0       257       0      
       fd_mul_t2.asm.obj                                  252     0         0      
       memcpy_t2.asm.obj                                  156     0         0      
       ull_div_t2.asm.obj                                 150     0         0      
       snprintf.c.obj                                     148     0         0      
       s_floorf.c.obj                                     128     0         0      
       memset_t2.asm.obj                                  122     0         0      
       s_roundf.c.obj                                     110     0         0      
       copy_decompress_lzss.c.obj                         104     0         0      
       s_frexp.c.obj                                      100     0         0      
       hostwrite.c.obj                                    88      0         0      
       _ltoa.c.obj                                        84      0         0      
       atoi.c.obj                                         76      0         0      
       cpy_tbl.c.obj                                      76      0         0      
       fd_toi_t2.asm.obj                                  72      0         0      
       fd_tou_t2.asm.obj                                  68      0         0      
       u_divt2.asm.obj                                    64      0         0      
       fs_tod_t2.asm.obj                                  56      0         0      
       i_tofd_t2.asm.obj                                  46      0         0      
       _lock.c.obj                                        26      0         8      
       u_tofd_t2.asm.obj                                  32      0         0      
       memccpy.c.obj                                      28      0         0      
       s_copysign.c.obj                                   26      0         0      
       args_main.c.obj                                    24      0         0      
       strchr.c.obj                                       22      0         0      
[...]
0000aa28  button_clock_sem                                                     
0000aa2c  button_task                                                          
0000aa30  buttons_mail                                                         
0000aa34  ui_task                                                              
0000aa38  g_sCrystalfontz128x128                                               
0000aa60  ti_sysbios_heaps_HeapMem_Module__FXNS__C                             
0000aa88  xdc_runtime_Startup_sfxnTab__A                                       
0000aab0  ti_sysbios_gates_GateHwi_Module__FXNS__C                             
0000aad4  ti_sysbios_gates_GateMutex_Module__FXNS__C                           
0000aaf8  ti_sysbios_heaps_HeapMem_Object__PARAMS__C                           
0000ab1c  ti_sysbios_knl_Semaphore_Object__PARAMS__C                           
0000ab40  ti_sysbios_gates_GateHwi_Object__DESC__C                             
0000ab60  ti_sysbios_gates_GateMutex_Object__DESC__C                           
0000ab80  ti_sysbios_heaps_HeapMem_Object__DESC__C                             
0000aba0  ti_sysbios_knl_Queue_Object__DESC__C                                 
0000abc0  ti_sysbios_knl_Semaphore_Object__DESC__C                             
0000abe0  TIME_SCALES                                                          
0000abf8  ti_sysbios_gates_GateHwi_Object__PARAMS__C                           
0000ac10  ti_sysbios_gates_GateMutex_Object__PARAMS__C                         
0000ac28  ti_sysbios_knl_Queue_Object__PARAMS__C                               
0000ac40  xdc_runtime_Startup_firstFxns__A                                     
0000ac58  VOLTAGE_SCALES                                                       
0000ac6c  xdc_runtime_Startup_sfxnRts__A                                       
0000ac80  g_psDefaultCodePointMapTable                                         
0000ac98  TIME_SCALES_SIZE                                                     
0000ac9c  VOLTAGE_SCALES_SIZE                                                  
0000aca0  ti_sysbios_family_arm_m3_Hwi_excHookFuncs__A                         
0000aca8  ti_sysbios_knl_Idle_funcList__C                                      
0000acb0  xdc_runtime_Startup_firstFxns__C                                     
0000acb8  xdc_runtime_Startup_lastFxns__C                                      
0000acc0  ti_catalog_arm_cortexm4_tiva_ce_Boot_A_mustNotUseEnhancedClockMode__C
0000acc4  ti_catalog_arm_cortexm4_tiva_ce_Boot_Module__diagsEnabled__C         
0000acc8  ti_catalog_arm_cortexm4_tiva_ce_Boot_Module__diagsIncluded__C        
0000accc  ti_catalog_arm_cortexm4_tiva_ce_Boot_Module__diagsMask__C            
0000acd0  ti_sysbios_family_arm_lm4_Timer_enableFunc__C                        
0000acd4  ti_sysbios_family_arm_lm4_Timer_numTimerDevices__C                   
0000acd8  ti_sysbios_family_arm_lm4_Timer_startupNeeded__C                     
0000acdc  ti_sysbios_family_arm_lm4_TimestampProvider_Module__diagsEnabled__C  
0000ace0  ti_sysbios_family_arm_lm4_TimestampProvider_Module__diagsIncluded__C 
0000ace4  ti_sysbios_family_arm_lm4_TimestampProvider_Module__diagsMask__C     
0000ace8  ti_sysbios_family_arm_m3_Hwi_E_NMI__C                                
0000acec  ti_sysbios_family_arm_m3_Hwi_E_busFault__C                           
0000acf0  ti_sysbios_family_arm_m3_Hwi_E_debugMon__C                           
0000acf4  ti_sysbios_family_arm_m3_Hwi_E_hardFault__C                          
0000acf8  ti_sysbios_family_arm_m3_Hwi_E_memFault__C                           
0000acfc  ti_sysbios_family_arm_m3_Hwi_E_noIsr__C                              
0000ad00  ti_sysbios_family_arm_m3_Hwi_E_reserved__C                           
0000ad04  ti_sysbios_family_arm_m3_Hwi_E_svCall__C                             
0000ad08  ti_sysbios_family_arm_m3_Hwi_E_usageFault__C                         
0000ad0c  ti_sysbios_family_arm_m3_Hwi_NUM_INTERRUPTS__C                       
0000ad10  ti_sysbios_family_arm_m3_Hwi_Object__count__C                        
0000ad14  ti_sysbios_family_arm_m3_Hwi_ccr__C                                  
0000ad18  ti_sysbios_family_arm_m3_Hwi_excHandlerFunc__C                       
0000ad1c  ti_sysbios_family_arm_m3_Hwi_excHookFuncs__C                         
0000ad20  ti_sysbios_family_arm_m3_Hwi_nullIsrFunc__C                          
0000ad24  ti_sysbios_family_arm_m3_Hwi_priGroup__C                             
0000ad28  ti_sysbios_gates_GateMutex_A_badContext__C                           
0000ad2c  ti_sysbios_gates_GateMutex_Instance_State_sem__O                     
0000ad30  ti_sysbios_gates_GateMutex_Module__diagsEnabled__C                   
0000ad34  ti_sysbios_gates_GateMutex_Module__diagsIncluded__C                  
0000ad38  ti_sysbios_gates_GateMutex_Module__diagsMask__C                      
0000ad3c  ti_sysbios_hal_Hwi_E_stackOverflow__C                                
0000ad40  ti_sysbios_heaps_HeapMem_A_align__C                                  
0000ad44  ti_sysbios_heaps_HeapMem_A_heapSize__C                               
0000ad48  ti_sysbios_heaps_HeapMem_A_invalidFree__C                            
0000ad4c  ti_sysbios_heaps_HeapMem_A_zeroBlock__C                              
0000ad50  ti_sysbios_heaps_HeapMem_E_memory__C                                 
0000ad54  ti_sysbios_heaps_HeapMem_Module__diagsEnabled__C                     
0000ad58  ti_sysbios_heaps_HeapMem_Module__diagsIncluded__C                    
0000ad5c  ti_sysbios_heaps_HeapMem_Module__diagsMask__C                        
0000ad60  ti_sysbios_heaps_HeapMem_Module__gateObj__C                          
0000ad64  ti_sysbios_heaps_HeapMem_Object__count__C                            
0000ad68  ti_sysbios_heaps_HeapMem_reqAlign__C                                 
0000ad6c  ti_sysbios_knl_Clock_Module_State_clockQ__O                          
0000ad70  ti_sysbios_knl_Idle_funcList__A                                      
0000ad74  ti_sysbios_knl_Mailbox_Instance_State_dataQue__O                     
0000ad78  ti_sysbios_knl_Mailbox_Instance_State_dataSem__O                     
0000ad7c  ti_sysbios_knl_Mailbox_Instance_State_freeQue__O                     
0000ad80  ti_sysbios_knl_Mailbox_Instance_State_freeSem__O                     
0000ad84  ti_sysbios_knl_Mailbox_Object__count__C                              
0000ad88  ti_sysbios_knl_Mailbox_maxTypeAlign__C                               
0000ad8c  ti_sysbios_knl_Semaphore_A_badContext__C                             
0000ad90  ti_sysbios_knl_Semaphore_A_noEvents__C                               
0000ad94  ti_sysbios_knl_Semaphore_A_overflow__C                               
0000ad98  ti_sysbios_knl_Semaphore_A_pendTaskDisabled__C                       
0000ad9c  ti_sysbios_knl_Semaphore_Instance_State_pendQ__O                     
0000ada0  ti_sysbios_knl_Semaphore_Module__diagsEnabled__C                     
0000ada4  ti_sysbios_knl_Semaphore_Module__diagsIncluded__C                    
0000ada8  ti_sysbios_knl_Semaphore_Module__diagsMask__C                        
0000adac  ti_sysbios_knl_Swi_Object__count__C                                  
0000adb0  ti_sysbios_knl_Task_E_spOutOfBounds__C                               
0000adb4  ti_sysbios_knl_Task_E_stackOverflow__C                               
0000adb8  ti_sysbios_knl_Task_Module_State_inactiveQ__O                        
0000adbc  ti_sysbios_knl_Task_Object__count__C                                 
0000adc0  ti_sysbios_knl_Task_allBlockedFunc__C                                
0000adc4  ti_sysbios_knl_Task_numConstructedTasks__C                           
0000adc8  xdc_runtime_Assert_E_assertFailed__C                                 
0000adcc  xdc_runtime_Core_A_initializedParams__C                              
0000add0  xdc_runtime_Core_Module__diagsEnabled__C                             
0000add4  xdc_runtime_Core_Module__diagsIncluded__C                            
0000add8  xdc_runtime_Core_Module__diagsMask__C                                
0000addc  xdc_runtime_Error_E_memory__C                                        
0000ade0  xdc_runtime_Error_Module__diagsEnabled__C                            
0000ade4  xdc_runtime_Error_Module__diagsIncluded__C                           
0000ade8  xdc_runtime_Error_Module__diagsMask__C                               
0000adec  xdc_runtime_Error_Module__loggerFxn8__C                              
0000adf0  xdc_runtime_Error_Module__loggerObj__C                               
0000adf4  xdc_runtime_Error_policyFxn__C                                       
0000adf8  xdc_runtime_Error_raiseHook__C                                       
0000adfc  xdc_runtime_IGateProvider_Interface__BASE__C                         
0000ae00  xdc_runtime_IHeap_Interface__BASE__C                                 
0000ae04  xdc_runtime_IModule_Interface__BASE__C                               
0000ae08  xdc_runtime_Log_L_error__C                                           
0000ae0c  xdc_runtime_Memory_defaultHeapInstance__C                            
0000ae10  xdc_runtime_Startup_execImpl__C                                      
0000ae14  xdc_runtime_Startup_maxPasses__C                                     
0000ae18  xdc_runtime_Startup_sfxnRts__C                                       
0000ae1c  xdc_runtime_Startup_sfxnTab__C                                       
0000ae20  xdc_runtime_SysMin_bufSize__C                                        
0000ae24  xdc_runtime_SysMin_outputFunc__C                                     
0000ae28  xdc_runtime_System_Module__gateObj__C                                
0000ae2c  xdc_runtime_System_abortFxn__C                                       
0000ae30  xdc_runtime_System_exitFxn__C                                        
0000ae34  xdc_runtime_System_extendFxn__C                                      
0000ae38  xdc_runtime_System_maxAtexitHandlers__C                              
0000ae3c  xdc_runtime_Text_charTab__C                                          
0000ae40  xdc_runtime_Text_nameEmpty__C                                        
0000ae44  xdc_runtime_Text_nameStatic__C                                       
0000ae48  xdc_runtime_Text_nameUnknown__C                                      
0000ae4c  xdc_runtime_Text_nodeTab__C                                          
0000ae50  xdc_runtime_Text_visitRopeFxn__C                                     
0000ae54  ti_sysbios_family_arm_lm4_TimestampProvider_useClockTimer__C         
0000ae56  ti_sysbios_family_arm_m3_Hwi_Module__id__C                           
0000ae58  ti_sysbios_gates_GateMutex_Module__id__C                             
0000ae5a  ti_sysbios_hal_Hwi_Module__id__C                                     
0000ae5c  ti_sysbios_heaps_HeapMem_Module__id__C                               
0000ae5e  ti_sysbios_knl_Semaphore_Module__id__C                               
0000ae60  ti_sysbios_knl_Task_Module__id__C                                    
0000ae62  xdc_runtime_Core_Module__id__C                                       
0000ae64  xdc_runtime_Error_Module__loggerDefined__C                           
0000ae66  xdc_runtime_Error_maxDepth__C                                        
0000ae68  xdc_runtime_Memory_Module__id__C                                     
0000ae6a  xdc_runtime_SysMin_flushAtExit__C                                    
0000ae6c  xdc_runtime_Text_charCnt__C                                          
0000ae6e  xdc_runtime_Text_isLoaded__C                                         
0000ae70  xdc_runtime_Text_registryModsLastId__C                               
0000ae72  xdc_runtime_Text_unnamedModsLastId__C                                
0000ae78  __TI_static_base__                                                   
0000b118  __TI_Handler_Table_Base                                              
0000b124  __TI_Handler_Table_Limit                                             
0000b138  __TI_CINIT_Base                                                      
0000b150  __TI_CINIT_Limit                                                     
20000000  __start___llvm_prf_cnts                                              
20000000  __stop___llvm_prf_cnts                                               
20000000  ti_sysbios_family_arm_m3_Hwi_ramVectors                              
20000360  Lcd_buffer                                                           
20008360  ti_sysbios_knl_Task_Object__table__V                                 
20008528  ti_sysbios_knl_Swi_Module_State_0_readyQ__A                          
200085a8  ti_sysbios_knl_Task_Module_State_0_readyQ__A                         
20008628  ti_sysbios_knl_Mailbox_Object__table__V                              
20008678  ti_sysbios_knl_Semaphore_Object__table__V                            
200086c8  ti_sysbios_knl_Task_Module__state__V                                 
2000870c  ti_sysbios_family_arm_lm4_Timer_Module_State_0_device__A             
2000874c  ti_sysbios_family_arm_lm4_Timer_Object__table__V                     
2000878c  ti_sysbios_gates_GateMutex_Object__table__V                          
200087c4  ti_sysbios_family_arm_m3_Hwi_Module__state__V                        
200087f8  ti_sysbios_family_arm_m3_Hwi_Object__table__V                        
20008828  ti_sysbios_knl_Swi_Object__table__V                                  
20008858  ti_sysbios_knl_Clock_Module__state__V                                
200088a8  ti_sysbios_BIOS_Module__state__V                                     
200088cc  ti_sysbios_family_arm_lm4_Timer_Module_State_0_handles__A            
200088ec  ti_sysbios_knl_Clock_Object__table__V                                
2000890c  ti_sysbios_knl_Swi_Module__state__V                                  
20008928  ti_sysbios_heaps_HeapMem_Object__table__V                            
20008940  gSystemClock                                                         
20008944  gTime                                                                
20008948  processedADCBufferDone                                               
2000894a  inFFTMode                                                            
2000894b  triggerModeRising                                                    
2000894c  signalDisconnected                                                   
2000894e  timeScaleIndex                                                       
20008950  voltageScaleIndex                                                    
20008952  ti_sysbios_family_arm_m3_Hwi_Module_State_0_excActive__A             
20008954  gADCValue                                                            
20008958  gADCSampleCount                                                      
2000895c  gADCBufferIndex                                                      
20008960  gADCErrors                                                           
20008964  ti_sysbios_family_arm_lm4_Timer_Module__state__V                     
20008970  xdc_runtime_SysMin_Module__state__V                                  
2000897c  _lock                                                                
20008980  _unlock                                                              
20008984  cpuLoad                                                              
20008988  unloadedCount                                                        
2000898c  gJoystick                                                            
20008994  ti_sysbios_family_arm_lm4_TimestampProvider_Module__state__V         
2000899c  ti_sysbios_gates_GateHwi_Module__root__V                             
200089a4  ti_sysbios_gates_GateMutex_Module__root__V                           
200089ac  ti_sysbios_heaps_HeapMem_Module__root__V                             
200089b4  ti_sysbios_knl_Queue_Module__root__V                                 
200089bc  ti_sysbios_knl_Semaphore_Module__root__V                             
200089c4  xdc_runtime_Registry_Module__state__V                                
200089cc  xdc_runtime_Startup_Module__state__V                                 
200089d4  xdc_runtime_System_Module_State_0_atexitHandlers__A                  
200089dc  xdc_runtime_System_Module__state__V                                  
200089e4  gButtons                                                             
200089ea  xdc_runtime_Error_Module__state__V                                   
200089ec  errno                                                                
200089f0  main_func_sp                                                         
200089f4  ti_sysbios_family_arm_m3_Hwi_Module_State_0_excContext__A            
200089f8  ti_sysbios_family_arm_m3_Hwi_Module_State_0_excStack__A              
200089fc  ti_sysbios_gates_GateHwi_Object__table__V                            
20008a00  ti_sysbios_knl_Task_Module_State_0_idleTask__A                       
20008a04  xdc_runtime_Memory_Module__state__V                                  
20008a08  ti_sysbios_knl_Task_Instance_State_0_stack__A                        
20008e08  ti_sysbios_knl_Task_Instance_State_1_stack__A                        
20009008  ti_sysbios_knl_Task_Instance_State_2_stack__A                        
20009808  ti_sysbios_knl_Task_Instance_State_3_stack__A                        
20009a08  ti_sysbios_knl_Task_Instance_State_4_stack__A                        
20009c08  ti_sysbios_knl_Task_Instance_State_5_stack__A                        
20009e08  gADCBuffer                                                           
2000ae08  ti_sysbios_heaps_HeapMem_Instance_State_0_buf__A                     
2000b208  ti_sysbios_family_arm_m3_Hwi_dispatchTable                           
2000b568  __CIOBUF_                                                            
2000b688  localADCBuffer                                                       
2000b788  processedADCBuffer                                                   
2000b888  rawADCBuffer                                                         
2000b988  ti_sysbios_knl_Mailbox_Instance_State_0_allocBuf__A                  
2000ba28  xdc_runtime_SysMin_Module_State_0_outbuf__A                          
2000baa8  sContext                                                             
2000bae8  parmbuf                                                              
2000baf0  gADCSamplingRate                                                     
2000baf8  Lcd_ScreenHeigth                                                     
2000bafa  Lcd_ScreenWidth                                                      
2000bafc  Lcd_TouchTrim                                                        
2000bafe  Lcd_FlagRead                                                         
2000baff  Lcd_FontSolid                                                        
2000bb00  Lcd_Orientation                                                      
2000bb01  Lcd_PenSolid                                                         
2000bb08  __stack                                                              
2000be08  __STACK_END                                                          
e000e000  ti_sysbios_family_arm_m3_Hwi_nvic                                    
ffffffff  __TI_pprof_out_hndl                                                  
ffffffff  __TI_prof_data_size                                                  
ffffffff  __TI_prof_data_start                                                 
ffffffff  __binit__                                                            
ffffffff  __c_args__                                                           
ffffffff  binit                                                                
UNDEFED   SHT$$INIT_ARRAY$$Base                                                
UNDEFED   SHT$$INIT_ARRAY$$Limit                                               

[682 symbols]
