******************************************************************************
                  TI ARM Linker PC v20.2.7                     
******************************************************************************
>> Linked Tue Nov 14 17:11:29 2023

OUTPUT FILE NAME:   <ece3849_lab3_starter.out>
ENTRY POINT SYMBOL: "_c_int00"  address: 00006371


MEMORY CONFIGURATION

         name            origin    length      used     unused   attr    fill
----------------------  --------  ---------  --------  --------  ----  --------
  FLASH                 00000000   00100000  0000b036  000f4fca  R  X
  SRAM                  20000000   00040000  0000bc08  000343f8  RW X


SEGMENT ALLOCATION MAP

run origin  load origin   length   init length attrs members
----------  ----------- ---------- ----------- ----- -------
00000000    00000000    0000b040   0000b040    r-x
  00000000    00000000    0000003c   0000003c    r-- .resetVecs
  00000040    00000040    000086fa   000086fa    r-x .text
  0000873c    0000873c    00002628   00002628    r-- .const
  0000ad68    0000ad68    000002d8   000002d8    r-- .cinit
20000000    20000000    0000bc10   00000000    rw-
  20000000    20000000    00000360   00000000    rw- .vecs
  20000360    20000360    000086a6   00000000    rw- .data
  20008a08    20008a08    00002f02   00000000    rw- .bss
  2000b910    2000b910    00000300   00000000    rw- .stack


SECTION ALLOCATION MAP

 output                                  attributes/
section   page    origin      length       input sections
--------  ----  ----------  ----------   ----------------
.text      0    00000040    000086fa     
                  00000040    00000a4e     rtsv7M4_T_le_v4SPD16_eabi.lib : _printfi.c.obj (.text:__TI_printfi)
                  00000a8e    00000002                                   : _lock.c.obj (.text:_nop)
                  00000a90    00000430     sysbios.aem4f : BIOS.obj (.text:ti_sysbios_family_arm_m3_Hwi_excDumpRegs__I)
                  00000ec0    0000034c     ti.targets.arm.rtsarm.aem4f : System.oem4f (.text:xdc_runtime_System_doPrint__I)
                  0000120c    00000004     rtsv7M4_T_le_v4SPD16_eabi.lib : exit.c.obj (.text:abort:abort)
                  00001210    000002b4     main.obj (.text:display_task_func)
                  000014c4    00000004     sysbios.aem4f : BIOS.obj (.text:ti_sysbios_family_arm_lm4_Timer_masterEnable__I)
                  000014c8    000002a4                   : BIOS.obj (.text:ti_sysbios_knl_Semaphore_pend__E)
                  0000176c    00000270     rtsv7M4_T_le_v4SPD16_eabi.lib : _printfi.c.obj (.text:_pconv_a)
                  000019dc    00000004     ti.targets.arm.rtsarm.aem4f : Error.oem4f (.text:xdc_runtime_Error_getSite__E)
                  000019e0    0000026c     sysbios.aem4f : BIOS.obj (.text:ti_sysbios_heaps_HeapMem_free__E)
                  00001c4c    00000256     grlib.lib : string.obj (.text:GrFontGlyphRender)
                  00001ea2    00000006     driverlib.lib : gpio.obj (.text:GPIOPinRead)
                  00001ea8    00000250     sysbios.aem4f : BIOS.obj (.text:ti_sysbios_heaps_HeapMem_alloc__E)
                  000020f8    00000204     Boot.aem4f : Boot_sysctl.oem4f (.text:ti_catalog_arm_cortexm4_tiva_ce_Boot_sysCtlClockFreqSetI__I)
                  000022fc    00000004     ti.targets.arm.rtsarm.aem4f : System.oem4f (.text:xdc_runtime_System_aprintf_va__F)
                  00002300    000001f4     sysbios.aem4f : BIOS.obj (.text:ti_sysbios_family_arm_m3_Hwi_excHandlerMax__I)
                  000024f4    000001d0     rtsv7M4_T_le_v4SPD16_eabi.lib : _printfi.c.obj (.text:_pconv_g)
                  000026c4    000001b6                                   : fd_add_t2.asm.obj (.text)
                  0000287a    00000006     driverlib.lib : gpio.obj (.text:GPIOPinWrite)
                  00002880    00000174     sysbios.aem4f : BIOS.obj (.text:ti_sysbios_family_arm_m3_Hwi_excBusFault__I)
                  000029f4    00000004     ti.targets.arm.rtsarm.aem4f : System.oem4f (.text:xdc_runtime_System_printf_va__F)
                  000029f8    00000164     sysbios.aem4f : BIOS.obj (.text:ti_sysbios_family_arm_m3_Hwi_excUsageFault__I)
                  00002b5c    00000002     rtsv7M4_T_le_v4SPD16_eabi.lib : div0.asm.obj (.text)
                  00002b5e    00000002     --HOLE-- [fill = 0]
                  00002b60    00000148     sysbios.aem4f : BIOS.obj (.text:ti_sysbios_family_arm_m3_Hwi_excMemFault__I)
                  00002ca8    0000013c     rtsv7M4_T_le_v4SPD16_eabi.lib : _printfi.c.obj (.text:_pconv_e)
                  00002de4    00000004     --HOLE-- [fill = 0]
                  00002de8    0000013c     sysbios.aem4f : BIOS.obj (.text:ti_sysbios_heaps_HeapMem_Instance_init__E)
                  00002f24    00000136     rtsv7M4_T_le_v4SPD16_eabi.lib : fd_div_t2.asm.obj (.text)
                  0000305a    00000130     driverlib.lib : gpio.obj (.text:GPIOPadConfigSet)
                  0000318a    00000006     grlib.lib : string.obj (.text:GrContextFontSet)
                  00003190    00000124     buttons.obj (.text:ButtonInit)
                  000032b4    00000124     rtsv7M4_T_le_v4SPD16_eabi.lib : _printfi.c.obj (.text:fcvt)
                  000033d8    00000118     main.obj (.text:draw_signal)
                  000034f0    00000118     ti.targets.arm.rtsarm.aem4f : Error.oem4f (.text:xdc_runtime_Error_policyDefault__E)
                  00003608    00000110     rtsv7M4_T_le_v4SPD16_eabi.lib : s_scalbn.c.obj (.text:scalbn)
                  00003718    00000108     sysbios.aem4f : BIOS.obj (.text:ti_sysbios_family_arm_lm4_Timer_start__E)
                  00003820    00000106     grlib.lib : line.obj (.text:GrLineDraw)
                  00003926    00000002     --HOLE-- [fill = 0]
                  00003928    00000100     buttons.obj (.text:button_task_func)
                  00003a28    00000100     ti.targets.arm.rtsarm.aem4f : Core-mem.oem4f (.text:xdc_runtime_Core_createObject__I)
                  00003b28    000000fc     rtsv7M4_T_le_v4SPD16_eabi.lib : fd_mul_t2.asm.obj (.text)
                  00003c24    00000004     --HOLE-- [fill = 0]
                  00003c28    000000fc     rtos_pem4f.oem4f (.text:xdc_runtime_System_printfExtend__I)
                  00003d24    000000f8     ti.targets.arm.rtsarm.aem4f : Startup.oem4f (.text:xdc_runtime_Startup_startMods__I)
                  00003e1c    000000f4     sysbios.aem4f : m3_Hwi_asm.obj (.text:ti_sysbios_family_arm_m3_Hwi_dispatch__I)
                  00003f10    000000ec                   : BIOS.obj (.text:ti_sysbios_knl_Semaphore_post__E)
                  00003ffc    00000004     --HOLE-- [fill = 0]
                  00004000    000000dc     Crystalfontz128x128_ST7735.obj (.text:Crystalfontz128x128_PixelDrawMultiple)
                  000040dc    00000004     --HOLE-- [fill = 0]
                  000040e0    000000d4     buttons.obj (.text:ButtonReadJoystick)
                  000041b4    00000004     --HOLE-- [fill = 0]
                  000041b8    000000d0     main.obj (.text:pwm_init)
                  00004288    000000cc     ti.targets.arm.rtsarm.aem4f : Core-smem.oem4f (.text:xdc_runtime_Core_constructObject__I)
                  00004354    000000c4     grlib.lib : string.obj (.text:GrDefaultStringRenderer)
                  00004418    000000c0               : line.obj (.text:GrLineClip)
                  000044d8    000000bc     Crystalfontz128x128_ST7735.obj (.text:Crystalfontz128x128_Init)
                  00004594    00000004     --HOLE-- [fill = 0]
                  00004598    000000bc     sysbios.aem4f : BIOS.obj (.text:ti_sysbios_family_arm_m3_Hwi_excDebugMon__I)
                  00004654    00000004     --HOLE-- [fill = 0]
                  00004658    000000bc                   : BIOS.obj (.text:ti_sysbios_family_arm_m3_Hwi_excHardFault__I)
                  00004714    00000004     --HOLE-- [fill = 0]
                  00004718    000000b4     main.obj (.text:draw_grid)
                  000047cc    00000004     --HOLE-- [fill = 0]
                  000047d0    000000b4     sysbios.aem4f : BIOS.obj (.text:ti_sysbios_gates_GateMutex_enter__E)
                  00004884    00000004     --HOLE-- [fill = 0]
                  00004888    000000b4                   : BIOS.obj (.text:ti_sysbios_knl_Task_checkStacks__E)
                  0000493c    000000b1     rtsv7M4_T_le_v4SPD16_eabi.lib : _printfi.c.obj (.text:_ltostr)
                  000049ed    00000003     --HOLE-- [fill = 0]
                  000049f0    000000ac     sysbios.aem4f : BIOS.obj (.text:ti_sysbios_family_arm_lm4_Timer_enableTiva__I)
                  00004a9c    000000a0     auto_init.aem4f : auto_init.oem4f (.text)
                  00004b3c    000000a0     ti.targets.arm.rtsarm.aem4f : Text.oem4f (.text:xdc_runtime_Text_putMod__E)
                  00004bdc    00000004     --HOLE-- [fill = 0]
                  00004be0    0000009c     Crystalfontz128x128_ST7735.obj (.text:Crystalfontz128x128_SetDrawFrame)
                  00004c7c    0000009c     rtsv7M4_T_le_v4SPD16_eabi.lib : memcpy_t2.asm.obj (.text)
                  00004d18    0000009c     sysbios.aem4f : BIOS.obj (.text:ti_sysbios_knl_Semaphore_Instance_init__E)
                  00004db4    0000009a     ti.targets.arm.rtsarm.aem4f : Text.oem4f (.text:xdc_runtime_Text_putSite__E)
                  00004e4e    00000002     --HOLE-- [fill = 0]
                  00004e50    00000098     Boot.aem4f : Boot.oem4f (.text:ti_catalog_arm_cortexm4_tiva_ce_Boot_sysCtlClockFreqSet__E)
                  00004ee8    00000096     rtsv7M4_T_le_v4SPD16_eabi.lib : ull_div_t2.asm.obj (.text)
                  00004f7e    00000002     --HOLE-- [fill = 0]
                  00004f80    00000094     sampling.obj (.text:ADCInit)
                  00005014    00000004     --HOLE-- [fill = 0]
                  00005018    00000094     sysbios.aem4f : BIOS.obj (.text:ti_sysbios_family_arm_m3_Hwi_initNVIC__E)
                  000050ac    0000008c                   : m3_TaskSupport_asm.obj (.text:ti_sysbios_family_arm_m3_TaskSupport_buildTaskStack)
                  00005138    0000008c                   : BIOS.obj (.text:ti_sysbios_knl_Task_postInit__I)
                  000051c4    00000004     --HOLE-- [fill = 0]
                  000051c8    00000088                   : BIOS.obj (.text:ti_sysbios_knl_Mailbox_post__E)
                  00005250    00000088     main.obj (.text:waveform_task_func)
                  000052d8    00000086     grlib.lib : rectangle.obj (.text:GrRectFill)
                  0000535e    00000086     rtsv7M4_T_le_v4SPD16_eabi.lib : fd_cmp_t2.asm.obj (.text:__aeabi_cdcmple)
                  000053e4    00000086                                   : fd_cmp_t2.asm.obj (.text:__aeabi_cdrcmple)
                  0000546a    00000006     driverlib.lib : sysctl.obj (.text:SysCtlDelay)
                  00005470    00000084     sysbios.aem4f : BIOS.obj (.text:ti_sysbios_family_arm_m3_Hwi_postInit__I)
                  000054f4    00000004     --HOLE-- [fill = 0]
                  000054f8    00000080     Crystalfontz128x128_ST7735.obj (.text:Crystalfontz128x128_RectFill)
                  00005578    00000080     rtsv7M4_T_le_v4SPD16_eabi.lib : s_floorf.c.obj (.text:floorf)
                  000055f8    00000080     main.obj (.text:ui_task_func)
                  00005678    0000007c     main.obj (.text:find_falling_trigger_index)
                  000056f4    00000004     --HOLE-- [fill = 0]
                  000056f8    0000007c     main.obj (.text:find_rising_trigger_index)
                  00005774    0000007a     driverlib.lib : adc.obj (.text:ADCSequenceStepConfigure)
                  000057ee    0000007a     rtsv7M4_T_le_v4SPD16_eabi.lib : memset_t2.asm.obj (.text)
                  00005868    00000078     HAL_EK_TM4C1294XL_Crystalfontz128x128_ST7735.obj (.text:HAL_LCD_PortInit)
                  000058e0    00000078     HAL_EK_TM4C1294XL_Crystalfontz128x128_ST7735.obj (.text:HAL_LCD_SpiInit)
                  00005958    00000074     sysbios.aem4f : BIOS.obj (.text:ti_sysbios_knl_Mailbox_pend__E)
                  000059cc    00000004     --HOLE-- [fill = 0]
                  000059d0    00000070                   : BIOS.obj (.text:ti_sysbios_knl_Clock_workFunc__E)
                  00005a40    00000070                   : BIOS.obj (.text:ti_sysbios_knl_Task_exit__E)
                  00005ab0    0000006e     rtsv7M4_T_le_v4SPD16_eabi.lib : _printfi.c.obj (.text:_mcpy)
                  00005b1e    0000006e                                   : s_roundf.c.obj (.text:roundf)
                  00005b8c    0000006d     ti.targets.arm.rtsarm.aem4f : System.oem4f (.text:xdc_runtime_System_formatNum__I)
                  00005bf9    00000001     --HOLE-- [fill = 0]
                  00005bfa    00000006                                 : System.oem4f (.text:xdc_runtime_System_Module_startup__E)
                  00005c00    0000006c     sysbios.aem4f : BIOS.obj (.text:ti_sysbios_knl_Swi_restoreHwi__E)
                  00005c6c    0000006c     ti.targets.arm.rtsarm.aem4f : Error.oem4f (.text:xdc_runtime_Error_print__E)
                  00005cd8    0000006c                                 : Memory.oem4f (.text:xdc_runtime_Memory_alloc__E)
                  00005d44    00000068     grlib.lib : context.obj (.text:GrContextInit)
                  00005dac    00000068     rtsv7M4_T_le_v4SPD16_eabi.lib : copy_decompress_lzss.c.obj (.text:decompress:lzss:__TI_decompress_lzss)
                  00005e14    00000004     --HOLE-- [fill = 0]
                  00005e18    00000068     sysbios.aem4f : BIOS.obj (.text:ti_sysbios_family_arm_lm4_TimestampProvider_initTimerHandle__I)
                  00005e80    00000066     ti.targets.arm.rtsarm.aem4f : Core-mem.oem4f (.text:xdc_runtime_Core_deleteObject__I)
                  00005ee6    00000002     --HOLE-- [fill = 0]
                  00005ee8    00000064     rtsv7M4_T_le_v4SPD16_eabi.lib : s_frexp.c.obj (.text:frexp)
                  00005f4c    00000004     --HOLE-- [fill = 0]
                  00005f50    00000064     sysbios.aem4f : BIOS.obj (.text:ti_sysbios_family_arm_lm4_Timer_Module_startup__E)
                  00005fb4    00000004     --HOLE-- [fill = 0]
                  00005fb8    00000064                   : BIOS.obj (.text:ti_sysbios_family_arm_m3_Hwi_dispatchC__I)
                  0000601c    00000004     --HOLE-- [fill = 0]
                  00006020    00000060     buttons.obj (.text:ButtonDebounce)
                  00006080    00000060     sysbios.aem4f : BIOS.obj (.text:ti_sysbios_knl_Task_schedule__I)
                  000060e0    0000005c                   : BIOS.obj (.text:ti_sysbios_knl_Swi_run__I)
                  0000613c    00000004     --HOLE-- [fill = 0]
                  00006140    0000005c                   : BIOS.obj (.text:ti_sysbios_knl_Swi_schedule__I)
                  0000619c    00000004     --HOLE-- [fill = 0]
                  000061a0    0000005c                   : BIOS.obj (.text:ti_sysbios_knl_Task_Module_startup__E)
                  000061fc    00000004     --HOLE-- [fill = 0]
                  00006200    0000005c                   : BIOS.obj (.text:ti_sysbios_knl_Task_startCore__E)
                  0000625c    0000005b     ti.targets.arm.rtsarm.aem4f : Text.oem4f (.text:xdc_runtime_Text_putLab__E)
                  000062b7    00000001     --HOLE-- [fill = 0]
                  000062b8    0000005a     grlib.lib : string.obj (.text:FontWideGlyphDataGet)
                  00006312    00000006     --HOLE-- [fill = 0]
                  00006318    00000058     buttons.obj (.text:ButtonAutoRepeat)
                  00006370    00000058     boot.aem4f : boot.oem4f (.text)
                  000063c8    00000058     rtsv7M4_T_le_v4SPD16_eabi.lib : hostwrite.c.obj (.text:HOSTwrite)
                  00006420    00000058     sysbios.aem4f : m3_Hwi_asm_switch.obj (.text:ti_sysbios_family_arm_m3_Hwi_initStacks__E)
                  00006478    00000056     rtsv7M4_T_le_v4SPD16_eabi.lib : _printfi.c.obj (.text:_pconv_f)
                  000064ce    00000054                                   : _ltoa.c.obj (.text:__TI_ltoa)
                  00006522    00000006     --HOLE-- [fill = 0]
                  00006528    00000054     main.obj (.text:main)
                  0000657c    00000004     --HOLE-- [fill = 0]
                  00006580    00000054     sysbios.aem4f : BIOS.obj (.text:ti_sysbios_family_arm_lm4_Timer_initDevice__I)
                  000065d4    00000054     ti.targets.arm.rtsarm.aem4f : Assert.oem4f (.text:xdc_runtime_Assert_raise__I)
                  00006628    00000052     rtsv7M4_T_le_v4SPD16_eabi.lib : _printfi.c.obj (.text:_ecpy)
                  0000667a    00000002     --HOLE-- [fill = 0]
                  0000667c    00000050     Boot.aem4f : Boot_sysctl.oem4f (.text:_SysCtlFrequencyGet)
                  000066cc    00000004     --HOLE-- [fill = 0]
                  000066d0    00000050     sysbios.aem4f : BIOS.obj (.text:ti_sysbios_family_arm_m3_Hwi_Module_startup__E)
                  00006720    00000050     ti.targets.arm.rtsarm.aem4f : Startup.oem4f (.text:xdc_runtime_Startup_exec__E)
                  00006770    00000050                                 : Text.oem4f (.text:xdc_runtime_Text_visitRope2__I)
                  000067c0    0000004c     rtsv7M4_T_le_v4SPD16_eabi.lib : atoi.c.obj (.text:atoi)
                  0000680c    0000004c                                   : cpy_tbl.c.obj (.text:copy_in)
                  00006858    0000004c                                   : snprintf.c.obj (.text:snprintf)
                  000068a4    00000004     --HOLE-- [fill = 0]
                  000068a8    0000004c     sysbios.aem4f : BIOS.obj (.text:ti_sysbios_heaps_HeapMem_getStats__E)
                  000068f4    00000004     --HOLE-- [fill = 0]
                  000068f8    0000004c                   : BIOS.obj (.text:ti_sysbios_knl_Swi_runLoop__I)
                  00006944    00000004     --HOLE-- [fill = 0]
                  00006948    0000004c                   : BIOS.obj (.text:ti_sysbios_knl_Task_allBlockedFunction__I)
                  00006994    0000004a     grlib.lib : string.obj (.text:UpdateContextCharMapping)
                  000069de    00000002     --HOLE-- [fill = 0]
                  000069e0    00000048     sampling.obj (.text:ADCISR)
                  00006a28    00000048     driverlib.lib : gpio.obj (.text:GPIOPinConfigure)
                  00006a70    00000048     HAL_EK_TM4C1294XL_Crystalfontz128x128_ST7735.obj (.text:HAL_LCD_writeCommand)
                  00006ab8    00000048     sysctl_pll.obj (.text:SysCtlFrequencyGet)
                  00006b00    00000048     rtsv7M4_T_le_v4SPD16_eabi.lib : fd_toi_t2.asm.obj (.text)
                  00006b48    00000048     sysbios.aem4f : BIOS.obj (.text:ti_sysbios_family_arm_lm4_Timer_enableTimers__I)
                  00006b90    00000048                   : BIOS.obj (.text:ti_sysbios_family_arm_m3_Hwi_disableInterrupt__E)
                  00006bd8    00000048                   : BIOS.obj (.text:ti_sysbios_family_arm_m3_Hwi_enableInterrupt__E)
                  00006c20    00000048                   : BIOS.obj (.text:ti_sysbios_family_arm_m3_Hwi_excReserved__I)
                  00006c68    00000048                   : BIOS.obj (.text:ti_sysbios_knl_Mailbox_Module_startup__E)
                  00006cb0    00000046     grlib.lib : line.obj (.text:GrLineDrawH)
                  00006cf6    00000046               : line.obj (.text:GrLineDrawV)
                  00006d3c    00000046     ti.targets.arm.rtsarm.aem4f : Core-params.oem4f (.text:xdc_runtime_Core_assignParams__I)
                  00006d82    00000006     --HOLE-- [fill = 0]
                  00006d88    00000044     Crystalfontz128x128_ST7735.obj (.text:Crystalfontz128x128_SetOrientation)
                  00006dcc    00000044     rtsv7M4_T_le_v4SPD16_eabi.lib : fd_tou_t2.asm.obj (.text)
                  00006e10    00000044     sysbios.aem4f : BIOS.obj (.text:ti_sysbios_family_arm_lm4_Timer_isrStub__E)
                  00006e54    00000004     --HOLE-- [fill = 0]
                  00006e58    00000044                   : BIOS.obj (.text:ti_sysbios_family_arm_m3_Hwi_getStackInfo__E)
                  00006e9c    00000004     --HOLE-- [fill = 0]
                  00006ea0    00000044                   : BIOS.obj (.text:ti_sysbios_knl_Swi_post__E)
                  00006ee4    00000044     ti.targets.arm.rtsarm.aem4f : Error.oem4f (.text:xdc_runtime_Error_setX__E)
                  00006f28    00000044                                 : SysMin.oem4f (.text:xdc_runtime_SysMin_flush__E)
                  00006f6c    00000044                                 : Text.oem4f (.text:xdc_runtime_Text_xprintf__I)
                  00006fb0    00000040     Crystalfontz128x128_ST7735.obj (.text:Crystalfontz128x128_LineDrawH)
                  00006ff0    00000040     rtsv7M4_T_le_v4SPD16_eabi.lib : u_divt2.asm.obj (.text)
                  00007030    00000040     sysbios.aem4f : BIOS.obj (.text:ti_sysbios_family_arm_lm4_Timer_startup__E)
                  00007070    0000003e     driverlib.lib : adc.obj (.text:ADCSequenceConfigure)
                  000070ae    0000003e     rtsv7M4_T_le_v4SPD16_eabi.lib : _printfi.c.obj (.text:_fcpy)
                  000070ec    0000003c     driverlib.lib : ssi.obj (.text:SSIConfigSetExpClk)
                  00007128    0000003c     sysbios.aem4f : BIOS.obj (.text:ti_sysbios_family_arm_m3_Hwi_excSvCall__I)
                  00007164    00000004     --HOLE-- [fill = 0]
                  00007168    0000003c                   : BIOS.obj (.text:ti_sysbios_heaps_HeapMem_init__I)
                  000071a4    00000004     --HOLE-- [fill = 0]
                  000071a8    0000003c                   : BIOS.obj (.text:ti_sysbios_knl_Swi_restore__E)
                  000071e4    0000003a     grlib.lib : string.obj (.text:FontGlyphDataGet)
                  0000721e    00000002     --HOLE-- [fill = 0]
                  00007220    00000038     Crystalfontz128x128_ST7735.obj (.text:Crystalfontz128x128_Flush)
                  00007258    00000038     rtsv7M4_T_le_v4SPD16_eabi.lib : trgmsg.c.obj (.text:__TI_writemsg)
                  00007290    00000038                                   : fs_tod_t2.asm.obj (.text)
                  000072c8    00000038     sysbios.aem4f : BIOS.obj (.text:ti_sysbios_family_arm_m3_Hwi_excNoIsr__I)
                  00007300    00000038                   : BIOS.obj (.text:ti_sysbios_knl_Task_processVitalTaskFlag__I)
                  00007338    00000038     ti.targets.arm.rtsarm.aem4f : SysMin.oem4f (.text:xdc_runtime_SysMin_putch__E)
                  00007370    00000038                                 : System.oem4f (.text:xdc_runtime_System_atexit__E)
                  000073a8    00000036     grlib.lib : line.obj (.text:GrClipCodeGet)
                  000073de    00000002     --HOLE-- [fill = 0]
                  000073e0    00000034     driverlib.lib : sysctl.obj (.text:SysCtlPeripheralEnable)
                  00007414    00000034     rtsv7M4_T_le_v4SPD16_eabi.lib : trgmsg.c.obj (.text:__TI_readmsg)
                  00007448    00000034     sysbios.aem4f : BIOS.obj (.text:ti_sysbios_family_arm_m3_Hwi_excNmi__I)
                  0000747c    00000004     --HOLE-- [fill = 0]
                  00007480    00000034                   : BIOS.obj (.text:ti_sysbios_hal_Hwi_checkStack)
                  000074b4    00000034     ti.targets.arm.rtsarm.aem4f : Core-label.oem4f (.text:xdc_runtime_Core_assignLabel__I)
                  000074e8    00000033                                 : Text.oem4f (.text:xdc_runtime_Text_printVisFxn__I)
                  0000751b    00000005     --HOLE-- [fill = 0]
                  00007520    00000032     sysbios.aem4f : BIOS.obj (.text:ti_sysbios_hal_Hwi_initStack)
                  00007552    00000030     rtsv7M4_T_le_v4SPD16_eabi.lib : snprintf.c.obj (.text:_outs)
                  00007582    00000006     --HOLE-- [fill = 0]
                  00007588    00000030     rtos_pem4f.oem4f (.text:ti_sysbios_BIOS_atExitFunc__I)
                  000075b8    00000030     sysbios.aem4f : BIOS.obj (.text:ti_sysbios_family_arm_lm4_Timer_stop__E)
                  000075e8    00000030                   : BIOS.obj (.text:ti_sysbios_family_arm_m3_TaskSupport_start__E)
                  00007618    00000030     rtos_pem4f.oem4f (.text:ti_sysbios_gates_GateHwi_Object__create__S)
                  00007648    00000030     rtos_pem4f.oem4f (.text:ti_sysbios_gates_GateMutex_Object__create__S)
                  00007678    00000030     rtos_pem4f.oem4f (.text:ti_sysbios_heaps_HeapMem_Object__create__S)
                  000076a8    00000030     sysbios.aem4f : BIOS.obj (.text:ti_sysbios_knl_Mailbox_postInit__I)
                  000076d8    00000030     rtos_pem4f.oem4f (.text:ti_sysbios_knl_Semaphore_construct)
                  00007708    00000030     sysbios.aem4f : BIOS.obj (.text:ti_sysbios_knl_Semaphore_pendTimeout__I)
                  00007738    00000030                   : BIOS.obj (.text:ti_sysbios_knl_Task_unblockI__E)
                  00007768    00000030     ti.targets.arm.rtsarm.aem4f : SysMin.oem4f (.text:xdc_runtime_SysMin_abort__E)
                  00007798    00000030                                 : System.oem4f (.text:xdc_runtime_System_processAtExit__E)
                  000077c8    0000002e     driverlib.lib : adc.obj (.text:ADCIntStatus)
                  000077f6    0000002e     grlib.lib : string.obj (.text:GrStringNextCharGet)
                  00007824    0000002e     rtsv7M4_T_le_v4SPD16_eabi.lib : i_tofd_t2.asm.obj (.text)
                  00007852    00000006     --HOLE-- [fill = 0]
                  00007858    0000002c     main.obj (.text:display_init)
                  00007884    00000004     --HOLE-- [fill = 0]
                  00007888    0000002c     rtos_pem4f.oem4f (.text:ti_sysbios_knl_Clock_doTick__I)
                  000078b4    00000004     --HOLE-- [fill = 0]
                  000078b8    0000002c     rtos_pem4f.oem4f (.text:ti_sysbios_knl_Queue_construct)
                  000078e4    00000004     --HOLE-- [fill = 0]
                  000078e8    0000002c     sysbios.aem4f : BIOS.obj (.text:ti_sysbios_knl_Task_restore__E)
                  00007914    0000002c     ti.targets.arm.rtsarm.aem4f : Text.oem4f (.text:xdc_runtime_Text_cordText__E)
                  00007940    0000002a     driverlib.lib : gpio.obj (.text:GPIODirModeSet)
                  0000796a    0000002a     ti.targets.arm.rtsarm.aem4f : System.oem4f (.text:xdc_runtime_System_putchar__I)
                  00007994    00000004     --HOLE-- [fill = 0]
                  00007998    00000028     sysbios.aem4f : BIOS.obj (.text:ti_sysbios_knl_Clock_addI__E)
                  000079c0    00000028                   : BIOS.obj (.text:ti_sysbios_knl_Swi_Module_startup__E)
                  000079e8    00000026     grlib.lib : string.obj (.text:GrFontInfoGet)
                  00007a0e    00000026     sysbios.aem4f : m3_Hwi_asm.obj (.text:ti_sysbios_family_arm_m3_Hwi_pendSV__I)
                  00007a34    00000026     ti.targets.arm.rtsarm.aem4f : System.oem4f (.text:xdc_runtime_System_avprintf__E)
                  00007a5a    00000006     --HOLE-- [fill = 0]
                  00007a60    00000024     main.obj (.text:processing_task_func)
                  00007a84    00000004     --HOLE-- [fill = 0]
                  00007a88    00000024     rtos_pem4f.oem4f (.text:ti_sysbios_BIOS_errorRaiseHook__I)
                  00007aac    00000004     --HOLE-- [fill = 0]
                  00007ab0    00000024     rtos_pem4f.oem4f (.text:ti_sysbios_BIOS_registerRTSLock__I)
                  00007ad4    00000004     --HOLE-- [fill = 0]
                  00007ad8    00000024     rtos_pem4f.oem4f (.text:ti_sysbios_BIOS_removeRTSLock__I)
                  00007afc    00000004     --HOLE-- [fill = 0]
                  00007b00    00000024     rtos_pem4f.oem4f (.text:ti_sysbios_BIOS_startFunc__I)
                  00007b24    00000004     --HOLE-- [fill = 0]
                  00007b28    00000024     rtos_pem4f.oem4f (.text:ti_sysbios_gates_GateMutex_Object__delete__S)
                  00007b4c    00000004     --HOLE-- [fill = 0]
                  00007b50    00000024     sysbios.aem4f : BIOS.obj (.text:ti_sysbios_knl_Clock_Module_startup__E)
                  00007b74    00000004     --HOLE-- [fill = 0]
                  00007b78    00000024                   : BIOS.obj (.text:ti_sysbios_knl_Task_restoreHwi__E)
                  00007b9c    00000024     ti.targets.arm.rtsarm.aem4f : System.oem4f (.text:xdc_runtime_System_vprintf__E)
                  00007bc0    00000022     grlib.lib : string.obj (.text:GrFontGlyphDataGet)
                  00007be2    00000022     driverlib.lib : pwm.obj (.text:PWMGenConfigure)
                  00007c04    00000004     --HOLE-- [fill = 0]
                  00007c08    00000022     sysbios.aem4f : BIOS.obj (.text:ti_sysbios_family_arm_lm4_Timer_write__I)
                  00007c2a    00000006     --HOLE-- [fill = 0]
                  00007c30    00000022     rtos_pem4f.oem4f (.text:xdc_runtime_SysMin_output__I)
                  00007c52    00000002     --HOLE-- [fill = 0]
                  00007c54    00000020     Boot.aem4f : Boot_sysctl.oem4f (.text:_SysCtlMemTimingGet)
                  00007c74    00000020     rtsv7M4_T_le_v4SPD16_eabi.lib : u_tofd_t2.asm.obj (.text)
                  00007c94    00000004     --HOLE-- [fill = 0]
                  00007c98    00000020     rtos_pem4f.oem4f (.text:ti_sysbios_BIOS_rtsLock__I)
                  00007cb8    00000020     sysbios.aem4f : m3_Hwi_asm.obj (.text:ti_sysbios_family_arm_m3_Hwi_excHandlerAsm__I)
                  00007cd8    00000020                   : BIOS.obj (.text:ti_sysbios_family_arm_m3_Hwi_excHandler__I)
                  00007cf8    00000020     rtos_pem4f.oem4f (.text:ti_sysbios_gates_GateHwi_Object__delete__S)
                  00007d18    00000020     rtos_pem4f.oem4f (.text:ti_sysbios_heaps_HeapMem_Object__delete__S)
                  00007d38    00000020     sysbios.aem4f : BIOS.obj (.text:ti_sysbios_knl_Idle_run__E)
                  00007d58    00000020     rtos_pem4f.oem4f (.text:ti_sysbios_knl_Semaphore_Object__destruct__S)
                  00007d78    00000020     ti.targets.arm.rtsarm.aem4f : Registry.oem4f (.text:xdc_runtime_Registry_findById__E)
                  00007d98    00000020                                 : SysMin.oem4f (.text:xdc_runtime_SysMin_Module_startup__E)
                  00007db8    0000001e     driverlib.lib : adc.obj (.text:ADCSequenceDataGet)
                  00007dd6    00000002     --HOLE-- [fill = 0]
                  00007dd8    0000001e     Crystalfontz128x128_ST7735.obj (.text:Crystalfontz128x128_ColorTranslate)
                  00007df6    0000001e     grlib.lib : string.obj (.text:GrFontCodepageGet)
                  00007e14    0000001e     driverlib.lib : pwm.obj (.text:PWMPulseWidthSet)
                  00007e32    0000001e     sysbios.aem4f : m3_Hwi_asm_switch.obj (.text:ti_sysbios_family_xxx_Hwi_switchAndRunFunc)
                  00007e50    0000001c     Crystalfontz128x128_ST7735.obj (.text:Crystalfontz128x128_LineDrawV)
                  00007e6c    00000004     --HOLE-- [fill = 0]
                  00007e70    0000001c     main.obj (.text:calc_grid_gap_x)
                  00007e8c    00000004     --HOLE-- [fill = 0]
                  00007e90    0000001c     main.obj (.text:calc_grid_gap_y)
                  00007eac    0000001c     rtsv7M4_T_le_v4SPD16_eabi.lib : memccpy.c.obj (.text:memccpy)
                  00007ec8    0000001c     sysbios.aem4f : BIOS.obj (.text:ti_sysbios_gates_GateMutex_Instance_init__E)
                  00007ee4    00000004     --HOLE-- [fill = 0]
                  00007ee8    0000001c     rtos_pem4f.oem4f (.text:ti_sysbios_knl_Queue_Object__destruct__S)
                  00007f04    00000004     --HOLE-- [fill = 0]
                  00007f08    0000001c     sysbios.aem4f : BIOS.obj (.text:ti_sysbios_knl_Queue_get__E)
                  00007f24    00000004     --HOLE-- [fill = 0]
                  00007f28    0000001c                   : BIOS.obj (.text:ti_sysbios_knl_Queue_put__E)
                  00007f44    00000004     --HOLE-- [fill = 0]
                  00007f48    0000001c                   : BIOS.obj (.text:ti_sysbios_knl_Task_enter__I)
                  00007f64    0000001c     ti.targets.arm.rtsarm.aem4f : Error.oem4f (.text:xdc_runtime_Error_raiseX__E)
                  00007f80    0000001c                                 : Memory.oem4f (.text:xdc_runtime_Memory_valloc__E)
                  00007f9c    0000001c                                 : SysMin.oem4f (.text:xdc_runtime_SysMin_exit__E)
                  00007fb8    0000001c                                 : System.oem4f (.text:xdc_runtime_System_abort__E)
                  00007fd4    0000001a     rtsv7M4_T_le_v4SPD16_eabi.lib : s_copysign.c.obj (.text:copysign)
                  00007fee    00000002     --HOLE-- [fill = 0]
                  00007ff0    0000001a     rtos_pem4f.oem4f (.text:ti_sysbios_family_arm_m3_Hwi_Handle__label__S)
                  0000800a    00000006     --HOLE-- [fill = 0]
                  00008010    0000001a     rtos_pem4f.oem4f (.text:ti_sysbios_gates_GateHwi_Handle__label__S)
                  0000802a    00000006     --HOLE-- [fill = 0]
                  00008030    0000001a     rtos_pem4f.oem4f (.text:ti_sysbios_gates_GateMutex_Handle__label__S)
                  0000804a    00000006     --HOLE-- [fill = 0]
                  00008050    0000001a     rtos_pem4f.oem4f (.text:ti_sysbios_heaps_HeapMem_Handle__label__S)
                  0000806a    00000006     --HOLE-- [fill = 0]
                  00008070    0000001a     rtos_pem4f.oem4f (.text:ti_sysbios_knl_Swi_Handle__label__S)
                  0000808a    00000006     --HOLE-- [fill = 0]
                  00008090    0000001a     rtos_pem4f.oem4f (.text:ti_sysbios_knl_Task_Handle__label__S)
                  000080aa    00000006     --HOLE-- [fill = 0]
                  000080b0    0000001a     rtos_pem4f.oem4f (.text:xdc_runtime_System_aprintf__E)
                  000080ca    00000006     --HOLE-- [fill = 0]
                  000080d0    0000001a     rtos_pem4f.oem4f (.text:xdc_runtime_System_printf__E)
                  000080ea    00000018     driverlib.lib : adc.obj (.text:ADCClockConfigSet)
                  00008102    00000018                   : adc.obj (.text:ADCProcessorTrigger)
                  0000811a    00000018                   : gpio.obj (.text:GPIOPinTypeGPIOOutput)
                  00008132    00000002     --HOLE-- [fill = 0]
                  00008134    00000018     rtsv7M4_T_le_v4SPD16_eabi.lib : args_main.c.obj (.text:_args_main)
                  0000814c    00000018                                   : snprintf.c.obj (.text:_outc)
                  00008164    00000004     --HOLE-- [fill = 0]
                  00008168    00000018     rtos_pem4f.oem4f (.text:ti_sysbios_BIOS_rtsUnlock__I)
                  00008180    00000018     rtos_pem4f.oem4f (.text:ti_sysbios_family_arm_lm4_Timer_Module__startupDone__F)
                  00008198    00000018     rtos_pem4f.oem4f (.text:ti_sysbios_family_arm_m3_Hwi_Module__startupDone__F)
                  000081b0    00000018     sysbios.aem4f : m3_TaskSupport_asm.obj (.text:ti_sysbios_family_arm_m3_TaskSupport_swap__E)
                  000081c8    00000018                   : BIOS.obj (.text:ti_sysbios_gates_GateMutex_leave__E)
                  000081e0    00000018     ti.targets.arm.rtsarm.aem4f : Error.oem4f (.text:xdc_runtime_Error_check__E)
                  000081f8    00000018                                 : System.oem4f (.text:xdc_runtime_System_exit__E)
                  00008210    00000018                                 : Text.oem4f (.text:xdc_runtime_Text_ropeText__E)
                  00008228    00000016     grlib.lib : string.obj (.text:GrStringDraw)
                  0000823e    00000016     rtsv7M4_T_le_v4SPD16_eabi.lib : strchr.c.obj (.text:strchr)
                  00008254    00000004     --HOLE-- [fill = 0]
                  00008258    00000016     rtos_pem4f.oem4f (.text:ti_sysbios_BIOS_exitFunc__I)
                  0000826e    00000002     --HOLE-- [fill = 0]
                  00008270    00000016     sysbios.aem4f : BIOS.obj (.text:ti_sysbios_knl_Task_unblock__E)
                  00008286    00000002     --HOLE-- [fill = 0]
                  00008288    00000014     Crystalfontz128x128_ST7735.obj (.text:Crystalfontz128x128_PixelDraw)
                  0000829c    00000014     driverlib.lib : pwm.obj (.text:PWMClockSet)
                  000082b0    00000014     rtsv7M4_T_le_v4SPD16_eabi.lib : strlen.c.obj (.text:strlen)
                  000082c4    00000004     --HOLE-- [fill = 0]
                  000082c8    00000014     rtos_pem4f.oem4f (.text:ti_sysbios_family_arm_m3_Hwi_Object__get__S)
                  000082dc    00000004     --HOLE-- [fill = 0]
                  000082e0    00000014     sysbios.aem4f : BIOS.obj (.text:ti_sysbios_family_arm_m3_Hwi_switchFromBootStack__E)
                  000082f4    00000004     --HOLE-- [fill = 0]
                  000082f8    00000014     rtos_pem4f.oem4f (.text:ti_sysbios_heaps_HeapMem_Object__get__S)
                  0000830c    00000004     --HOLE-- [fill = 0]
                  00008310    00000014     rtos_pem4f.oem4f (.text:ti_sysbios_knl_Mailbox_Object__get__S)
                  00008324    00000004     --HOLE-- [fill = 0]
                  00008328    00000014     rtos_pem4f.oem4f (.text:ti_sysbios_knl_Swi_Object__get__S)
                  0000833c    00000012     driverlib.lib : gpio.obj (.text:GPIOPinTypeADC)
                  0000834e    00000012                   : gpio.obj (.text:GPIOPinTypeGPIOInput)
                  00008360    00000012                   : gpio.obj (.text:GPIOPinTypePWM)
                  00008372    00000012                   : gpio.obj (.text:GPIOPinTypeSSI)
                  00008384    00000012                   : pwm.obj (.text:PWMOutputState)
                  00008396    00000002     --HOLE-- [fill = 0]
                  00008398    00000012     sysbios.aem4f : BIOS.obj (.text:ti_sysbios_hal_Hwi_Module_startup__E)
                  000083aa    00000012     rtsv7M4_T_le_v4SPD16_eabi.lib : wcslen.c.obj (.text:wcslen)
                  000083bc    00000004     --HOLE-- [fill = 0]
                  000083c0    00000012     rtos_pem4f.oem4f (.text:xdc_runtime_Startup_exec__I)
                  000083d2    00000006     --HOLE-- [fill = 0]
                  000083d8    00000010     rtos_pem4f.oem4f (.text:.bootCodeSection:ti_catalog_arm_cortexm4_tiva_ce_Boot_init__I)
                  000083e8    00000010     driverlib.lib : adc.obj (.text:ADCIntEnable)
                  000083f8    00000010                   : interrupt.obj (.text:IntMasterDisable)
                  00008408    00000010                   : interrupt.obj (.text:IntMasterEnable)
                  00008418    00000010                   : pwm.obj (.text:PWMGenPeriodSet)
                  00008428    00000010     sysbios.aem4f : BIOS.obj (.text:ti_sysbios_BIOS_setThreadType__E)
                  00008438    00000010                   : BIOS.obj (.text:ti_sysbios_BIOS_start__E)
                  00008448    00000010                   : m3_TaskSupport_asm.obj (.text:ti_sysbios_family_arm_m3_TaskSupport_glue)
                  00008458    00000010                   : BIOS.obj (.text:ti_sysbios_gates_GateMutex_Instance_finalize__E)
                  00008468    00000010                   : BIOS.obj (.text:ti_sysbios_knl_Semaphore_Instance_finalize__E)
                  00008478    00000010                   : BIOS.obj (.text:ti_sysbios_knl_Swi_disable__E)
                  00008488    00000010     rtos_pem4f.oem4f (.text:ti_sysbios_knl_Task_Object__get__S)
                  00008498    00000010     sysbios.aem4f : BIOS.obj (.text:ti_sysbios_knl_Task_disable__E)
                  000084a8    00000010     ti.targets.arm.rtsarm.aem4f : Gate.oem4f (.text:xdc_runtime_Gate_leaveSystem__E)
                  000084b8    00000010                                 : Memory.oem4f (.text:xdc_runtime_Memory_free__E)
                  000084c8    00000010                                 : SysMin.oem4f (.text:xdc_runtime_SysMin_ready__E)
                  000084d8    00000010                                 : System.oem4f (.text:xdc_runtime_System_vsnprintf__E)
                  000084e8    00000010     rtos_pem4f.oem4f (.text:xdc_runtime_Text_visitRope__I)
                  000084f8    0000000e     driverlib.lib : adc.obj (.text:ADCSequenceDisable)
                  00008506    0000000e                   : adc.obj (.text:ADCSequenceEnable)
                  00008514    0000000e     rtsv7M4_T_le_v4SPD16_eabi.lib : copy_decompress_none.c.obj (.text:decompress:none:__TI_decompress_none)
                  00008522    00000006     --HOLE-- [fill = 0]
                  00008528    0000000e     sysbios.aem4f : BIOS.obj (.text:ti_sysbios_knl_Idle_loop__E)
                  00008536    00000002     --HOLE-- [fill = 0]
                  00008538    0000000e                   : BIOS.obj (.text:ti_sysbios_knl_Queue_empty__E)
                  00008546    0000000c     driverlib.lib : cpu.obj (.text:CPUcpsid)
                  00008552    0000000c                   : cpu.obj (.text:CPUcpsie)
                  0000855e    00000002     --HOLE-- [fill = 0]
                  00008560    0000000c     HAL_EK_TM4C1294XL_Crystalfontz128x128_ST7735.obj (.text:HAL_LCD_writeData)
                  0000856c    0000000c     driverlib.lib : pwm.obj (.text:PWMGenEnable)
                  00008578    0000000c     rtsv7M4_T_le_v4SPD16_eabi.lib : _lock.c.obj (.text:_register_lock)
                  00008584    0000000c                                   : _lock.c.obj (.text:_register_unlock)
                  00008590    0000000c     buttons.obj (.text:button_clock_func)
                  0000859c    0000000c     rtsv7M4_T_le_v4SPD16_eabi.lib : copy_zero_init.c.obj (.text:decompress:ZI:__TI_zero_init)
                  000085a8    0000000c     sysbios.aem4f : BIOS.obj (.text:ti_sysbios_family_arm_lm4_Timer_getMaxTicks__E)
                  000085b4    00000004     --HOLE-- [fill = 0]
                  000085b8    0000000c                   : BIOS.obj (.text:ti_sysbios_family_arm_m3_TaskSupport_checkStack__E)
                  000085c4    00000004     --HOLE-- [fill = 0]
                  000085c8    0000000c                   : BIOS.obj (.text:ti_sysbios_gates_GateHwi_enter__E)
                  000085d4    00000004     --HOLE-- [fill = 0]
                  000085d8    0000000c     rtos_pem4f.oem4f (.text:ti_sysbios_knl_Queue_Object__get__S)
                  000085e4    0000000c     ti.targets.arm.rtsarm.aem4f : Error.oem4f (.text:xdc_runtime_Error_init__E)
                  000085f0    0000000c                                 : Gate.oem4f (.text:xdc_runtime_Gate_enterSystem__E)
                  000085fc    0000000c                                 : Memory.oem4f (.text:xdc_runtime_Memory_calloc__E)
                  00008608    0000000c                                 : Memory.oem4f (.text:xdc_runtime_Memory_getMaxDefaultTypeAlign__E)
                  00008614    0000000a     driverlib.lib : adc.obj (.text:ADCIntClear)
                  0000861e    0000000a                   : ssi.obj (.text:SSIDataPut)
                  00008628    0000000a                   : ssi.obj (.text:SSIEnable)
                  00008632    00000006     --HOLE-- [fill = 0]
                  00008638    0000000a     rtos_pem4f.oem4f (.text:xdc_runtime_IHeap_alloc)
                  00008642    00000006     --HOLE-- [fill = 0]
                  00008648    0000000a     rtos_pem4f.oem4f (.text:xdc_runtime_IHeap_free)
                  00008652    00000008     grlib.lib : charmap.obj (.text:GrMapISO8859_1_Unicode)
                  0000865a    00000008     driverlib.lib : ssi.obj (.text:SSIBusy)
                  00008662    00000002     --HOLE-- [fill = 0]
                  00008664    00000008     rtsv7M4_T_le_v4SPD16_eabi.lib : errno.c.obj (.text:__aeabi_errno_addr)
                  0000866c    00000008     sysbios.aem4f : BIOS.obj (.text:ti_sysbios_family_arm_lm4_Timer_masterDisable__I)
                  00008674    00000004     --HOLE-- [fill = 0]
                  00008678    00000008                   : BIOS.obj (.text:ti_sysbios_family_arm_m3_Hwi_doSwiRestore__I)
                  00008680    00000008                   : BIOS.obj (.text:ti_sysbios_family_arm_m3_Hwi_startup__E)
                  00008688    00000006                   : BIOS.obj (.text:ti_sysbios_family_arm_lm4_TimestampProvider_Module_startup__E)
                  0000868e    00000002     --HOLE-- [fill = 0]
                  00008690    00000006                   : BIOS.obj (.text:ti_sysbios_family_arm_m3_Hwi_doTaskRestore__I)
                  00008696    00000002     --HOLE-- [fill = 0]
                  00008698    00000006                   : BIOS.obj (.text:ti_sysbios_gates_GateHwi_leave__E)
                  0000869e    00000002     --HOLE-- [fill = 0]
                  000086a0    00000006                   : BIOS.obj (.text:ti_sysbios_heaps_HeapMem_isBlocking__E)
                  000086a6    00000002     --HOLE-- [fill = 0]
                  000086a8    00000006                   : BIOS.obj (.text:ti_sysbios_knl_Queue_Instance_init__E)
                  000086ae    00000002     --HOLE-- [fill = 0]
                  000086b0    00000006                   : BIOS.obj (.text:ti_sysbios_knl_Swi_startup__E)
                  000086b6    00000002     --HOLE-- [fill = 0]
                  000086b8    00000004     rtos_pem4f.oem4f (.text:ti_sysbios_BIOS_RtsGateProxy_enter__E)
                  000086bc    00000004     --HOLE-- [fill = 0]
                  000086c0    00000004     rtos_pem4f.oem4f (.text:ti_sysbios_BIOS_RtsGateProxy_leave__E)
                  000086c4    00000004     --HOLE-- [fill = 0]
                  000086c8    00000004     rtos_pem4f.oem4f (.text:ti_sysbios_family_arm_m3_TaskSupport_Module__startupDone__S)
                  000086cc    00000004     --HOLE-- [fill = 0]
                  000086d0    00000004     sysbios.aem4f : BIOS.obj (.text:ti_sysbios_gates_GateHwi_query__E)
                  000086d4    00000004     --HOLE-- [fill = 0]
                  000086d8    00000004                   : BIOS.obj (.text:ti_sysbios_gates_GateMutex_query__E)
                  000086dc    00000004     --HOLE-- [fill = 0]
                  000086e0    00000004     rtos_pem4f.oem4f (.text:ti_sysbios_heaps_HeapMem_Module_GateProxy_enter__E)
                  000086e4    00000004     --HOLE-- [fill = 0]
                  000086e8    00000004     rtos_pem4f.oem4f (.text:ti_sysbios_heaps_HeapMem_Module_GateProxy_leave__E)
                  000086ec    00000004     --HOLE-- [fill = 0]
                  000086f0    00000004     rtos_pem4f.oem4f (.text:ti_sysbios_knl_Clock_TimerProxy_getMaxTicks__E)
                  000086f4    00000004     --HOLE-- [fill = 0]
                  000086f8    00000004     rtos_pem4f.oem4f (.text:ti_sysbios_knl_Queue_destruct)
                  000086fc    00000004     --HOLE-- [fill = 0]
                  00008700    00000004     rtos_pem4f.oem4f (.text:ti_sysbios_knl_Semaphore_destruct)
                  00008704    00000004     --HOLE-- [fill = 0]
                  00008708    00000004     sysbios.aem4f : BIOS.obj (.text:ti_sysbios_knl_Task_startup__E)
                  0000870c    00000004     --HOLE-- [fill = 0]
                  00008710    00000004     rtos_pem4f.oem4f (.text:xdc_runtime_System_Module_GateProxy_enter__E)
                  00008714    00000004     --HOLE-- [fill = 0]
                  00008718    00000004     rtos_pem4f.oem4f (.text:xdc_runtime_System_Module_GateProxy_leave__E)
                  0000871c    00000004     --HOLE-- [fill = 0]
                  00008720    00000002     rtos_pem4f.oem4f (.text:ti_sysbios_BIOS_nullFunc__I)
                  00008722    00000006     --HOLE-- [fill = 0]
                  00008728    00000002     sysbios.aem4f : BIOS.obj (.text:ti_sysbios_gates_GateHwi_Instance_init__E)
                  0000872a    00000006     --HOLE-- [fill = 0]
                  00008730    00000002                   : BIOS.obj (.text:ti_sysbios_knl_Clock_logTick__E)
                  00008732    00000006     --HOLE-- [fill = 0]
                  00008738    00000002     rtos_pem4f.oem4f (.text:xdc_runtime_Startup_reset__I)

.const     0    0000873c    00002628     
                  0000873c    000019a2     rtos_pem4f.oem4f (.const:xdc_runtime_Text_charTab__A)
                  0000a0de    000002f8     grlib.lib : fontfixed6x8.obj (.const:.string:g_pui8FontFixed6x8Data)
                  0000a3d6    00000002     rtos_pem4f.oem4f (.const:ti_catalog_arm_cortexm4_tiva_ce_Boot_Module__id__C)
                  0000a3d8    00000120     Boot.aem4f : Boot_sysctl.oem4f (.const:g_pppui32XTALtoVCO)
                  0000a4f8    00000101     rtsv7M4_T_le_v4SPD16_eabi.lib : ctype.c.obj (.const:.string:_ctypes_)
                  0000a5f9    00000001     rtos_pem4f.oem4f (.const:xdc_runtime_Error_policy__C)
                  0000a5fa    00000002     rtos_pem4f.oem4f (.const:ti_sysbios_family_arm_lm4_TimestampProvider_Module__id__C)
                  0000a5fc    000000c8     grlib.lib : fontfixed6x8.obj (.const:g_sFontFixed6x8)
                  0000a6c4    000000c8     rtos_pem4f.oem4f (.const:xdc_runtime_Text_nodeTab__A)
                  0000a78c    00000090     driverlib.lib : gpio.obj (.const:g_pui32GPIOBaseAddrs)
                  0000a81c    0000006c     Boot.aem4f : Boot_sysctl.oem4f (.const:g_pui32Xtals)
                  0000a888    00000048     rtos_pem4f.oem4f (.const:.string)
                  0000a8d0    00000030     Boot.aem4f : Boot_sysctl.oem4f (.const:g_sXTALtoMEMTIM)
                  0000a900    00000030     rtos_pem4f.oem4f (.const)
                  0000a930    00000028     Crystalfontz128x128_ST7735.obj (.const:g_sCrystalfontz128x128)
                  0000a958    00000028     rtos_pem4f.oem4f (.const:ti_sysbios_heaps_HeapMem_Module__FXNS__C)
                  0000a980    00000028     rtos_pem4f.oem4f (.const:xdc_runtime_Startup_sfxnTab__A)
                  0000a9a8    00000024     rtos_pem4f.oem4f (.const:ti_sysbios_gates_GateHwi_Module__FXNS__C)
                  0000a9cc    00000024     rtos_pem4f.oem4f (.const:ti_sysbios_gates_GateMutex_Module__FXNS__C)
                  0000a9f0    00000024     rtos_pem4f.oem4f (.const:ti_sysbios_heaps_HeapMem_Object__PARAMS__C)
                  0000aa14    00000024     rtos_pem4f.oem4f (.const:ti_sysbios_knl_Semaphore_Object__PARAMS__C)
                  0000aa38    00000020     rtos_pem4f.oem4f (.const:ti_sysbios_gates_GateHwi_Object__DESC__C)
                  0000aa58    00000020     rtos_pem4f.oem4f (.const:ti_sysbios_gates_GateMutex_Object__DESC__C)
                  0000aa78    00000020     rtos_pem4f.oem4f (.const:ti_sysbios_heaps_HeapMem_Object__DESC__C)
                  0000aa98    00000020     rtos_pem4f.oem4f (.const:ti_sysbios_knl_Queue_Object__DESC__C)
                  0000aab8    00000020     rtos_pem4f.oem4f (.const:ti_sysbios_knl_Semaphore_Object__DESC__C)
                  0000aad8    00000018     main.obj (.const:TIME_SCALES)
                  0000aaf0    00000018     rtos_pem4f.oem4f (.const:ti_sysbios_gates_GateHwi_Object__PARAMS__C)
                  0000ab08    00000018     rtos_pem4f.oem4f (.const:ti_sysbios_gates_GateMutex_Object__PARAMS__C)
                  0000ab20    00000018     rtos_pem4f.oem4f (.const:ti_sysbios_knl_Queue_Object__PARAMS__C)
                  0000ab38    00000018     rtos_pem4f.oem4f (.const:xdc_runtime_Startup_firstFxns__A)
                  0000ab50    00000014     main.obj (.const:VOLTAGE_SCALES)
                  0000ab64    00000014     rtos_pem4f.oem4f (.const:xdc_runtime_Startup_sfxnRts__A)
                  0000ab78    00000010     grlib.lib : context.obj (.const)
                  0000ab88    00000008     Boot.aem4f : Boot_sysctl.oem4f (.const)
                  0000ab90    00000008     rtos_pem4f.oem4f (.const:ti_sysbios_family_arm_m3_Hwi_excHookFuncs__A)
                  0000ab98    00000008     rtos_pem4f.oem4f (.const:ti_sysbios_knl_Idle_funcList__C)
                  0000aba0    00000008     rtos_pem4f.oem4f (.const:xdc_runtime_Startup_firstFxns__C)
                  0000aba8    00000008     rtos_pem4f.oem4f (.const:xdc_runtime_Startup_lastFxns__C)
                  0000abb0    00000004     rtos_pem4f.oem4f (.const:ti_catalog_arm_cortexm4_tiva_ce_Boot_A_mustNotUseEnhancedClockMode__C)
                  0000abb4    00000004     rtos_pem4f.oem4f (.const:ti_catalog_arm_cortexm4_tiva_ce_Boot_Module__diagsEnabled__C)
                  0000abb8    00000004     rtos_pem4f.oem4f (.const:ti_catalog_arm_cortexm4_tiva_ce_Boot_Module__diagsIncluded__C)
                  0000abbc    00000004     rtos_pem4f.oem4f (.const:ti_catalog_arm_cortexm4_tiva_ce_Boot_Module__diagsMask__C)
                  0000abc0    00000004     rtos_pem4f.oem4f (.const:ti_sysbios_family_arm_lm4_Timer_enableFunc__C)
                  0000abc4    00000004     rtos_pem4f.oem4f (.const:ti_sysbios_family_arm_lm4_Timer_numTimerDevices__C)
                  0000abc8    00000004     rtos_pem4f.oem4f (.const:ti_sysbios_family_arm_lm4_Timer_startupNeeded__C)
                  0000abcc    00000004     rtos_pem4f.oem4f (.const:ti_sysbios_family_arm_lm4_TimestampProvider_Module__diagsEnabled__C)
                  0000abd0    00000004     rtos_pem4f.oem4f (.const:ti_sysbios_family_arm_lm4_TimestampProvider_Module__diagsIncluded__C)
                  0000abd4    00000004     rtos_pem4f.oem4f (.const:ti_sysbios_family_arm_lm4_TimestampProvider_Module__diagsMask__C)
                  0000abd8    00000004     rtos_pem4f.oem4f (.const:ti_sysbios_family_arm_m3_Hwi_E_NMI__C)
                  0000abdc    00000004     rtos_pem4f.oem4f (.const:ti_sysbios_family_arm_m3_Hwi_E_busFault__C)
                  0000abe0    00000004     rtos_pem4f.oem4f (.const:ti_sysbios_family_arm_m3_Hwi_E_debugMon__C)
                  0000abe4    00000004     rtos_pem4f.oem4f (.const:ti_sysbios_family_arm_m3_Hwi_E_hardFault__C)
                  0000abe8    00000004     rtos_pem4f.oem4f (.const:ti_sysbios_family_arm_m3_Hwi_E_memFault__C)
                  0000abec    00000004     rtos_pem4f.oem4f (.const:ti_sysbios_family_arm_m3_Hwi_E_noIsr__C)
                  0000abf0    00000004     rtos_pem4f.oem4f (.const:ti_sysbios_family_arm_m3_Hwi_E_reserved__C)
                  0000abf4    00000004     rtos_pem4f.oem4f (.const:ti_sysbios_family_arm_m3_Hwi_E_svCall__C)
                  0000abf8    00000004     rtos_pem4f.oem4f (.const:ti_sysbios_family_arm_m3_Hwi_E_usageFault__C)
                  0000abfc    00000004     rtos_pem4f.oem4f (.const:ti_sysbios_family_arm_m3_Hwi_NUM_INTERRUPTS__C)
                  0000ac00    00000004     rtos_pem4f.oem4f (.const:ti_sysbios_family_arm_m3_Hwi_Object__count__C)
                  0000ac04    00000004     rtos_pem4f.oem4f (.const:ti_sysbios_family_arm_m3_Hwi_ccr__C)
                  0000ac08    00000004     rtos_pem4f.oem4f (.const:ti_sysbios_family_arm_m3_Hwi_excHandlerFunc__C)
                  0000ac0c    00000004     rtos_pem4f.oem4f (.const:ti_sysbios_family_arm_m3_Hwi_excHookFuncs__C)
                  0000ac10    00000004     rtos_pem4f.oem4f (.const:ti_sysbios_family_arm_m3_Hwi_nullIsrFunc__C)
                  0000ac14    00000004     rtos_pem4f.oem4f (.const:ti_sysbios_family_arm_m3_Hwi_priGroup__C)
                  0000ac18    00000004     rtos_pem4f.oem4f (.const:ti_sysbios_gates_GateMutex_A_badContext__C)
                  0000ac1c    00000004     rtos_pem4f.oem4f (.const:ti_sysbios_gates_GateMutex_Instance_State_sem__O)
                  0000ac20    00000004     rtos_pem4f.oem4f (.const:ti_sysbios_gates_GateMutex_Module__diagsEnabled__C)
                  0000ac24    00000004     rtos_pem4f.oem4f (.const:ti_sysbios_gates_GateMutex_Module__diagsIncluded__C)
                  0000ac28    00000004     rtos_pem4f.oem4f (.const:ti_sysbios_gates_GateMutex_Module__diagsMask__C)
                  0000ac2c    00000004     rtos_pem4f.oem4f (.const:ti_sysbios_hal_Hwi_E_stackOverflow__C)
                  0000ac30    00000004     rtos_pem4f.oem4f (.const:ti_sysbios_heaps_HeapMem_A_align__C)
                  0000ac34    00000004     rtos_pem4f.oem4f (.const:ti_sysbios_heaps_HeapMem_A_heapSize__C)
                  0000ac38    00000004     rtos_pem4f.oem4f (.const:ti_sysbios_heaps_HeapMem_A_invalidFree__C)
                  0000ac3c    00000004     rtos_pem4f.oem4f (.const:ti_sysbios_heaps_HeapMem_A_zeroBlock__C)
                  0000ac40    00000004     rtos_pem4f.oem4f (.const:ti_sysbios_heaps_HeapMem_E_memory__C)
                  0000ac44    00000004     rtos_pem4f.oem4f (.const:ti_sysbios_heaps_HeapMem_Module__diagsEnabled__C)
                  0000ac48    00000004     rtos_pem4f.oem4f (.const:ti_sysbios_heaps_HeapMem_Module__diagsIncluded__C)
                  0000ac4c    00000004     rtos_pem4f.oem4f (.const:ti_sysbios_heaps_HeapMem_Module__diagsMask__C)
                  0000ac50    00000004     rtos_pem4f.oem4f (.const:ti_sysbios_heaps_HeapMem_Module__gateObj__C)
                  0000ac54    00000004     rtos_pem4f.oem4f (.const:ti_sysbios_heaps_HeapMem_Object__count__C)
                  0000ac58    00000004     rtos_pem4f.oem4f (.const:ti_sysbios_heaps_HeapMem_reqAlign__C)
                  0000ac5c    00000004     rtos_pem4f.oem4f (.const:ti_sysbios_knl_Clock_Module_State_clockQ__O)
                  0000ac60    00000004     rtos_pem4f.oem4f (.const:ti_sysbios_knl_Idle_funcList__A)
                  0000ac64    00000004     rtos_pem4f.oem4f (.const:ti_sysbios_knl_Mailbox_Instance_State_dataQue__O)
                  0000ac68    00000004     rtos_pem4f.oem4f (.const:ti_sysbios_knl_Mailbox_Instance_State_dataSem__O)
                  0000ac6c    00000004     rtos_pem4f.oem4f (.const:ti_sysbios_knl_Mailbox_Instance_State_freeQue__O)
                  0000ac70    00000004     rtos_pem4f.oem4f (.const:ti_sysbios_knl_Mailbox_Instance_State_freeSem__O)
                  0000ac74    00000004     rtos_pem4f.oem4f (.const:ti_sysbios_knl_Mailbox_Object__count__C)
                  0000ac78    00000004     rtos_pem4f.oem4f (.const:ti_sysbios_knl_Mailbox_maxTypeAlign__C)
                  0000ac7c    00000004     rtos_pem4f.oem4f (.const:ti_sysbios_knl_Semaphore_A_badContext__C)
                  0000ac80    00000004     rtos_pem4f.oem4f (.const:ti_sysbios_knl_Semaphore_A_noEvents__C)
                  0000ac84    00000004     rtos_pem4f.oem4f (.const:ti_sysbios_knl_Semaphore_A_overflow__C)
                  0000ac88    00000004     rtos_pem4f.oem4f (.const:ti_sysbios_knl_Semaphore_A_pendTaskDisabled__C)
                  0000ac8c    00000004     rtos_pem4f.oem4f (.const:ti_sysbios_knl_Semaphore_Instance_State_pendQ__O)
                  0000ac90    00000004     rtos_pem4f.oem4f (.const:ti_sysbios_knl_Semaphore_Module__diagsEnabled__C)
                  0000ac94    00000004     rtos_pem4f.oem4f (.const:ti_sysbios_knl_Semaphore_Module__diagsIncluded__C)
                  0000ac98    00000004     rtos_pem4f.oem4f (.const:ti_sysbios_knl_Semaphore_Module__diagsMask__C)
                  0000ac9c    00000004     rtos_pem4f.oem4f (.const:ti_sysbios_knl_Swi_Object__count__C)
                  0000aca0    00000004     rtos_pem4f.oem4f (.const:ti_sysbios_knl_Task_E_spOutOfBounds__C)
                  0000aca4    00000004     rtos_pem4f.oem4f (.const:ti_sysbios_knl_Task_E_stackOverflow__C)
                  0000aca8    00000004     rtos_pem4f.oem4f (.const:ti_sysbios_knl_Task_Module_State_inactiveQ__O)
                  0000acac    00000004     rtos_pem4f.oem4f (.const:ti_sysbios_knl_Task_Object__count__C)
                  0000acb0    00000004     rtos_pem4f.oem4f (.const:ti_sysbios_knl_Task_allBlockedFunc__C)
                  0000acb4    00000004     rtos_pem4f.oem4f (.const:ti_sysbios_knl_Task_numConstructedTasks__C)
                  0000acb8    00000004     rtos_pem4f.oem4f (.const:xdc_runtime_Assert_E_assertFailed__C)
                  0000acbc    00000004     rtos_pem4f.oem4f (.const:xdc_runtime_Core_A_initializedParams__C)
                  0000acc0    00000004     rtos_pem4f.oem4f (.const:xdc_runtime_Core_Module__diagsEnabled__C)
                  0000acc4    00000004     rtos_pem4f.oem4f (.const:xdc_runtime_Core_Module__diagsIncluded__C)
                  0000acc8    00000004     rtos_pem4f.oem4f (.const:xdc_runtime_Core_Module__diagsMask__C)
                  0000accc    00000004     rtos_pem4f.oem4f (.const:xdc_runtime_Error_E_memory__C)
                  0000acd0    00000004     rtos_pem4f.oem4f (.const:xdc_runtime_Error_Module__diagsEnabled__C)
                  0000acd4    00000004     rtos_pem4f.oem4f (.const:xdc_runtime_Error_Module__diagsIncluded__C)
                  0000acd8    00000004     rtos_pem4f.oem4f (.const:xdc_runtime_Error_Module__diagsMask__C)
                  0000acdc    00000004     rtos_pem4f.oem4f (.const:xdc_runtime_Error_Module__loggerFxn8__C)
                  0000ace0    00000004     rtos_pem4f.oem4f (.const:xdc_runtime_Error_Module__loggerObj__C)
                  0000ace4    00000004     rtos_pem4f.oem4f (.const:xdc_runtime_Error_policyFxn__C)
                  0000ace8    00000004     rtos_pem4f.oem4f (.const:xdc_runtime_Error_raiseHook__C)
                  0000acec    00000004     rtos_pem4f.oem4f (.const:xdc_runtime_IGateProvider_Interface__BASE__C)
                  0000acf0    00000004     rtos_pem4f.oem4f (.const:xdc_runtime_IHeap_Interface__BASE__C)
                  0000acf4    00000004     rtos_pem4f.oem4f (.const:xdc_runtime_IModule_Interface__BASE__C)
                  0000acf8    00000004     rtos_pem4f.oem4f (.const:xdc_runtime_Log_L_error__C)
                  0000acfc    00000004     rtos_pem4f.oem4f (.const:xdc_runtime_Memory_defaultHeapInstance__C)
                  0000ad00    00000004     rtos_pem4f.oem4f (.const:xdc_runtime_Startup_execImpl__C)
                  0000ad04    00000004     rtos_pem4f.oem4f (.const:xdc_runtime_Startup_maxPasses__C)
                  0000ad08    00000004     rtos_pem4f.oem4f (.const:xdc_runtime_Startup_sfxnRts__C)
                  0000ad0c    00000004     rtos_pem4f.oem4f (.const:xdc_runtime_Startup_sfxnTab__C)
                  0000ad10    00000004     rtos_pem4f.oem4f (.const:xdc_runtime_SysMin_bufSize__C)
                  0000ad14    00000004     rtos_pem4f.oem4f (.const:xdc_runtime_SysMin_outputFunc__C)
                  0000ad18    00000004     rtos_pem4f.oem4f (.const:xdc_runtime_System_Module__gateObj__C)
                  0000ad1c    00000004     rtos_pem4f.oem4f (.const:xdc_runtime_System_abortFxn__C)
                  0000ad20    00000004     rtos_pem4f.oem4f (.const:xdc_runtime_System_exitFxn__C)
                  0000ad24    00000004     rtos_pem4f.oem4f (.const:xdc_runtime_System_extendFxn__C)
                  0000ad28    00000004     rtos_pem4f.oem4f (.const:xdc_runtime_System_maxAtexitHandlers__C)
                  0000ad2c    00000004     rtos_pem4f.oem4f (.const:xdc_runtime_Text_charTab__C)
                  0000ad30    00000004     rtos_pem4f.oem4f (.const:xdc_runtime_Text_nameEmpty__C)
                  0000ad34    00000004     rtos_pem4f.oem4f (.const:xdc_runtime_Text_nameStatic__C)
                  0000ad38    00000004     rtos_pem4f.oem4f (.const:xdc_runtime_Text_nameUnknown__C)
                  0000ad3c    00000004     rtos_pem4f.oem4f (.const:xdc_runtime_Text_nodeTab__C)
                  0000ad40    00000004     rtos_pem4f.oem4f (.const:xdc_runtime_Text_visitRopeFxn__C)
                  0000ad44    00000002     rtos_pem4f.oem4f (.const:ti_sysbios_family_arm_lm4_TimestampProvider_useClockTimer__C)
                  0000ad46    00000002     rtos_pem4f.oem4f (.const:ti_sysbios_family_arm_m3_Hwi_Module__id__C)
                  0000ad48    00000002     rtos_pem4f.oem4f (.const:ti_sysbios_gates_GateMutex_Module__id__C)
                  0000ad4a    00000002     rtos_pem4f.oem4f (.const:ti_sysbios_hal_Hwi_Module__id__C)
                  0000ad4c    00000002     rtos_pem4f.oem4f (.const:ti_sysbios_heaps_HeapMem_Module__id__C)
                  0000ad4e    00000002     rtos_pem4f.oem4f (.const:ti_sysbios_knl_Semaphore_Module__id__C)
                  0000ad50    00000002     rtos_pem4f.oem4f (.const:ti_sysbios_knl_Task_Module__id__C)
                  0000ad52    00000002     rtos_pem4f.oem4f (.const:xdc_runtime_Core_Module__id__C)
                  0000ad54    00000002     rtos_pem4f.oem4f (.const:xdc_runtime_Error_Module__loggerDefined__C)
                  0000ad56    00000002     rtos_pem4f.oem4f (.const:xdc_runtime_Error_maxDepth__C)
                  0000ad58    00000002     rtos_pem4f.oem4f (.const:xdc_runtime_Memory_Module__id__C)
                  0000ad5a    00000002     rtos_pem4f.oem4f (.const:xdc_runtime_SysMin_flushAtExit__C)
                  0000ad5c    00000002     rtos_pem4f.oem4f (.const:xdc_runtime_Text_charCnt__C)
                  0000ad5e    00000002     rtos_pem4f.oem4f (.const:xdc_runtime_Text_isLoaded__C)
                  0000ad60    00000002     rtos_pem4f.oem4f (.const:xdc_runtime_Text_registryModsLastId__C)
                  0000ad62    00000002     rtos_pem4f.oem4f (.const:xdc_runtime_Text_unnamedModsLastId__C)

.cinit     0    0000ad68    000002d8     
                  0000ad68    0000029f     (.cinit..data.load) [load image, compression = lzss]
                  0000b007    00000001     --HOLE-- [fill = 0]
                  0000b008    0000000c     (__TI_handler_table)
                  0000b014    00000004     --HOLE-- [fill = 0]
                  0000b018    00000008     (.cinit..bss.load) [load image, compression = zero_init]
                  0000b020    00000008     (.cinit..vecs.load) [load image, compression = zero_init]
                  0000b028    00000018     (__TI_cinit_table)

.init_array 
*          0    00000000    00000000     UNINITIALIZED

.resetVecs 
*          0    00000000    0000003c     
                  00000000    0000003c     rtos_pem4f.oem4f (.resetVecs)

.data      0    20000360    000086a6     UNINITIALIZED
                  20000360    00008000     Crystalfontz128x128_ST7735.obj (.data:Lcd_buffer)
                  20008360    000001c8     rtos_pem4f.oem4f (.data:ti_sysbios_knl_Task_Object__table__V)
                  20008528    00000080     rtos_pem4f.oem4f (.data:ti_sysbios_knl_Swi_Module_State_0_readyQ__A)
                  200085a8    00000080     rtos_pem4f.oem4f (.data:ti_sysbios_knl_Task_Module_State_0_readyQ__A)
                  20008628    00000050     rtos_pem4f.oem4f (.data:ti_sysbios_knl_Mailbox_Object__table__V)
                  20008678    00000050     rtos_pem4f.oem4f (.data:ti_sysbios_knl_Semaphore_Object__table__V)
                  200086c8    00000044     rtos_pem4f.oem4f (.data:ti_sysbios_knl_Task_Module__state__V)
                  2000870c    00000040     rtos_pem4f.oem4f (.data:ti_sysbios_family_arm_lm4_Timer_Module_State_0_device__A)
                  2000874c    00000040     rtos_pem4f.oem4f (.data:ti_sysbios_family_arm_lm4_Timer_Object__table__V)
                  2000878c    00000038     rtos_pem4f.oem4f (.data:ti_sysbios_gates_GateMutex_Object__table__V)
                  200087c4    00000034     rtos_pem4f.oem4f (.data:ti_sysbios_family_arm_m3_Hwi_Module__state__V)
                  200087f8    00000030     rtos_pem4f.oem4f (.data:ti_sysbios_family_arm_m3_Hwi_Object__table__V)
                  20008828    00000030     rtos_pem4f.oem4f (.data:ti_sysbios_knl_Swi_Object__table__V)
                  20008858    0000002c     rtos_pem4f.oem4f (.data:ti_sysbios_knl_Clock_Module__state__V)
                  20008884    00000024     buttons.obj (.data:count$2)
                  200088a8    00000024     rtos_pem4f.oem4f (.data:ti_sysbios_BIOS_Module__state__V)
                  200088cc    00000020     rtos_pem4f.oem4f (.data:ti_sysbios_family_arm_lm4_Timer_Module_State_0_handles__A)
                  200088ec    00000020     rtos_pem4f.oem4f (.data:ti_sysbios_knl_Clock_Object__table__V)
                  2000890c    0000001c     rtos_pem4f.oem4f (.data:ti_sysbios_knl_Swi_Module__state__V)
                  20008928    00000018     main.obj (.data)
                  20008940    00000018     rtos_pem4f.oem4f (.data:ti_sysbios_heaps_HeapMem_Object__table__V)
                  20008958    00000010     sampling.obj (.data)
                  20008968    0000000c     rtos_pem4f.oem4f (.data:ti_sysbios_family_arm_lm4_Timer_Module__state__V)
                  20008974    0000000c     rtos_pem4f.oem4f (.data:xdc_runtime_SysMin_Module__state__V)
                  20008980    00000008     rtsv7M4_T_le_v4SPD16_eabi.lib : _lock.c.obj (.data:$O1$$)
                  20008988    00000008     buttons.obj (.data:gJoystick)
                  20008990    00000008     rtos_pem4f.oem4f (.data:ti_sysbios_family_arm_lm4_TimestampProvider_Module__state__V)
                  20008998    00000008     rtos_pem4f.oem4f (.data:ti_sysbios_gates_GateHwi_Module__root__V)
                  200089a0    00000008     rtos_pem4f.oem4f (.data:ti_sysbios_gates_GateMutex_Module__root__V)
                  200089a8    00000008     rtos_pem4f.oem4f (.data:ti_sysbios_heaps_HeapMem_Module__root__V)
                  200089b0    00000008     rtos_pem4f.oem4f (.data:ti_sysbios_knl_Queue_Module__root__V)
                  200089b8    00000008     rtos_pem4f.oem4f (.data:ti_sysbios_knl_Semaphore_Module__root__V)
                  200089c0    00000008     rtos_pem4f.oem4f (.data:xdc_runtime_Registry_Module__state__V)
                  200089c8    00000008     rtos_pem4f.oem4f (.data:xdc_runtime_Startup_Module__state__V)
                  200089d0    00000008     rtos_pem4f.oem4f (.data:xdc_runtime_System_Module_State_0_atexitHandlers__A)
                  200089d8    00000008     rtos_pem4f.oem4f (.data:xdc_runtime_System_Module__state__V)
                  200089e0    00000006     buttons.obj (.data)
                  200089e6    00000002     rtos_pem4f.oem4f (.data:ti_sysbios_family_arm_m3_Hwi_Module_State_0_excActive__A)
                  200089e8    00000004     rtsv7M4_T_le_v4SPD16_eabi.lib : errno.c.obj (.data)
                  200089ec    00000004                                   : stkdepth_vars.c.obj (.data)
                  200089f0    00000004     rtos_pem4f.oem4f (.data:ti_sysbios_family_arm_m3_Hwi_Module_State_0_excContext__A)
                  200089f4    00000004     rtos_pem4f.oem4f (.data:ti_sysbios_family_arm_m3_Hwi_Module_State_0_excStack__A)
                  200089f8    00000004     rtos_pem4f.oem4f (.data:ti_sysbios_gates_GateHwi_Object__table__V)
                  200089fc    00000004     rtos_pem4f.oem4f (.data:ti_sysbios_knl_Task_Module_State_0_idleTask__A)
                  20008a00    00000004     rtos_pem4f.oem4f (.data:xdc_runtime_Memory_Module__state__V)
                  20008a04    00000002     rtos_pem4f.oem4f (.data:xdc_runtime_Error_Module__state__V)

.bss       0    20008a08    00002f02     UNINITIALIZED
                  20008a08    00001400     rtos_pem4f.oem4f (.bss:taskStackSection)
                  20009e08    00001000     (.common:gADCBuffer)
                  2000ae08    00000400     (.common:ti_sysbios_heaps_HeapMem_Instance_State_0_buf__A)
                  2000b208    00000360     (.common:ti_sysbios_family_arm_m3_Hwi_dispatchTable)
                  2000b568    00000120     rtsv7M4_T_le_v4SPD16_eabi.lib : trgmsg.c.obj (.bss:_CIOBUF_)
                  2000b688    00000100     (.common:windowADCBuffer)
                  2000b788    000000a0     (.common:ti_sysbios_knl_Mailbox_Instance_State_0_allocBuf__A)
                  2000b828    00000080     (.common:xdc_runtime_SysMin_Module_State_0_outbuf__A)
                  2000b8a8    0000002c     (.common:sContext)
                  2000b8d4    00000014     buttons.obj (.bss:state$1)
                  2000b8e8    00000008     (.common:parmbuf)
                  2000b8f0    00000004     (.common:gADCSamplingRate)
                  2000b8f4    00000004     (.common:g_psGrLibDefaults)
                  2000b8f8    00000004     (.common:screenHeight)
                  2000b8fc    00000004     (.common:screenWidth)
                  2000b900    00000002     (.common:Lcd_ScreenHeigth)
                  2000b902    00000002     (.common:Lcd_ScreenWidth)
                  2000b904    00000002     (.common:Lcd_TouchTrim)
                  2000b906    00000001     (.common:Lcd_FlagRead)
                  2000b907    00000001     (.common:Lcd_FontSolid)
                  2000b908    00000001     (.common:Lcd_Orientation)
                  2000b909    00000001     (.common:Lcd_PenSolid)

.stack     0    2000b910    00000300     UNINITIALIZED
                  2000b910    00000300     --HOLE--

.bootVecs 
*          0    00000000    00000008     DSECT
                  00000000    00000008     boot.aem4f : boot.oem4f (.bootVecs)

.vecs      0    20000000    00000360     UNINITIALIZED
                  20000000    00000360     rtos_pem4f.oem4f (.vecs)

xdc.meta   0    00000000    000000ed     COPY SECTION
                  00000000    000000ed     rtos_pem4f.oem4f (xdc.meta)

__llvm_prf_cnts 
*          0    20000000    00000000     UNINITIALIZED

MODULE SUMMARY

       Module                                             code    ro data   rw data
       ------                                             ----    -------   -------
    .\
       Crystalfontz128x128_ST7735.obj                     958     40        32778  
       sampling.obj                                       220     0         4112   
       main.obj                                           2092    44        332    
       buttons.obj                                        956     0         74     
       HAL_EK_TM4C1294XL_Crystalfontz128x128_ST7735.obj   324     0         0      
       sysctl_pll.obj                                     72      0         0      
    +--+--------------------------------------------------+-------+---------+---------+
       Total:                                             4622    84        37296  
                                                                                   
    C:\Users\liams\Documents\ECE3849\ece3849_lab3_starter\Debug\configPkg\package\cfg\
       rtos_pem4f.oem4f                                   1474    7915      9756   
    +--+--------------------------------------------------+-------+---------+---------+
       Total:                                             1474    7915      9756   
                                                                                   
    C:/ti/tirtos_tivac_2_16_01_14/products/TivaWare_C_Series-2.1.1.71b/driverlib/ccs/Debug/driverlib.lib
       gpio.obj                                           526     144       0      
       adc.obj                                            362     0         0      
       pwm.obj                                            130     0         0      
       ssi.obj                                            88      0         0      
       sysctl.obj                                         58      0         0      
       interrupt.obj                                      32      0         0      
       cpu.obj                                            24      0         0      
    +--+--------------------------------------------------+-------+---------+---------+
       Total:                                             1220    144       0      
                                                                                   
    C:/ti/tirtos_tivac_2_16_01_14/products/TivaWare_C_Series-2.1.1.71b/grlib/ccs/Debug/grlib.lib
       string.obj                                         1192    0         0      
       fontfixed6x8.obj                                   0       960       0      
       line.obj                                           648     0         0      
       rectangle.obj                                      134     0         0      
       context.obj                                        104     16        4      
       charmap.obj                                        8       0         0      
    +--+--------------------------------------------------+-------+---------+---------+
       Total:                                             2086    976       4      
                                                                                   
    C:\Users\liams\Documents\ECE3849\ece3849_lab3_starter\src\sysbios\sysbios.aem4f
       BIOS.obj                                           10604   0         0      
       m3_Hwi_asm.obj                                     314     0         0      
       m3_TaskSupport_asm.obj                             180     0         0      
       m3_Hwi_asm_switch.obj                              118     0         0      
    +--+--------------------------------------------------+-------+---------+---------+
       Total:                                             11216   0         0      
                                                                                   
    C:\ti\ccs1250\ccs\tools\compiler\ti-cgt-arm_20.2.7.LTS\lib\rtsv7M4_T_le_v4SPD16_eabi.lib
       _printfi.c.obj                                     4851    0         0      
       fd_add_t2.asm.obj                                  438     0         0      
       trgmsg.c.obj                                       108     0         288    
       fd_div_t2.asm.obj                                  310     0         0      
       s_scalbn.c.obj                                     272     0         0      
       fd_cmp_t2.asm.obj                                  268     0         0      
       ctype.c.obj                                        0       257       0      
       fd_mul_t2.asm.obj                                  252     0         0      
       memcpy_t2.asm.obj                                  156     0         0      
       ull_div_t2.asm.obj                                 150     0         0      
       snprintf.c.obj                                     148     0         0      
       s_floorf.c.obj                                     128     0         0      
       memset_t2.asm.obj                                  122     0         0      
       s_roundf.c.obj                                     110     0         0      
       copy_decompress_lzss.c.obj                         104     0         0      
       s_frexp.c.obj                                      100     0         0      
       hostwrite.c.obj                                    88      0         0      
       _ltoa.c.obj                                        84      0         0      
       atoi.c.obj                                         76      0         0      
       cpy_tbl.c.obj                                      76      0         0      
       fd_toi_t2.asm.obj                                  72      0         0      
       fd_tou_t2.asm.obj                                  68      0         0      
       u_divt2.asm.obj                                    64      0         0      
       fs_tod_t2.asm.obj                                  56      0         0      
       i_tofd_t2.asm.obj                                  46      0         0      
       _lock.c.obj                                        26      0         8      
       u_tofd_t2.asm.obj                                  32      0         0      
[...]
0000a910  display_sem                                                          
0000a914  waveform_sem                                                         
0000a918  processing_sem                                                       
0000a91c  button_clock                                                         
0000a920  button_clock_sem                                                     
0000a924  button_task                                                          
0000a928  buttons_mail                                                         
0000a92c  ui_task                                                              
0000a930  g_sCrystalfontz128x128                                               
0000a958  ti_sysbios_heaps_HeapMem_Module__FXNS__C                             
0000a980  xdc_runtime_Startup_sfxnTab__A                                       
0000a9a8  ti_sysbios_gates_GateHwi_Module__FXNS__C                             
0000a9cc  ti_sysbios_gates_GateMutex_Module__FXNS__C                           
0000a9f0  ti_sysbios_heaps_HeapMem_Object__PARAMS__C                           
0000aa14  ti_sysbios_knl_Semaphore_Object__PARAMS__C                           
0000aa38  ti_sysbios_gates_GateHwi_Object__DESC__C                             
0000aa58  ti_sysbios_gates_GateMutex_Object__DESC__C                           
0000aa78  ti_sysbios_heaps_HeapMem_Object__DESC__C                             
0000aa98  ti_sysbios_knl_Queue_Object__DESC__C                                 
0000aab8  ti_sysbios_knl_Semaphore_Object__DESC__C                             
0000aad8  TIME_SCALES                                                          
0000aaf0  ti_sysbios_gates_GateHwi_Object__PARAMS__C                           
0000ab08  ti_sysbios_gates_GateMutex_Object__PARAMS__C                         
0000ab20  ti_sysbios_knl_Queue_Object__PARAMS__C                               
0000ab38  xdc_runtime_Startup_firstFxns__A                                     
0000ab50  VOLTAGE_SCALES                                                       
0000ab64  xdc_runtime_Startup_sfxnRts__A                                       
0000ab78  g_psDefaultCodePointMapTable                                         
0000ab90  ti_sysbios_family_arm_m3_Hwi_excHookFuncs__A                         
0000ab98  ti_sysbios_knl_Idle_funcList__C                                      
0000aba0  xdc_runtime_Startup_firstFxns__C                                     
0000aba8  xdc_runtime_Startup_lastFxns__C                                      
0000abb0  ti_catalog_arm_cortexm4_tiva_ce_Boot_A_mustNotUseEnhancedClockMode__C
0000abb4  ti_catalog_arm_cortexm4_tiva_ce_Boot_Module__diagsEnabled__C         
0000abb8  ti_catalog_arm_cortexm4_tiva_ce_Boot_Module__diagsIncluded__C        
0000abbc  ti_catalog_arm_cortexm4_tiva_ce_Boot_Module__diagsMask__C            
0000abc0  ti_sysbios_family_arm_lm4_Timer_enableFunc__C                        
0000abc4  ti_sysbios_family_arm_lm4_Timer_numTimerDevices__C                   
0000abc8  ti_sysbios_family_arm_lm4_Timer_startupNeeded__C                     
0000abcc  ti_sysbios_family_arm_lm4_TimestampProvider_Module__diagsEnabled__C  
0000abd0  ti_sysbios_family_arm_lm4_TimestampProvider_Module__diagsIncluded__C 
0000abd4  ti_sysbios_family_arm_lm4_TimestampProvider_Module__diagsMask__C     
0000abd8  ti_sysbios_family_arm_m3_Hwi_E_NMI__C                                
0000abdc  ti_sysbios_family_arm_m3_Hwi_E_busFault__C                           
0000abe0  ti_sysbios_family_arm_m3_Hwi_E_debugMon__C                           
0000abe4  ti_sysbios_family_arm_m3_Hwi_E_hardFault__C                          
0000abe8  ti_sysbios_family_arm_m3_Hwi_E_memFault__C                           
0000abec  ti_sysbios_family_arm_m3_Hwi_E_noIsr__C                              
0000abf0  ti_sysbios_family_arm_m3_Hwi_E_reserved__C                           
0000abf4  ti_sysbios_family_arm_m3_Hwi_E_svCall__C                             
0000abf8  ti_sysbios_family_arm_m3_Hwi_E_usageFault__C                         
0000abfc  ti_sysbios_family_arm_m3_Hwi_NUM_INTERRUPTS__C                       
0000ac00  ti_sysbios_family_arm_m3_Hwi_Object__count__C                        
0000ac04  ti_sysbios_family_arm_m3_Hwi_ccr__C                                  
0000ac08  ti_sysbios_family_arm_m3_Hwi_excHandlerFunc__C                       
0000ac0c  ti_sysbios_family_arm_m3_Hwi_excHookFuncs__C                         
0000ac10  ti_sysbios_family_arm_m3_Hwi_nullIsrFunc__C                          
0000ac14  ti_sysbios_family_arm_m3_Hwi_priGroup__C                             
0000ac18  ti_sysbios_gates_GateMutex_A_badContext__C                           
0000ac1c  ti_sysbios_gates_GateMutex_Instance_State_sem__O                     
0000ac20  ti_sysbios_gates_GateMutex_Module__diagsEnabled__C                   
0000ac24  ti_sysbios_gates_GateMutex_Module__diagsIncluded__C                  
0000ac28  ti_sysbios_gates_GateMutex_Module__diagsMask__C                      
0000ac2c  ti_sysbios_hal_Hwi_E_stackOverflow__C                                
0000ac30  ti_sysbios_heaps_HeapMem_A_align__C                                  
0000ac34  ti_sysbios_heaps_HeapMem_A_heapSize__C                               
0000ac38  ti_sysbios_heaps_HeapMem_A_invalidFree__C                            
0000ac3c  ti_sysbios_heaps_HeapMem_A_zeroBlock__C                              
0000ac40  ti_sysbios_heaps_HeapMem_E_memory__C                                 
0000ac44  ti_sysbios_heaps_HeapMem_Module__diagsEnabled__C                     
0000ac48  ti_sysbios_heaps_HeapMem_Module__diagsIncluded__C                    
0000ac4c  ti_sysbios_heaps_HeapMem_Module__diagsMask__C                        
0000ac50  ti_sysbios_heaps_HeapMem_Module__gateObj__C                          
0000ac54  ti_sysbios_heaps_HeapMem_Object__count__C                            
0000ac58  ti_sysbios_heaps_HeapMem_reqAlign__C                                 
0000ac5c  ti_sysbios_knl_Clock_Module_State_clockQ__O                          
0000ac60  ti_sysbios_knl_Idle_funcList__A                                      
0000ac64  ti_sysbios_knl_Mailbox_Instance_State_dataQue__O                     
0000ac68  ti_sysbios_knl_Mailbox_Instance_State_dataSem__O                     
0000ac6c  ti_sysbios_knl_Mailbox_Instance_State_freeQue__O                     
0000ac70  ti_sysbios_knl_Mailbox_Instance_State_freeSem__O                     
0000ac74  ti_sysbios_knl_Mailbox_Object__count__C                              
0000ac78  ti_sysbios_knl_Mailbox_maxTypeAlign__C                               
0000ac7c  ti_sysbios_knl_Semaphore_A_badContext__C                             
0000ac80  ti_sysbios_knl_Semaphore_A_noEvents__C                               
0000ac84  ti_sysbios_knl_Semaphore_A_overflow__C                               
0000ac88  ti_sysbios_knl_Semaphore_A_pendTaskDisabled__C                       
0000ac8c  ti_sysbios_knl_Semaphore_Instance_State_pendQ__O                     
0000ac90  ti_sysbios_knl_Semaphore_Module__diagsEnabled__C                     
0000ac94  ti_sysbios_knl_Semaphore_Module__diagsIncluded__C                    
0000ac98  ti_sysbios_knl_Semaphore_Module__diagsMask__C                        
0000ac9c  ti_sysbios_knl_Swi_Object__count__C                                  
0000aca0  ti_sysbios_knl_Task_E_spOutOfBounds__C                               
0000aca4  ti_sysbios_knl_Task_E_stackOverflow__C                               
0000aca8  ti_sysbios_knl_Task_Module_State_inactiveQ__O                        
0000acac  ti_sysbios_knl_Task_Object__count__C                                 
0000acb0  ti_sysbios_knl_Task_allBlockedFunc__C                                
0000acb4  ti_sysbios_knl_Task_numConstructedTasks__C                           
0000acb8  xdc_runtime_Assert_E_assertFailed__C                                 
0000acbc  xdc_runtime_Core_A_initializedParams__C                              
0000acc0  xdc_runtime_Core_Module__diagsEnabled__C                             
0000acc4  xdc_runtime_Core_Module__diagsIncluded__C                            
0000acc8  xdc_runtime_Core_Module__diagsMask__C                                
0000accc  xdc_runtime_Error_E_memory__C                                        
0000acd0  xdc_runtime_Error_Module__diagsEnabled__C                            
0000acd4  xdc_runtime_Error_Module__diagsIncluded__C                           
0000acd8  xdc_runtime_Error_Module__diagsMask__C                               
0000acdc  xdc_runtime_Error_Module__loggerFxn8__C                              
0000ace0  xdc_runtime_Error_Module__loggerObj__C                               
0000ace4  xdc_runtime_Error_policyFxn__C                                       
0000ace8  xdc_runtime_Error_raiseHook__C                                       
0000acec  xdc_runtime_IGateProvider_Interface__BASE__C                         
0000acf0  xdc_runtime_IHeap_Interface__BASE__C                                 
0000acf4  xdc_runtime_IModule_Interface__BASE__C                               
0000acf8  xdc_runtime_Log_L_error__C                                           
0000acfc  xdc_runtime_Memory_defaultHeapInstance__C                            
0000ad00  xdc_runtime_Startup_execImpl__C                                      
0000ad04  xdc_runtime_Startup_maxPasses__C                                     
0000ad08  xdc_runtime_Startup_sfxnRts__C                                       
0000ad0c  xdc_runtime_Startup_sfxnTab__C                                       
0000ad10  xdc_runtime_SysMin_bufSize__C                                        
0000ad14  xdc_runtime_SysMin_outputFunc__C                                     
0000ad18  xdc_runtime_System_Module__gateObj__C                                
0000ad1c  xdc_runtime_System_abortFxn__C                                       
0000ad20  xdc_runtime_System_exitFxn__C                                        
0000ad24  xdc_runtime_System_extendFxn__C                                      
0000ad28  xdc_runtime_System_maxAtexitHandlers__C                              
0000ad2c  xdc_runtime_Text_charTab__C                                          
0000ad30  xdc_runtime_Text_nameEmpty__C                                        
0000ad34  xdc_runtime_Text_nameStatic__C                                       
0000ad38  xdc_runtime_Text_nameUnknown__C                                      
0000ad3c  xdc_runtime_Text_nodeTab__C                                          
0000ad40  xdc_runtime_Text_visitRopeFxn__C                                     
0000ad44  ti_sysbios_family_arm_lm4_TimestampProvider_useClockTimer__C         
0000ad46  ti_sysbios_family_arm_m3_Hwi_Module__id__C                           
0000ad48  ti_sysbios_gates_GateMutex_Module__id__C                             
0000ad4a  ti_sysbios_hal_Hwi_Module__id__C                                     
0000ad4c  ti_sysbios_heaps_HeapMem_Module__id__C                               
0000ad4e  ti_sysbios_knl_Semaphore_Module__id__C                               
0000ad50  ti_sysbios_knl_Task_Module__id__C                                    
0000ad52  xdc_runtime_Core_Module__id__C                                       
0000ad54  xdc_runtime_Error_Module__loggerDefined__C                           
0000ad56  xdc_runtime_Error_maxDepth__C                                        
0000ad58  xdc_runtime_Memory_Module__id__C                                     
0000ad5a  xdc_runtime_SysMin_flushAtExit__C                                    
0000ad5c  xdc_runtime_Text_charCnt__C                                          
0000ad5e  xdc_runtime_Text_isLoaded__C                                         
0000ad60  xdc_runtime_Text_registryModsLastId__C                               
0000ad62  xdc_runtime_Text_unnamedModsLastId__C                                
0000ad68  __TI_static_base__                                                   
0000b008  __TI_Handler_Table_Base                                              
0000b014  __TI_Handler_Table_Limit                                             
0000b028  __TI_CINIT_Base                                                      
0000b040  __TI_CINIT_Limit                                                     
20000000  __start___llvm_prf_cnts                                              
20000000  __stop___llvm_prf_cnts                                               
20000000  ti_sysbios_family_arm_m3_Hwi_ramVectors                              
20000360  Lcd_buffer                                                           
20008360  ti_sysbios_knl_Task_Object__table__V                                 
20008528  ti_sysbios_knl_Swi_Module_State_0_readyQ__A                          
200085a8  ti_sysbios_knl_Task_Module_State_0_readyQ__A                         
20008628  ti_sysbios_knl_Mailbox_Object__table__V                              
20008678  ti_sysbios_knl_Semaphore_Object__table__V                            
200086c8  ti_sysbios_knl_Task_Module__state__V                                 
2000870c  ti_sysbios_family_arm_lm4_Timer_Module_State_0_device__A             
2000874c  ti_sysbios_family_arm_lm4_Timer_Object__table__V                     
2000878c  ti_sysbios_gates_GateMutex_Object__table__V                          
200087c4  ti_sysbios_family_arm_m3_Hwi_Module__state__V                        
200087f8  ti_sysbios_family_arm_m3_Hwi_Object__table__V                        
20008828  ti_sysbios_knl_Swi_Object__table__V                                  
20008858  ti_sysbios_knl_Clock_Module__state__V                                
200088a8  ti_sysbios_BIOS_Module__state__V                                     
200088cc  ti_sysbios_family_arm_lm4_Timer_Module_State_0_handles__A            
200088ec  ti_sysbios_knl_Clock_Object__table__V                                
2000890c  ti_sysbios_knl_Swi_Module__state__V                                  
20008928  gSystemClock                                                         
2000892c  gTime                                                                
20008930  timeScaleIndex                                                       
20008932  voltageScaleIndex                                                    
20008933  triggerRising                                                        
20008934  signalDisconnected                                                   
20008938  unloadedCount                                                        
2000893c  cpuLoad                                                              
20008940  ti_sysbios_heaps_HeapMem_Object__table__V                            
20008958  gADCValue                                                            
2000895c  gADCSampleCount                                                      
20008960  gADCBufferIndex                                                      
20008964  gADCErrors                                                           
20008968  ti_sysbios_family_arm_lm4_Timer_Module__state__V                     
20008974  xdc_runtime_SysMin_Module__state__V                                  
20008980  _lock                                                                
20008984  _unlock                                                              
20008988  gJoystick                                                            
20008990  ti_sysbios_family_arm_lm4_TimestampProvider_Module__state__V         
20008998  ti_sysbios_gates_GateHwi_Module__root__V                             
200089a0  ti_sysbios_gates_GateMutex_Module__root__V                           
200089a8  ti_sysbios_heaps_HeapMem_Module__root__V                             
200089b0  ti_sysbios_knl_Queue_Module__root__V                                 
200089b8  ti_sysbios_knl_Semaphore_Module__root__V                             
200089c0  xdc_runtime_Registry_Module__state__V                                
200089c8  xdc_runtime_Startup_Module__state__V                                 
200089d0  xdc_runtime_System_Module_State_0_atexitHandlers__A                  
200089d8  xdc_runtime_System_Module__state__V                                  
200089e0  gButtons                                                             
200089e6  ti_sysbios_family_arm_m3_Hwi_Module_State_0_excActive__A             
200089e8  errno                                                                
200089ec  main_func_sp                                                         
200089f0  ti_sysbios_family_arm_m3_Hwi_Module_State_0_excContext__A            
200089f4  ti_sysbios_family_arm_m3_Hwi_Module_State_0_excStack__A              
200089f8  ti_sysbios_gates_GateHwi_Object__table__V                            
200089fc  ti_sysbios_knl_Task_Module_State_0_idleTask__A                       
20008a00  xdc_runtime_Memory_Module__state__V                                  
20008a04  xdc_runtime_Error_Module__state__V                                   
20008a08  ti_sysbios_knl_Task_Instance_State_0_stack__A                        
20008e08  ti_sysbios_knl_Task_Instance_State_1_stack__A                        
20009008  ti_sysbios_knl_Task_Instance_State_2_stack__A                        
20009808  ti_sysbios_knl_Task_Instance_State_3_stack__A                        
20009a08  ti_sysbios_knl_Task_Instance_State_4_stack__A                        
20009c08  ti_sysbios_knl_Task_Instance_State_5_stack__A                        
20009e08  gADCBuffer                                                           
2000ae08  ti_sysbios_heaps_HeapMem_Instance_State_0_buf__A                     
2000b208  ti_sysbios_family_arm_m3_Hwi_dispatchTable                           
2000b568  __CIOBUF_                                                            
2000b688  windowADCBuffer                                                      
2000b788  ti_sysbios_knl_Mailbox_Instance_State_0_allocBuf__A                  
2000b828  xdc_runtime_SysMin_Module_State_0_outbuf__A                          
2000b8a8  sContext                                                             
2000b8e8  parmbuf                                                              
2000b8f0  gADCSamplingRate                                                     
2000b8f8  screenHeight                                                         
2000b8fc  screenWidth                                                          
2000b900  Lcd_ScreenHeigth                                                     
2000b902  Lcd_ScreenWidth                                                      
2000b904  Lcd_TouchTrim                                                        
2000b906  Lcd_FlagRead                                                         
2000b907  Lcd_FontSolid                                                        
2000b908  Lcd_Orientation                                                      
2000b909  Lcd_PenSolid                                                         
2000b910  __stack                                                              
2000bc10  __STACK_END                                                          
e000e000  ti_sysbios_family_arm_m3_Hwi_nvic                                    
ffffffff  __TI_pprof_out_hndl                                                  
ffffffff  __TI_prof_data_size                                                  
ffffffff  __TI_prof_data_start                                                 
ffffffff  __binit__                                                            
ffffffff  __c_args__                                                           
ffffffff  binit                                                                
UNDEFED   SHT$$INIT_ARRAY$$Base                                                
UNDEFED   SHT$$INIT_ARRAY$$Limit                                               

[671 symbols]
