******************************************************************************
                  TI ARM Linker PC v20.2.7                     
******************************************************************************
>> Linked Tue Dec  5 16:27:34 2023

OUTPUT FILE NAME:   <ece3849_lab4_jddenney_wasnow.out>
ENTRY POINT SYMBOL: "_c_int00"  address: 00008a6d


MEMORY CONFIGURATION

         name            origin    length      used     unused   attr    fill
----------------------  --------  ---------  --------  --------  ----  --------
  FLASH                 00000000   00100000  0000dab0  000f2550  R  X
  SRAM                  20000000   00040000  0001340c  0002cbf4  RW X


SEGMENT ALLOCATION MAP

run origin  load origin   length   init length attrs members
----------  ----------- ---------- ----------- ----- -------
00000000    00000000    0000dac0   0000dac0    r-x
  00000000    00000000    0000003c   0000003c    r-- .resetVecs
  00000040    00000040    0000affa   0000affa    r-x .text
  0000b040    0000b040    000027aa   000027aa    r-- .const
  0000d7f0    0000d7f0    000002d0   000002d0    r-- .cinit
20000000    20000000    00000360   00000000    rw-
  20000000    20000000    00000360   00000000    rw- .vecs
20000400    20000400    000130b0   00000000    rw-
  20000400    20000400    0000a706   00000000    rw- .bss
  2000ab08    2000ab08    000086a6   00000000    rw- .data
  200131b0    200131b0    00000300   00000000    rw- .stack


SECTION ALLOCATION MAP

 output                                  attributes/
section   page    origin      length       input sections
--------  ----  ----------  ----------   ----------------
.text      0    00000040    0000affa     
                  00000040    00000a4e     rtsv7M4_T_le_v4SPD16_eabi.lib : _printfi.c.obj (.text:__TI_printfi)
                  00000a8e    00000002                                   : _lock.c.obj (.text:_nop)
                  00000a90    00000738                                   : k_rem_pio2.c.obj (.text:__kernel_rem_pio2)
                  000011c8    000005e0                                   : s_sin.c.obj (.text:sin)
                  000017a8    000005dc                                   : s_cos.c.obj (.text:cos)
                  00001d84    00000004     driverlib.lib : adc.obj (.text:ADCIntClearEx)
                  00001d88    00000430     BIOS.obj (.text:ti_sysbios_family_arm_m3_Hwi_excDumpRegs__I)
                  000021b8    0000034c     ti.targets.arm.rtsarm.aem4f : System.oem4f (.text:xdc_runtime_System_doPrint__I)
                  00002504    00000004     driverlib.lib : timer.obj (.text:TimerIntClear)
                  00002508    000002e4     display.obj (.text:display_task_func)
                  000027ec    00000004     rtsv7M4_T_le_v4SPD16_eabi.lib : exit.c.obj (.text:abort:abort)
                  000027f0    000002a4     BIOS.obj (.text:ti_sysbios_knl_Semaphore_pend__E)
                  00002a94    00000004     BIOS.obj (.text:ti_sysbios_family_arm_lm4_Timer_masterEnable__I)
                  00002a98    0000028e     kiss_fft.obj (.text:kf_bfly5)
                  00002d26    00000002     rtsv7M4_T_le_v4SPD16_eabi.lib : div0.asm.obj (.text)
                  00002d28    00000270                                   : _printfi.c.obj (.text:_pconv_a)
                  00002f98    0000026c     BIOS.obj (.text:ti_sysbios_heaps_HeapMem_free__E)
                  00003204    00000256     grlib.lib : string.obj (.text:GrFontGlyphRender)
                  0000345a    00000006     driverlib.lib : gpio.obj (.text:GPIOPinRead)
                  00003460    00000250     BIOS.obj (.text:ti_sysbios_heaps_HeapMem_alloc__E)
                  000036b0    00000204     Boot.aem4f : Boot_sysctl.oem4f (.text:ti_catalog_arm_cortexm4_tiva_ce_Boot_sysCtlClockFreqSetI__I)
                  000038b4    00000004     ti.targets.arm.rtsarm.aem4f : Error.oem4f (.text:xdc_runtime_Error_getSite__E)
                  000038b8    000001f4     BIOS.obj (.text:ti_sysbios_family_arm_m3_Hwi_excHandlerMax__I)
                  00003aac    00000004     ti.targets.arm.rtsarm.aem4f : System.oem4f (.text:xdc_runtime_System_aprintf_va__F)
                  00003ab0    000001f0     kiss_fft.obj (.text:kf_bfly4)
                  00003ca0    000001d0     rtsv7M4_T_le_v4SPD16_eabi.lib : _printfi.c.obj (.text:_pconv_g)
                  00003e70    000001b6                                   : fd_add_t2.asm.obj (.text)
                  00004026    00000002     --HOLE-- [fill = 0]
                  00004028    000001b4     kiss_fft.obj (.text:kf_bfly3)
                  000041dc    00000174     rtsv7M4_T_le_v4SPD16_eabi.lib : k_sin.c.obj (.text:__kernel_sin)
                  00004350    00000174     BIOS.obj (.text:ti_sysbios_family_arm_m3_Hwi_excBusFault__I)
                  000044c4    00000170     rtsv7M4_T_le_v4SPD16_eabi.lib : k_cos.c.obj (.text:__kernel_cos)
                  00004634    00000004     ti.targets.arm.rtsarm.aem4f : System.oem4f (.text:xdc_runtime_System_printf_va__F)
                  00004638    0000016c     main.obj (.text:processing_task_func)
                  000047a4    00000004     --HOLE-- [fill = 0]
                  000047a8    00000164     BIOS.obj (.text:ti_sysbios_family_arm_m3_Hwi_excUsageFault__I)
                  0000490c    0000015c     rtsv7M4_T_le_v4SPD16_eabi.lib : e_log10f.c.obj (.text:log10f)
                  00004a68    00000158                                   : e_sqrt.c.obj (.text:sqrt)
                  00004bc0    00000148     BIOS.obj (.text:ti_sysbios_family_arm_m3_Hwi_excMemFault__I)
                  00004d08    0000013c     rtsv7M4_T_le_v4SPD16_eabi.lib : _printfi.c.obj (.text:_pconv_e)
                  00004e44    00000004     --HOLE-- [fill = 0]
                  00004e48    0000013c     BIOS.obj (.text:ti_sysbios_heaps_HeapMem_Instance_init__E)
                  00004f84    00000136     rtsv7M4_T_le_v4SPD16_eabi.lib : fd_div_t2.asm.obj (.text)
                  000050ba    00000130     driverlib.lib : gpio.obj (.text:GPIOPadConfigSet)
                  000051ea    00000006                   : gpio.obj (.text:GPIOPinWrite)
                  000051f0    00000124     buttons.obj (.text:button_init)
                  00005314    00000124     rtsv7M4_T_le_v4SPD16_eabi.lib : _printfi.c.obj (.text:fcvt)
                  00005438    00000118     ti.targets.arm.rtsarm.aem4f : Error.oem4f (.text:xdc_runtime_Error_policyDefault__E)
                  00005550    00000110     rtsv7M4_T_le_v4SPD16_eabi.lib : s_scalbn.c.obj (.text:scalbn)
                  00005660    00000108     BIOS.obj (.text:ti_sysbios_family_arm_lm4_Timer_start__E)
                  00005768    00000106     grlib.lib : line.obj (.text:GrLineDraw)
                  0000586e    00000002     --HOLE-- [fill = 0]
                  00005870    00000100     buttons.obj (.text:button_task_func)
                  00005970    00000100     ti.targets.arm.rtsarm.aem4f : Core-mem.oem4f (.text:xdc_runtime_Core_createObject__I)
                  00005a70    000000fc     kiss_fft.obj (.text:kf_bfly_generic)
                  00005b6c    000000fc     rtsv7M4_T_le_v4SPD16_eabi.lib : fd_mul_t2.asm.obj (.text)
                  00005c68    000000fc     rtos_pem4f.oem4f (.text:xdc_runtime_System_printfExtend__I)
                  00005d64    000000f8     rtsv7M4_T_le_v4SPD16_eabi.lib : s_floor.c.obj (.text:floor)
                  00005e5c    000000f8     ti.targets.arm.rtsarm.aem4f : Startup.oem4f (.text:xdc_runtime_Startup_startMods__I)
                  00005f54    000000f4     m3_Hwi_asm.obj (.text:ti_sysbios_family_arm_m3_Hwi_dispatch__I)
                  00006048    000000ec     BIOS.obj (.text:ti_sysbios_knl_Semaphore_post__E)
                  00006134    00000004     --HOLE-- [fill = 0]
                  00006138    000000e2     kiss_fft.obj (.text:kf_work)
                  0000621a    00000006     grlib.lib : string.obj (.text:GrContextFontSet)
                  00006220    000000dc     Crystalfontz128x128_ST7735.obj (.text:Crystalfontz128x128_PixelDrawMultiple)
                  000062fc    00000004     --HOLE-- [fill = 0]
                  00006300    000000d4     buttons.obj (.text:button_read_joystick)
                  000063d4    00000004     --HOLE-- [fill = 0]
                  000063d8    000000d0     main.obj (.text:pwm_init)
                  000064a8    000000cc     kiss_fft.obj (.text:kiss_fft_alloc)
                  00006574    000000cc     ti.targets.arm.rtsarm.aem4f : Core-smem.oem4f (.text:xdc_runtime_Core_constructObject__I)
                  00006640    000000c4     grlib.lib : string.obj (.text:GrDefaultStringRenderer)
                  00006704    000000c0               : line.obj (.text:GrLineClip)
                  000067c4    00000004     --HOLE-- [fill = 0]
                  000067c8    000000bc     Crystalfontz128x128_ST7735.obj (.text:Crystalfontz128x128_Init)
                  00006884    00000004     --HOLE-- [fill = 0]
                  00006888    000000bc     BIOS.obj (.text:ti_sysbios_family_arm_m3_Hwi_excDebugMon__I)
                  00006944    00000004     --HOLE-- [fill = 0]
                  00006948    000000bc     BIOS.obj (.text:ti_sysbios_family_arm_m3_Hwi_excHardFault__I)
                  00006a04    00000004     --HOLE-- [fill = 0]
                  00006a08    000000b4     BIOS.obj (.text:ti_sysbios_gates_GateMutex_enter__E)
                  00006abc    00000004     --HOLE-- [fill = 0]
                  00006ac0    000000b4     BIOS.obj (.text:ti_sysbios_knl_Task_checkStacks__E)
                  00006b74    000000b1     rtsv7M4_T_le_v4SPD16_eabi.lib : _printfi.c.obj (.text:_ltostr)
                  00006c25    00000003     --HOLE-- [fill = 0]
                  00006c28    000000ac     BIOS.obj (.text:ti_sysbios_family_arm_lm4_Timer_enableTiva__I)
                  00006cd4    00000004     --HOLE-- [fill = 0]
                  00006cd8    000000ac     waveform.obj (.text:waveform_task_func)
                  00006d84    00000004     --HOLE-- [fill = 0]
                  00006d88    000000a8     main.obj (.text:ui_task_func)
                  00006e30    000000a0     sampling.obj (.text:adc_init)
                  00006ed0    000000a0     auto_init.aem4f : auto_init.oem4f (.text)
                  00006f70    000000a0     ti.targets.arm.rtsarm.aem4f : Text.oem4f (.text:xdc_runtime_Text_putMod__E)
                  00007010    0000009c     Crystalfontz128x128_ST7735.obj (.text:Crystalfontz128x128_SetDrawFrame)
                  000070ac    0000009c     rtsv7M4_T_le_v4SPD16_eabi.lib : memcpy_t2.asm.obj (.text)
                  00007148    0000009c     BIOS.obj (.text:ti_sysbios_knl_Semaphore_Instance_init__E)
                  000071e4    0000009a     ti.targets.arm.rtsarm.aem4f : Text.oem4f (.text:xdc_runtime_Text_putSite__E)
                  0000727e    00000002     --HOLE-- [fill = 0]
                  00007280    00000098     Boot.aem4f : Boot.oem4f (.text:ti_catalog_arm_cortexm4_tiva_ce_Boot_sysCtlClockFreqSet__E)
                  00007318    00000096     rtsv7M4_T_le_v4SPD16_eabi.lib : ull_div_t2.asm.obj (.text)
                  000073ae    00000002     --HOLE-- [fill = 0]
                  000073b0    00000094     BIOS.obj (.text:ti_sysbios_family_arm_m3_Hwi_initNVIC__E)
                  00007444    0000008c     m3_TaskSupport_asm.obj (.text:ti_sysbios_family_arm_m3_TaskSupport_buildTaskStack)
                  000074d0    0000008c     BIOS.obj (.text:ti_sysbios_knl_Task_postInit__I)
                  0000755c    00000004     --HOLE-- [fill = 0]
                  00007560    00000088     BIOS.obj (.text:ti_sysbios_knl_Mailbox_post__E)
                  000075e8    00000086     grlib.lib : rectangle.obj (.text:GrRectFill)
                  0000766e    00000086     rtsv7M4_T_le_v4SPD16_eabi.lib : fd_cmp_t2.asm.obj (.text:__aeabi_cdcmple)
                  000076f4    00000086                                   : fd_cmp_t2.asm.obj (.text:__aeabi_cdrcmple)
                  0000777a    00000006     driverlib.lib : sysctl.obj (.text:SysCtlDelay)
                  00007780    00000084     BIOS.obj (.text:ti_sysbios_family_arm_m3_Hwi_postInit__I)
                  00007804    00000084     driverlib.lib : udma.obj (.text:uDMAChannelTransferSet)
                  00007888    00000080     Crystalfontz128x128_ST7735.obj (.text:Crystalfontz128x128_RectFill)
                  00007908    00000080     rtsv7M4_T_le_v4SPD16_eabi.lib : s_floorf.c.obj (.text:floorf)
                  00007988    00000080     kiss_fft.obj (.text:kf_bfly2)
                  00007a08    0000007a     driverlib.lib : adc.obj (.text:ADCSequenceStepConfigure)
                  00007a82    0000007a     rtsv7M4_T_le_v4SPD16_eabi.lib : memset_t2.asm.obj (.text)
                  00007afc    00000004     --HOLE-- [fill = 0]
                  00007b00    00000078     HAL_EK_TM4C1294XL_Crystalfontz128x128_ST7735.obj (.text:HAL_LCD_PortInit)
                  00007b78    00000078     HAL_EK_TM4C1294XL_Crystalfontz128x128_ST7735.obj (.text:HAL_LCD_SpiInit)
                  00007bf0    00000078     main.obj (.text:dma_init)
                  00007c68    00000078     display.obj (.text:draw_grid)
                  00007ce0    00000074     BIOS.obj (.text:ti_sysbios_knl_Mailbox_pend__E)
                  00007d54    00000004     --HOLE-- [fill = 0]
                  00007d58    00000070     sampling.obj (.text:adc_isr)
                  00007dc8    00000070     BIOS.obj (.text:ti_sysbios_knl_Clock_workFunc__E)
                  00007e38    00000070     BIOS.obj (.text:ti_sysbios_knl_Task_exit__E)
                  00007ea8    0000006e     rtsv7M4_T_le_v4SPD16_eabi.lib : _printfi.c.obj (.text:_mcpy)
                  00007f16    0000006e                                   : s_roundf.c.obj (.text:roundf)
                  00007f84    0000006e                                   : fd_tos_t2.asm.obj (.text)
                  00007ff2    00000002     --HOLE-- [fill = 0]
                  00007ff4    0000006d     ti.targets.arm.rtsarm.aem4f : System.oem4f (.text:xdc_runtime_System_formatNum__I)
                  00008061    00000001     --HOLE-- [fill = 0]
                  00008062    00000006                                 : System.oem4f (.text:xdc_runtime_System_Module_startup__E)
                  00008068    0000006c     cpu_load.obj (.text:cpu_load_init)
                  000080d4    00000004     --HOLE-- [fill = 0]
                  000080d8    0000006c     display.obj (.text:draw_signal)
                  00008144    00000004     --HOLE-- [fill = 0]
                  00008148    0000006c     waveform.obj (.text:find_falling_trigger_index)
                  000081b4    00000004     --HOLE-- [fill = 0]
                  000081b8    0000006c     waveform.obj (.text:find_rising_trigger_index)
                  00008224    00000004     --HOLE-- [fill = 0]
                  00008228    0000006c     kiss_fft.obj (.text:kf_factor)
                  00008294    00000004     --HOLE-- [fill = 0]
                  00008298    0000006c     BIOS.obj (.text:ti_sysbios_knl_Swi_restoreHwi__E)
                  00008304    0000006c     ti.targets.arm.rtsarm.aem4f : Error.oem4f (.text:xdc_runtime_Error_print__E)
                  00008370    0000006c                                 : Memory.oem4f (.text:xdc_runtime_Memory_alloc__E)
                  000083dc    00000068     grlib.lib : context.obj (.text:GrContextInit)
                  00008444    00000068     rtsv7M4_T_le_v4SPD16_eabi.lib : copy_decompress_lzss.c.obj (.text:decompress:lzss:__TI_decompress_lzss)
                  000084ac    00000004     --HOLE-- [fill = 0]
                  000084b0    00000068     BIOS.obj (.text:ti_sysbios_family_arm_lm4_TimestampProvider_initTimerHandle__I)
                  00008518    00000066     ti.targets.arm.rtsarm.aem4f : Core-mem.oem4f (.text:xdc_runtime_Core_deleteObject__I)
                  0000857e    00000002     --HOLE-- [fill = 0]
                  00008580    00000064     rtsv7M4_T_le_v4SPD16_eabi.lib : s_frexp.c.obj (.text:frexp)
                  000085e4    00000004     --HOLE-- [fill = 0]
                  000085e8    00000064     BIOS.obj (.text:ti_sysbios_family_arm_lm4_Timer_Module_startup__E)
                  0000864c    00000004     --HOLE-- [fill = 0]
                  00008650    00000064     BIOS.obj (.text:ti_sysbios_family_arm_m3_Hwi_dispatchC__I)
                  000086b4    00000060     driverlib.lib : timer.obj (.text:TimerConfigure)
                  00008714    00000004     --HOLE-- [fill = 0]
                  00008718    00000060     buttons.obj (.text:button_debounce)
                  00008778    00000060     BIOS.obj (.text:ti_sysbios_knl_Task_schedule__I)
                  000087d8    0000005c     kiss_fft.obj (.text:kiss_fft_stride)
                  00008834    00000004     --HOLE-- [fill = 0]
                  00008838    0000005c     BIOS.obj (.text:ti_sysbios_knl_Swi_run__I)
                  00008894    00000004     --HOLE-- [fill = 0]
                  00008898    0000005c     BIOS.obj (.text:ti_sysbios_knl_Swi_schedule__I)
                  000088f4    00000004     --HOLE-- [fill = 0]
                  000088f8    0000005c     BIOS.obj (.text:ti_sysbios_knl_Task_Module_startup__E)
                  00008954    00000004     --HOLE-- [fill = 0]
                  00008958    0000005c     BIOS.obj (.text:ti_sysbios_knl_Task_startCore__E)
                  000089b4    0000005b     ti.targets.arm.rtsarm.aem4f : Text.oem4f (.text:xdc_runtime_Text_putLab__E)
                  00008a0f    00000001     --HOLE-- [fill = 0]
                  00008a10    0000005a     grlib.lib : string.obj (.text:FontWideGlyphDataGet)
                  00008a6a    00000002     --HOLE-- [fill = 0]
                  00008a6c    00000058     boot.aem4f : boot.oem4f (.text)
                  00008ac4    00000058     rtsv7M4_T_le_v4SPD16_eabi.lib : hostwrite.c.obj (.text:HOSTwrite)
                  00008b1c    00000004     --HOLE-- [fill = 0]
                  00008b20    00000058     buttons.obj (.text:button_auto_repeat)
                  00008b78    00000058     m3_Hwi_asm_switch.obj (.text:ti_sysbios_family_arm_m3_Hwi_initStacks__E)
                  00008bd0    00000056     rtsv7M4_T_le_v4SPD16_eabi.lib : _printfi.c.obj (.text:_pconv_f)
                  00008c26    00000054                                   : _ltoa.c.obj (.text:__TI_ltoa)
                  00008c7a    00000006     --HOLE-- [fill = 0]
                  00008c80    00000054     BIOS.obj (.text:ti_sysbios_family_arm_lm4_Timer_initDevice__I)
                  00008cd4    00000054     ti.targets.arm.rtsarm.aem4f : Assert.oem4f (.text:xdc_runtime_Assert_raise__I)
                  00008d28    00000052     rtsv7M4_T_le_v4SPD16_eabi.lib : _printfi.c.obj (.text:_ecpy)
                  00008d7a    00000002     --HOLE-- [fill = 0]
                  00008d7c    00000050     Boot.aem4f : Boot_sysctl.oem4f (.text:_SysCtlFrequencyGet)
                  00008dcc    00000004     --HOLE-- [fill = 0]
                  00008dd0    00000050     sampling.obj (.text:get_adc_buffer_index)
                  00008e20    00000050     BIOS.obj (.text:ti_sysbios_family_arm_m3_Hwi_Module_startup__E)
                  00008e70    00000050     ti.targets.arm.rtsarm.aem4f : Startup.oem4f (.text:xdc_runtime_Startup_exec__E)
                  00008ec0    00000050                                 : Text.oem4f (.text:xdc_runtime_Text_visitRope2__I)
                  00008f10    0000004c     rtsv7M4_T_le_v4SPD16_eabi.lib : atoi.c.obj (.text:atoi)
                  00008f5c    0000004c                                   : cpy_tbl.c.obj (.text:copy_in)
                  00008fa8    0000004c                                   : snprintf.c.obj (.text:snprintf)
                  00008ff4    00000004     --HOLE-- [fill = 0]
                  00008ff8    0000004c     BIOS.obj (.text:ti_sysbios_heaps_HeapMem_getStats__E)
                  00009044    00000004     --HOLE-- [fill = 0]
                  00009048    0000004c     BIOS.obj (.text:ti_sysbios_knl_Swi_runLoop__I)
                  00009094    00000004     --HOLE-- [fill = 0]
                  00009098    0000004c     BIOS.obj (.text:ti_sysbios_knl_Task_allBlockedFunction__I)
                  000090e4    0000004a     grlib.lib : string.obj (.text:UpdateContextCharMapping)
                  0000912e    00000002     --HOLE-- [fill = 0]
                  00009130    00000048     driverlib.lib : gpio.obj (.text:GPIOPinConfigure)
                  00009178    00000048     HAL_EK_TM4C1294XL_Crystalfontz128x128_ST7735.obj (.text:HAL_LCD_writeCommand)
                  000091c0    00000048     sysctl_pll.obj (.text:SysCtlFrequencyGet)
                  00009208    00000048     rtsv7M4_T_le_v4SPD16_eabi.lib : fd_toi_t2.asm.obj (.text)
                  00009250    00000048     BIOS.obj (.text:ti_sysbios_family_arm_lm4_Timer_enableTimers__I)
                  00009298    00000048     BIOS.obj (.text:ti_sysbios_family_arm_m3_Hwi_disableInterrupt__E)
                  000092e0    00000048     BIOS.obj (.text:ti_sysbios_family_arm_m3_Hwi_enableInterrupt__E)
                  00009328    00000048     BIOS.obj (.text:ti_sysbios_family_arm_m3_Hwi_excReserved__I)
                  00009370    00000048     BIOS.obj (.text:ti_sysbios_knl_Mailbox_Module_startup__E)
                  000093b8    00000048     driverlib.lib : udma.obj (.text:uDMAChannelAttributeDisable)
                  00009400    00000046     grlib.lib : line.obj (.text:GrLineDrawH)
                  00009446    00000046               : line.obj (.text:GrLineDrawV)
                  0000948c    00000046     ti.targets.arm.rtsarm.aem4f : Core-params.oem4f (.text:xdc_runtime_Core_assignParams__I)
                  000094d2    00000006     --HOLE-- [fill = 0]
                  000094d8    00000044     Crystalfontz128x128_ST7735.obj (.text:Crystalfontz128x128_SetOrientation)
                  0000951c    00000004     --HOLE-- [fill = 0]
                  00009520    00000044     cpu_load.obj (.text:measure_cpu_load)
                  00009564    00000044     rtsv7M4_T_le_v4SPD16_eabi.lib : fd_tou_t2.asm.obj (.text)
                  000095a8    00000044     BIOS.obj (.text:ti_sysbios_family_arm_lm4_Timer_isrStub__E)
                  000095ec    00000004     --HOLE-- [fill = 0]
                  000095f0    00000044     BIOS.obj (.text:ti_sysbios_family_arm_m3_Hwi_getStackInfo__E)
                  00009634    00000004     --HOLE-- [fill = 0]
                  00009638    00000044     BIOS.obj (.text:ti_sysbios_knl_Swi_post__E)
                  0000967c    00000044     ti.targets.arm.rtsarm.aem4f : Error.oem4f (.text:xdc_runtime_Error_setX__E)
                  000096c0    00000044                                 : SysMin.oem4f (.text:xdc_runtime_SysMin_flush__E)
                  00009704    00000044                                 : Text.oem4f (.text:xdc_runtime_Text_xprintf__I)
                  00009748    00000040     Crystalfontz128x128_ST7735.obj (.text:Crystalfontz128x128_LineDrawH)
                  00009788    00000040     rtsv7M4_T_le_v4SPD16_eabi.lib : u_divt2.asm.obj (.text)
                  000097c8    00000040     BIOS.obj (.text:ti_sysbios_family_arm_lm4_Timer_startup__E)
                  00009808    0000003e     driverlib.lib : adc.obj (.text:ADCSequenceConfigure)
                  00009846    0000003e     rtsv7M4_T_le_v4SPD16_eabi.lib : _printfi.c.obj (.text:_fcpy)
                  00009884    0000003c     driverlib.lib : ssi.obj (.text:SSIConfigSetExpClk)
                  000098c0    0000003c     BIOS.obj (.text:ti_sysbios_family_arm_m3_Hwi_excSvCall__I)
                  000098fc    00000004     --HOLE-- [fill = 0]
                  00009900    0000003c     BIOS.obj (.text:ti_sysbios_heaps_HeapMem_init__I)
                  0000993c    00000004     --HOLE-- [fill = 0]
                  00009940    0000003c     BIOS.obj (.text:ti_sysbios_knl_Swi_restore__E)
                  0000997c    0000003a     grlib.lib : string.obj (.text:FontGlyphDataGet)
                  000099b6    00000002     --HOLE-- [fill = 0]
                  000099b8    00000038     Crystalfontz128x128_ST7735.obj (.text:Crystalfontz128x128_Flush)
                  000099f0    00000038     rtsv7M4_T_le_v4SPD16_eabi.lib : trgmsg.c.obj (.text:__TI_writemsg)
                  00009a28    00000038     cpu_load.obj (.text:measure_cpu_load_cycles)
                  00009a60    00000038     rtsv7M4_T_le_v4SPD16_eabi.lib : fs_tod_t2.asm.obj (.text)
                  00009a98    00000038     BIOS.obj (.text:ti_sysbios_family_arm_m3_Hwi_excNoIsr__I)
                  00009ad0    00000038     BIOS.obj (.text:ti_sysbios_knl_Task_processVitalTaskFlag__I)
                  00009b08    00000038     ti.targets.arm.rtsarm.aem4f : SysMin.oem4f (.text:xdc_runtime_SysMin_putch__E)
                  00009b40    00000038                                 : System.oem4f (.text:xdc_runtime_System_atexit__E)
                  00009b78    00000036     grlib.lib : line.obj (.text:GrClipCodeGet)
                  00009bae    00000002     --HOLE-- [fill = 0]
                  00009bb0    00000034     driverlib.lib : sysctl.obj (.text:SysCtlPeripheralEnable)
                  00009be4    00000034     rtsv7M4_T_le_v4SPD16_eabi.lib : trgmsg.c.obj (.text:__TI_readmsg)
                  00009c18    00000034     BIOS.obj (.text:ti_sysbios_family_arm_m3_Hwi_excNmi__I)
                  00009c4c    00000004     --HOLE-- [fill = 0]
                  00009c50    00000034     BIOS.obj (.text:ti_sysbios_hal_Hwi_checkStack)
                  00009c84    00000034     ti.targets.arm.rtsarm.aem4f : Core-label.oem4f (.text:xdc_runtime_Core_assignLabel__I)
                  00009cb8    00000033                                 : Text.oem4f (.text:xdc_runtime_Text_printVisFxn__I)
                  00009ceb    00000005     --HOLE-- [fill = 0]
                  00009cf0    00000032     BIOS.obj (.text:ti_sysbios_hal_Hwi_initStack)
                  00009d22    00000030     rtsv7M4_T_le_v4SPD16_eabi.lib : snprintf.c.obj (.text:_outs)
                  00009d52    00000006     --HOLE-- [fill = 0]
                  00009d58    00000030     rtos_pem4f.oem4f (.text:ti_sysbios_BIOS_atExitFunc__I)
                  00009d88    00000030     BIOS.obj (.text:ti_sysbios_family_arm_lm4_Timer_stop__E)
                  00009db8    00000030     BIOS.obj (.text:ti_sysbios_family_arm_m3_TaskSupport_start__E)
                  00009de8    00000030     rtos_pem4f.oem4f (.text:ti_sysbios_gates_GateHwi_Object__create__S)
                  00009e18    00000030     rtos_pem4f.oem4f (.text:ti_sysbios_gates_GateMutex_Object__create__S)
                  00009e48    00000030     rtos_pem4f.oem4f (.text:ti_sysbios_heaps_HeapMem_Object__create__S)
                  00009e78    00000030     BIOS.obj (.text:ti_sysbios_knl_Mailbox_postInit__I)
                  00009ea8    00000030     rtos_pem4f.oem4f (.text:ti_sysbios_knl_Semaphore_construct)
                  00009ed8    00000030     BIOS.obj (.text:ti_sysbios_knl_Semaphore_pendTimeout__I)
                  00009f08    00000030     BIOS.obj (.text:ti_sysbios_knl_Task_unblockI__E)
                  00009f38    00000030     ti.targets.arm.rtsarm.aem4f : SysMin.oem4f (.text:xdc_runtime_SysMin_abort__E)
                  00009f68    00000030                                 : System.oem4f (.text:xdc_runtime_System_processAtExit__E)
                  00009f98    0000002e     driverlib.lib : adc.obj (.text:ADCIntStatus)
                  00009fc6    0000002e     grlib.lib : string.obj (.text:GrStringNextCharGet)
                  00009ff4    00000004     --HOLE-- [fill = 0]
                  00009ff8    0000002e     rtos_pem4f.oem4f (.text:malloc)
                  0000a026    0000002e     rtsv7M4_T_le_v4SPD16_eabi.lib : i_tofd_t2.asm.obj (.text)
                  0000a054    00000004     --HOLE-- [fill = 0]
                  0000a058    0000002c     display.obj (.text:display_init)
                  0000a084    00000004     --HOLE-- [fill = 0]
                  0000a088    0000002c     rtos_pem4f.oem4f (.text:ti_sysbios_knl_Clock_doTick__I)
                  0000a0b4    00000004     --HOLE-- [fill = 0]
                  0000a0b8    0000002c     rtos_pem4f.oem4f (.text:ti_sysbios_knl_Queue_construct)
                  0000a0e4    00000004     --HOLE-- [fill = 0]
                  0000a0e8    0000002c     BIOS.obj (.text:ti_sysbios_knl_Task_restore__E)
                  0000a114    0000002c     driverlib.lib : udma.obj (.text:uDMAChannelAssign)
                  0000a140    0000002c     ti.targets.arm.rtsarm.aem4f : Text.oem4f (.text:xdc_runtime_Text_cordText__E)
                  0000a16c    0000002a     driverlib.lib : gpio.obj (.text:GPIODirModeSet)
                  0000a196    0000002a     ti.targets.arm.rtsarm.aem4f : System.oem4f (.text:xdc_runtime_System_putchar__I)
                  0000a1c0    00000028     BIOS.obj (.text:ti_sysbios_knl_Clock_addI__E)
                  0000a1e8    00000028     BIOS.obj (.text:ti_sysbios_knl_Swi_Module_startup__E)
                  0000a210    00000028     driverlib.lib : udma.obj (.text:uDMAChannelModeGet)
                  0000a238    00000026     grlib.lib : string.obj (.text:GrFontInfoGet)
                  0000a25e    00000002     --HOLE-- [fill = 0]
                  0000a260    00000026     main.obj (.text:main)
                  0000a286    00000026     m3_Hwi_asm.obj (.text:ti_sysbios_family_arm_m3_Hwi_pendSV__I)
                  0000a2ac    00000026     ti.targets.arm.rtsarm.aem4f : System.oem4f (.text:xdc_runtime_System_avprintf__E)
                  0000a2d2    00000006     --HOLE-- [fill = 0]
                  0000a2d8    00000024     rtos_pem4f.oem4f (.text:ti_sysbios_BIOS_errorRaiseHook__I)
                  0000a2fc    00000004     --HOLE-- [fill = 0]
                  0000a300    00000024     rtos_pem4f.oem4f (.text:ti_sysbios_BIOS_registerRTSLock__I)
                  0000a324    00000004     --HOLE-- [fill = 0]
                  0000a328    00000024     rtos_pem4f.oem4f (.text:ti_sysbios_BIOS_removeRTSLock__I)
                  0000a34c    00000004     --HOLE-- [fill = 0]
                  0000a350    00000024     rtos_pem4f.oem4f (.text:ti_sysbios_BIOS_startFunc__I)
                  0000a374    00000004     --HOLE-- [fill = 0]
                  0000a378    00000024     rtos_pem4f.oem4f (.text:ti_sysbios_gates_GateMutex_Object__delete__S)
                  0000a39c    00000004     --HOLE-- [fill = 0]
                  0000a3a0    00000024     BIOS.obj (.text:ti_sysbios_knl_Clock_Module_startup__E)
                  0000a3c4    00000004     --HOLE-- [fill = 0]
                  0000a3c8    00000024     BIOS.obj (.text:ti_sysbios_knl_Task_restoreHwi__E)
                  0000a3ec    00000024     driverlib.lib : udma.obj (.text:uDMAChannelControlSet)
                  0000a410    00000024                   : udma.obj (.text:uDMAChannelSizeGet)
                  0000a434    00000024     ti.targets.arm.rtsarm.aem4f : System.oem4f (.text:xdc_runtime_System_vprintf__E)
                  0000a458    00000022     grlib.lib : string.obj (.text:GrFontGlyphDataGet)
                  0000a47a    00000022     driverlib.lib : pwm.obj (.text:PWMGenConfigure)
                  0000a49c    00000004     --HOLE-- [fill = 0]
                  0000a4a0    00000022     BIOS.obj (.text:ti_sysbios_family_arm_lm4_Timer_write__I)
                  0000a4c2    00000006     --HOLE-- [fill = 0]
                  0000a4c8    00000022     rtos_pem4f.oem4f (.text:xdc_runtime_SysMin_output__I)
                  0000a4ea    00000002     --HOLE-- [fill = 0]
                  0000a4ec    00000020     Boot.aem4f : Boot_sysctl.oem4f (.text:_SysCtlMemTimingGet)
                  0000a50c    00000020     rtsv7M4_T_le_v4SPD16_eabi.lib : u_tofd_t2.asm.obj (.text)
                  0000a52c    00000004     --HOLE-- [fill = 0]
                  0000a530    00000020     rtos_pem4f.oem4f (.text:ti_sysbios_BIOS_rtsLock__I)
                  0000a550    00000020     m3_Hwi_asm.obj (.text:ti_sysbios_family_arm_m3_Hwi_excHandlerAsm__I)
                  0000a570    00000020     BIOS.obj (.text:ti_sysbios_family_arm_m3_Hwi_excHandler__I)
                  0000a590    00000020     rtos_pem4f.oem4f (.text:ti_sysbios_gates_GateHwi_Object__delete__S)
                  0000a5b0    00000020     rtos_pem4f.oem4f (.text:ti_sysbios_heaps_HeapMem_Object__delete__S)
                  0000a5d0    00000020     BIOS.obj (.text:ti_sysbios_knl_Idle_run__E)
                  0000a5f0    00000020     rtos_pem4f.oem4f (.text:ti_sysbios_knl_Semaphore_Object__destruct__S)
                  0000a610    00000020     ti.targets.arm.rtsarm.aem4f : Registry.oem4f (.text:xdc_runtime_Registry_findById__E)
                  0000a630    00000020                                 : SysMin.oem4f (.text:xdc_runtime_SysMin_Module_startup__E)
                  0000a650    0000001e     driverlib.lib : adc.obj (.text:ADCSequenceDataGet)
                  0000a66e    00000002     --HOLE-- [fill = 0]
                  0000a670    0000001e     Crystalfontz128x128_ST7735.obj (.text:Crystalfontz128x128_ColorTranslate)
                  0000a68e    0000001e     grlib.lib : string.obj (.text:GrFontCodepageGet)
                  0000a6ac    0000001e     driverlib.lib : pwm.obj (.text:PWMPulseWidthSet)
                  0000a6ca    0000001e     m3_Hwi_asm_switch.obj (.text:ti_sysbios_family_xxx_Hwi_switchAndRunFunc)
                  0000a6e8    0000001c     Crystalfontz128x128_ST7735.obj (.text:Crystalfontz128x128_LineDrawV)
                  0000a704    0000001c     rtsv7M4_T_le_v4SPD16_eabi.lib : memccpy.c.obj (.text:memccpy)
                  0000a720    0000001c     BIOS.obj (.text:ti_sysbios_gates_GateMutex_Instance_init__E)
                  0000a73c    00000004     --HOLE-- [fill = 0]
                  0000a740    0000001c     rtos_pem4f.oem4f (.text:ti_sysbios_knl_Queue_Object__destruct__S)
                  0000a75c    00000004     --HOLE-- [fill = 0]
                  0000a760    0000001c     BIOS.obj (.text:ti_sysbios_knl_Queue_get__E)
                  0000a77c    00000004     --HOLE-- [fill = 0]
                  0000a780    0000001c     BIOS.obj (.text:ti_sysbios_knl_Queue_put__E)
                  0000a79c    00000004     --HOLE-- [fill = 0]
                  0000a7a0    0000001c     BIOS.obj (.text:ti_sysbios_knl_Task_enter__I)
                  0000a7bc    0000001c     ti.targets.arm.rtsarm.aem4f : Error.oem4f (.text:xdc_runtime_Error_raiseX__E)
                  0000a7d8    0000001c                                 : Memory.oem4f (.text:xdc_runtime_Memory_valloc__E)
                  0000a7f4    0000001c                                 : SysMin.oem4f (.text:xdc_runtime_SysMin_exit__E)
                  0000a810    0000001c                                 : System.oem4f (.text:xdc_runtime_System_abort__E)
                  0000a82c    0000001a     rtsv7M4_T_le_v4SPD16_eabi.lib : s_copysign.c.obj (.text:copysign)
                  0000a846    00000002     --HOLE-- [fill = 0]
                  0000a848    0000001a     rtos_pem4f.oem4f (.text:free)
                  0000a862    00000006     --HOLE-- [fill = 0]
                  0000a868    0000001a     rtos_pem4f.oem4f (.text:ti_sysbios_family_arm_m3_Hwi_Handle__label__S)
                  0000a882    00000006     --HOLE-- [fill = 0]
                  0000a888    0000001a     rtos_pem4f.oem4f (.text:ti_sysbios_gates_GateHwi_Handle__label__S)
                  0000a8a2    00000006     --HOLE-- [fill = 0]
                  0000a8a8    0000001a     rtos_pem4f.oem4f (.text:ti_sysbios_gates_GateMutex_Handle__label__S)
                  0000a8c2    00000006     --HOLE-- [fill = 0]
                  0000a8c8    0000001a     rtos_pem4f.oem4f (.text:ti_sysbios_heaps_HeapMem_Handle__label__S)
                  0000a8e2    00000006     --HOLE-- [fill = 0]
                  0000a8e8    0000001a     rtos_pem4f.oem4f (.text:ti_sysbios_knl_Swi_Handle__label__S)
                  0000a902    00000006     --HOLE-- [fill = 0]
                  0000a908    0000001a     rtos_pem4f.oem4f (.text:ti_sysbios_knl_Task_Handle__label__S)
                  0000a922    00000006     --HOLE-- [fill = 0]
                  0000a928    0000001a     rtos_pem4f.oem4f (.text:xdc_runtime_System_aprintf__E)
                  0000a942    00000006     --HOLE-- [fill = 0]
                  0000a948    0000001a     rtos_pem4f.oem4f (.text:xdc_runtime_System_printf__E)
                  0000a962    00000018     driverlib.lib : adc.obj (.text:ADCClockConfigSet)
                  0000a97a    00000018                   : adc.obj (.text:ADCProcessorTrigger)
                  0000a992    00000018                   : gpio.obj (.text:GPIOPinTypeGPIOOutput)
                  0000a9aa    00000002     --HOLE-- [fill = 0]
                  0000a9ac    00000018     rtsv7M4_T_le_v4SPD16_eabi.lib : args_main.c.obj (.text:_args_main)
                  0000a9c4    00000018                                   : snprintf.c.obj (.text:_outc)
                  0000a9dc    00000004     --HOLE-- [fill = 0]
                  0000a9e0    00000018     rtos_pem4f.oem4f (.text:ti_sysbios_BIOS_rtsUnlock__I)
                  0000a9f8    00000018     rtos_pem4f.oem4f (.text:ti_sysbios_family_arm_lm4_Timer_Module__startupDone__F)
                  0000aa10    00000018     rtos_pem4f.oem4f (.text:ti_sysbios_family_arm_m3_Hwi_Module__startupDone__F)
                  0000aa28    00000018     m3_TaskSupport_asm.obj (.text:ti_sysbios_family_arm_m3_TaskSupport_swap__E)
                  0000aa40    00000018     BIOS.obj (.text:ti_sysbios_gates_GateMutex_leave__E)
                  0000aa58    00000018     driverlib.lib : udma.obj (.text:uDMAChannelEnable)
                  0000aa70    00000018                   : udma.obj (.text:uDMAChannelIsEnabled)
                  0000aa88    00000018     ti.targets.arm.rtsarm.aem4f : Error.oem4f (.text:xdc_runtime_Error_check__E)
                  0000aaa0    00000018                                 : System.oem4f (.text:xdc_runtime_System_exit__E)
                  0000aab8    00000018                                 : Text.oem4f (.text:xdc_runtime_Text_ropeText__E)
                  0000aad0    00000016     grlib.lib : string.obj (.text:GrStringDraw)
                  0000aae6    00000016     rtsv7M4_T_le_v4SPD16_eabi.lib : strchr.c.obj (.text:strchr)
                  0000aafc    00000004     --HOLE-- [fill = 0]
                  0000ab00    00000016     rtos_pem4f.oem4f (.text:ti_sysbios_BIOS_exitFunc__I)
                  0000ab16    00000002     --HOLE-- [fill = 0]
                  0000ab18    00000016     BIOS.obj (.text:ti_sysbios_knl_Task_unblock__E)
                  0000ab2e    00000002     --HOLE-- [fill = 0]
                  0000ab30    00000014     Crystalfontz128x128_ST7735.obj (.text:Crystalfontz128x128_PixelDraw)
                  0000ab44    00000014     driverlib.lib : pwm.obj (.text:PWMClockSet)
                  0000ab58    00000014                   : timer.obj (.text:TimerDisable)
                  0000ab6c    00000014     rtsv7M4_T_le_v4SPD16_eabi.lib : strlen.c.obj (.text:strlen)
                  0000ab80    00000014     rtos_pem4f.oem4f (.text:ti_sysbios_family_arm_m3_Hwi_Object__get__S)
                  0000ab94    00000004     --HOLE-- [fill = 0]
                  0000ab98    00000014     BIOS.obj (.text:ti_sysbios_family_arm_m3_Hwi_switchFromBootStack__E)
                  0000abac    00000004     --HOLE-- [fill = 0]
                  0000abb0    00000014     rtos_pem4f.oem4f (.text:ti_sysbios_heaps_HeapMem_Object__get__S)
                  0000abc4    00000004     --HOLE-- [fill = 0]
                  0000abc8    00000014     rtos_pem4f.oem4f (.text:ti_sysbios_knl_Mailbox_Object__get__S)
                  0000abdc    00000004     --HOLE-- [fill = 0]
                  0000abe0    00000014     rtos_pem4f.oem4f (.text:ti_sysbios_knl_Swi_Object__get__S)
                  0000abf4    00000012     driverlib.lib : gpio.obj (.text:GPIOPinTypeADC)
                  0000ac06    00000012                   : gpio.obj (.text:GPIOPinTypeGPIOInput)
                  0000ac18    00000012                   : gpio.obj (.text:GPIOPinTypePWM)
                  0000ac2a    00000012                   : gpio.obj (.text:GPIOPinTypeSSI)
                  0000ac3c    00000012                   : pwm.obj (.text:PWMOutputState)
                  0000ac4e    00000012                   : timer.obj (.text:TimerLoadSet)
                  0000ac60    00000012     BIOS.obj (.text:ti_sysbios_hal_Hwi_Module_startup__E)
                  0000ac72    00000012     rtsv7M4_T_le_v4SPD16_eabi.lib : wcslen.c.obj (.text:wcslen)
                  0000ac84    00000004     --HOLE-- [fill = 0]
                  0000ac88    00000012     rtos_pem4f.oem4f (.text:xdc_runtime_Startup_exec__I)
                  0000ac9a    00000006     --HOLE-- [fill = 0]
                  0000aca0    00000010     rtos_pem4f.oem4f (.text:.bootCodeSection:ti_catalog_arm_cortexm4_tiva_ce_Boot_init__I)
                  0000acb0    00000010     driverlib.lib : adc.obj (.text:ADCSequenceDMAEnable)
                  0000acc0    00000010                   : interrupt.obj (.text:IntMasterDisable)
                  0000acd0    00000010                   : interrupt.obj (.text:IntMasterEnable)
                  0000ace0    00000010                   : pwm.obj (.text:PWMGenPeriodSet)
                  0000acf0    00000010     BIOS.obj (.text:ti_sysbios_BIOS_setThreadType__E)
                  0000ad00    00000010     BIOS.obj (.text:ti_sysbios_BIOS_start__E)
                  0000ad10    00000010     m3_TaskSupport_asm.obj (.text:ti_sysbios_family_arm_m3_TaskSupport_glue)
                  0000ad20    00000010     BIOS.obj (.text:ti_sysbios_gates_GateMutex_Instance_finalize__E)
                  0000ad30    00000010     BIOS.obj (.text:ti_sysbios_knl_Semaphore_Instance_finalize__E)
                  0000ad40    00000010     BIOS.obj (.text:ti_sysbios_knl_Swi_disable__E)
                  0000ad50    00000010     rtos_pem4f.oem4f (.text:ti_sysbios_knl_Task_Object__get__S)
                  0000ad60    00000010     BIOS.obj (.text:ti_sysbios_knl_Task_disable__E)
                  0000ad70    00000010     driverlib.lib : udma.obj (.text:uDMAEnable)
                  0000ad80    00000010     ti.targets.arm.rtsarm.aem4f : Gate.oem4f (.text:xdc_runtime_Gate_leaveSystem__E)
                  0000ad90    00000010                                 : Memory.oem4f (.text:xdc_runtime_Memory_free__E)
                  0000ada0    00000010                                 : SysMin.oem4f (.text:xdc_runtime_SysMin_ready__E)
                  0000adb0    00000010                                 : System.oem4f (.text:xdc_runtime_System_vsnprintf__E)
                  0000adc0    00000010     rtos_pem4f.oem4f (.text:xdc_runtime_Text_visitRope__I)
                  0000add0    0000000e     driverlib.lib : adc.obj (.text:ADCSequenceDisable)
                  0000adde    0000000e                   : adc.obj (.text:ADCSequenceEnable)
                  0000adec    0000000e                   : timer.obj (.text:TimerEnable)
                  0000adfa    0000000e     rtsv7M4_T_le_v4SPD16_eabi.lib : copy_decompress_none.c.obj (.text:decompress:none:__TI_decompress_none)
                  0000ae08    0000000e     BIOS.obj (.text:ti_sysbios_knl_Idle_loop__E)
                  0000ae16    00000002     --HOLE-- [fill = 0]
                  0000ae18    0000000e     BIOS.obj (.text:ti_sysbios_knl_Queue_empty__E)
                  0000ae26    0000000c     driverlib.lib : cpu.obj (.text:CPUcpsid)
                  0000ae32    0000000c                   : cpu.obj (.text:CPUcpsie)
                  0000ae3e    00000002     --HOLE-- [fill = 0]
                  0000ae40    0000000c     HAL_EK_TM4C1294XL_Crystalfontz128x128_ST7735.obj (.text:HAL_LCD_writeData)
                  0000ae4c    0000000c     driverlib.lib : pwm.obj (.text:PWMGenEnable)
                  0000ae58    0000000c     rtsv7M4_T_le_v4SPD16_eabi.lib : _lock.c.obj (.text:_register_lock)
                  0000ae64    0000000c                                   : _lock.c.obj (.text:_register_unlock)
                  0000ae70    0000000c     buttons.obj (.text:button_clock_func)
                  0000ae7c    0000000c     rtsv7M4_T_le_v4SPD16_eabi.lib : copy_zero_init.c.obj (.text:decompress:ZI:__TI_zero_init)
                  0000ae88    0000000c     BIOS.obj (.text:ti_sysbios_family_arm_lm4_Timer_getMaxTicks__E)
                  0000ae94    00000004     --HOLE-- [fill = 0]
                  0000ae98    0000000c     BIOS.obj (.text:ti_sysbios_family_arm_m3_TaskSupport_checkStack__E)
                  0000aea4    00000004     --HOLE-- [fill = 0]
                  0000aea8    0000000c     BIOS.obj (.text:ti_sysbios_gates_GateHwi_enter__E)
                  0000aeb4    00000004     --HOLE-- [fill = 0]
                  0000aeb8    0000000c     rtos_pem4f.oem4f (.text:ti_sysbios_knl_Queue_Object__get__S)
                  0000aec4    0000000c     driverlib.lib : udma.obj (.text:uDMAControlBaseSet)
                  0000aed0    0000000c     ti.targets.arm.rtsarm.aem4f : Error.oem4f (.text:xdc_runtime_Error_init__E)
                  0000aedc    0000000c                                 : Gate.oem4f (.text:xdc_runtime_Gate_enterSystem__E)
                  0000aee8    0000000c                                 : Memory.oem4f (.text:xdc_runtime_Memory_calloc__E)
                  0000aef4    0000000c                                 : Memory.oem4f (.text:xdc_runtime_Memory_getMaxDefaultTypeAlign__E)
                  0000af00    0000000a     driverlib.lib : adc.obj (.text:ADCIntClear)
                  0000af0a    0000000a                   : ssi.obj (.text:SSIDataPut)
                  0000af14    0000000a                   : ssi.obj (.text:SSIEnable)
                  0000af1e    0000000a                   : timer.obj (.text:TimerIntStatus)
                  0000af28    0000000a     rtos_pem4f.oem4f (.text:xdc_runtime_IHeap_alloc)
                  0000af32    00000006     --HOLE-- [fill = 0]
                  0000af38    0000000a     rtos_pem4f.oem4f (.text:xdc_runtime_IHeap_free)
                  0000af42    00000008     driverlib.lib : adc.obj (.text:ADCIntEnableEx)
                  0000af4a    00000008     grlib.lib : charmap.obj (.text:GrMapISO8859_1_Unicode)
                  0000af52    00000008     driverlib.lib : ssi.obj (.text:SSIBusy)
                  0000af5a    00000002     --HOLE-- [fill = 0]
                  0000af5c    00000008     rtsv7M4_T_le_v4SPD16_eabi.lib : errno.c.obj (.text:__aeabi_errno_addr)
                  0000af64    00000008     BIOS.obj (.text:ti_sysbios_family_arm_lm4_Timer_masterDisable__I)
                  0000af6c    00000004     --HOLE-- [fill = 0]
                  0000af70    00000008     BIOS.obj (.text:ti_sysbios_family_arm_m3_Hwi_doSwiRestore__I)
                  0000af78    00000008     BIOS.obj (.text:ti_sysbios_family_arm_m3_Hwi_startup__E)
                  0000af80    00000006     kiss_fft.obj (.text:kiss_fft)
                  0000af86    00000002     --HOLE-- [fill = 0]
                  0000af88    00000006     BIOS.obj (.text:ti_sysbios_family_arm_lm4_TimestampProvider_Module_startup__E)
                  0000af8e    00000002     --HOLE-- [fill = 0]
                  0000af90    00000006     BIOS.obj (.text:ti_sysbios_family_arm_m3_Hwi_doTaskRestore__I)
                  0000af96    00000002     --HOLE-- [fill = 0]
                  0000af98    00000006     BIOS.obj (.text:ti_sysbios_gates_GateHwi_leave__E)
                  0000af9e    00000002     --HOLE-- [fill = 0]
                  0000afa0    00000006     BIOS.obj (.text:ti_sysbios_heaps_HeapMem_isBlocking__E)
                  0000afa6    00000002     --HOLE-- [fill = 0]
                  0000afa8    00000006     BIOS.obj (.text:ti_sysbios_knl_Queue_Instance_init__E)
                  0000afae    00000002     --HOLE-- [fill = 0]
                  0000afb0    00000006     BIOS.obj (.text:ti_sysbios_knl_Swi_startup__E)
                  0000afb6    00000002     --HOLE-- [fill = 0]
                  0000afb8    00000004     rtos_pem4f.oem4f (.text:ti_sysbios_BIOS_RtsGateProxy_enter__E)
                  0000afbc    00000004     --HOLE-- [fill = 0]
                  0000afc0    00000004     rtos_pem4f.oem4f (.text:ti_sysbios_BIOS_RtsGateProxy_leave__E)
                  0000afc4    00000004     --HOLE-- [fill = 0]
                  0000afc8    00000004     rtos_pem4f.oem4f (.text:ti_sysbios_family_arm_m3_TaskSupport_Module__startupDone__S)
                  0000afcc    00000004     --HOLE-- [fill = 0]
                  0000afd0    00000004     BIOS.obj (.text:ti_sysbios_gates_GateHwi_query__E)
                  0000afd4    00000004     --HOLE-- [fill = 0]
                  0000afd8    00000004     BIOS.obj (.text:ti_sysbios_gates_GateMutex_query__E)
                  0000afdc    00000004     --HOLE-- [fill = 0]
                  0000afe0    00000004     rtos_pem4f.oem4f (.text:ti_sysbios_heaps_HeapMem_Module_GateProxy_enter__E)
                  0000afe4    00000004     --HOLE-- [fill = 0]
                  0000afe8    00000004     rtos_pem4f.oem4f (.text:ti_sysbios_heaps_HeapMem_Module_GateProxy_leave__E)
                  0000afec    00000004     --HOLE-- [fill = 0]
                  0000aff0    00000004     rtos_pem4f.oem4f (.text:ti_sysbios_knl_Clock_TimerProxy_getMaxTicks__E)
                  0000aff4    00000004     --HOLE-- [fill = 0]
                  0000aff8    00000004     rtos_pem4f.oem4f (.text:ti_sysbios_knl_Queue_destruct)
                  0000affc    00000004     --HOLE-- [fill = 0]
                  0000b000    00000004     rtos_pem4f.oem4f (.text:ti_sysbios_knl_Semaphore_destruct)
                  0000b004    00000004     --HOLE-- [fill = 0]
                  0000b008    00000004     BIOS.obj (.text:ti_sysbios_knl_Task_startup__E)
                  0000b00c    00000004     --HOLE-- [fill = 0]
                  0000b010    00000004     rtos_pem4f.oem4f (.text:xdc_runtime_System_Module_GateProxy_enter__E)
                  0000b014    00000004     --HOLE-- [fill = 0]
                  0000b018    00000004     rtos_pem4f.oem4f (.text:xdc_runtime_System_Module_GateProxy_leave__E)
                  0000b01c    00000004     --HOLE-- [fill = 0]
                  0000b020    00000002     rtos_pem4f.oem4f (.text:ti_sysbios_BIOS_nullFunc__I)
                  0000b022    00000006     --HOLE-- [fill = 0]
                  0000b028    00000002     BIOS.obj (.text:ti_sysbios_gates_GateHwi_Instance_init__E)
                  0000b02a    00000006     --HOLE-- [fill = 0]
                  0000b030    00000002     BIOS.obj (.text:ti_sysbios_knl_Clock_logTick__E)
                  0000b032    00000006     --HOLE-- [fill = 0]
                  0000b038    00000002     rtos_pem4f.oem4f (.text:xdc_runtime_Startup_reset__I)

.const     0    0000b040    000027aa     
                  0000b040    000019b4     rtos_pem4f.oem4f (.const:xdc_runtime_Text_charTab__A)
                  0000c9f4    000002f8     grlib.lib : fontfixed6x8.obj (.const:.string:g_pui8FontFixed6x8Data)
                  0000ccec    00000004     rtos_pem4f.oem4f (.const:ti_catalog_arm_cortexm4_tiva_ce_Boot_A_mustNotUseEnhancedClockMode__C)
                  0000ccf0    00000158     rtsv7M4_T_le_v4SPD16_eabi.lib : k_rem_pio2.c.obj (.const:$O1$$)
                  0000ce48    00000120     Boot.aem4f : Boot_sysctl.oem4f (.const:g_pppui32XTALtoVCO)
                  0000cf68    00000101     rtsv7M4_T_le_v4SPD16_eabi.lib : ctype.c.obj (.const:.string:_ctypes_)
                  0000d069    00000001     rtos_pem4f.oem4f (.const:xdc_runtime_Error_policy__C)
                  0000d06a    00000002     rtos_pem4f.oem4f (.const:ti_catalog_arm_cortexm4_tiva_ce_Boot_Module__id__C)
                  0000d06c    000000c8     grlib.lib : fontfixed6x8.obj (.const:g_sFontFixed6x8)
                  0000d134    000000c8     rtos_pem4f.oem4f (.const:xdc_runtime_Text_nodeTab__A)
                  0000d1fc    00000090     driverlib.lib : gpio.obj (.const:g_pui32GPIOBaseAddrs)
                  0000d28c    0000006c     Boot.aem4f : Boot_sysctl.oem4f (.const:g_pui32Xtals)
                  0000d2f8    00000048     rtos_pem4f.oem4f (.const:.string)
                  0000d340    00000038     rtos_pem4f.oem4f (.const)
                  0000d378    00000030     Boot.aem4f : Boot_sysctl.oem4f (.const:g_sXTALtoMEMTIM)
                  0000d3a8    00000028     Crystalfontz128x128_ST7735.obj (.const:g_sCrystalfontz128x128)
                  0000d3d0    00000028     rtos_pem4f.oem4f (.const:ti_sysbios_heaps_HeapMem_Module__FXNS__C)
                  0000d3f8    00000028     rtos_pem4f.oem4f (.const:xdc_runtime_Startup_sfxnTab__A)
                  0000d420    00000024     rtos_pem4f.oem4f (.const:ti_sysbios_gates_GateHwi_Module__FXNS__C)
                  0000d444    00000024     rtos_pem4f.oem4f (.const:ti_sysbios_gates_GateMutex_Module__FXNS__C)
                  0000d468    00000024     rtos_pem4f.oem4f (.const:ti_sysbios_heaps_HeapMem_Object__PARAMS__C)
                  0000d48c    00000024     rtos_pem4f.oem4f (.const:ti_sysbios_knl_Semaphore_Object__PARAMS__C)
                  0000d4b0    00000020     rtos_pem4f.oem4f (.const:ti_sysbios_gates_GateHwi_Object__DESC__C)
                  0000d4d0    00000020     rtos_pem4f.oem4f (.const:ti_sysbios_gates_GateMutex_Object__DESC__C)
                  0000d4f0    00000020     rtos_pem4f.oem4f (.const:ti_sysbios_heaps_HeapMem_Object__DESC__C)
                  0000d510    00000020     rtos_pem4f.oem4f (.const:ti_sysbios_knl_Queue_Object__DESC__C)
                  0000d530    00000020     rtos_pem4f.oem4f (.const:ti_sysbios_knl_Semaphore_Object__DESC__C)
                  0000d550    0000001c     shared_state.obj (.const:VOLTAGE_SCALES)
                  0000d56c    00000018     shared_state.obj (.const:TIME_SCALES)
                  0000d584    00000018     rtos_pem4f.oem4f (.const:ti_sysbios_gates_GateHwi_Object__PARAMS__C)
                  0000d59c    00000018     rtos_pem4f.oem4f (.const:ti_sysbios_gates_GateMutex_Object__PARAMS__C)
                  0000d5b4    00000018     rtos_pem4f.oem4f (.const:ti_sysbios_knl_Queue_Object__PARAMS__C)
                  0000d5cc    00000018     rtos_pem4f.oem4f (.const:xdc_runtime_Startup_firstFxns__A)
                  0000d5e4    00000014     rtos_pem4f.oem4f (.const:xdc_runtime_Startup_sfxnRts__A)
                  0000d5f8    00000010     grlib.lib : context.obj (.const)
                  0000d608    00000008     Boot.aem4f : Boot_sysctl.oem4f (.const)
                  0000d610    00000008     shared_state.obj (.const)
                  0000d618    00000008     rtos_pem4f.oem4f (.const:ti_sysbios_family_arm_m3_Hwi_excHookFuncs__A)
                  0000d620    00000008     rtos_pem4f.oem4f (.const:ti_sysbios_knl_Idle_funcList__C)
                  0000d628    00000008     rtos_pem4f.oem4f (.const:xdc_runtime_Startup_firstFxns__C)
                  0000d630    00000008     rtos_pem4f.oem4f (.const:xdc_runtime_Startup_lastFxns__C)
                  0000d638    00000004     rtos_pem4f.oem4f (.const:ti_catalog_arm_cortexm4_tiva_ce_Boot_Module__diagsEnabled__C)
                  0000d63c    00000004     rtos_pem4f.oem4f (.const:ti_catalog_arm_cortexm4_tiva_ce_Boot_Module__diagsIncluded__C)
                  0000d640    00000004     rtos_pem4f.oem4f (.const:ti_catalog_arm_cortexm4_tiva_ce_Boot_Module__diagsMask__C)
                  0000d644    00000004     rtos_pem4f.oem4f (.const:ti_sysbios_family_arm_lm4_Timer_enableFunc__C)
                  0000d648    00000004     rtos_pem4f.oem4f (.const:ti_sysbios_family_arm_lm4_Timer_numTimerDevices__C)
                  0000d64c    00000004     rtos_pem4f.oem4f (.const:ti_sysbios_family_arm_lm4_Timer_startupNeeded__C)
                  0000d650    00000004     rtos_pem4f.oem4f (.const:ti_sysbios_family_arm_lm4_TimestampProvider_Module__diagsEnabled__C)
                  0000d654    00000004     rtos_pem4f.oem4f (.const:ti_sysbios_family_arm_lm4_TimestampProvider_Module__diagsIncluded__C)
                  0000d658    00000004     rtos_pem4f.oem4f (.const:ti_sysbios_family_arm_lm4_TimestampProvider_Module__diagsMask__C)
                  0000d65c    00000004     rtos_pem4f.oem4f (.const:ti_sysbios_family_arm_m3_Hwi_E_NMI__C)
                  0000d660    00000004     rtos_pem4f.oem4f (.const:ti_sysbios_family_arm_m3_Hwi_E_busFault__C)
                  0000d664    00000004     rtos_pem4f.oem4f (.const:ti_sysbios_family_arm_m3_Hwi_E_debugMon__C)
                  0000d668    00000004     rtos_pem4f.oem4f (.const:ti_sysbios_family_arm_m3_Hwi_E_hardFault__C)
                  0000d66c    00000004     rtos_pem4f.oem4f (.const:ti_sysbios_family_arm_m3_Hwi_E_memFault__C)
                  0000d670    00000004     rtos_pem4f.oem4f (.const:ti_sysbios_family_arm_m3_Hwi_E_noIsr__C)
                  0000d674    00000004     rtos_pem4f.oem4f (.const:ti_sysbios_family_arm_m3_Hwi_E_reserved__C)
                  0000d678    00000004     rtos_pem4f.oem4f (.const:ti_sysbios_family_arm_m3_Hwi_E_svCall__C)
                  0000d67c    00000004     rtos_pem4f.oem4f (.const:ti_sysbios_family_arm_m3_Hwi_E_usageFault__C)
                  0000d680    00000004     rtos_pem4f.oem4f (.const:ti_sysbios_family_arm_m3_Hwi_NUM_INTERRUPTS__C)
                  0000d684    00000004     rtos_pem4f.oem4f (.const:ti_sysbios_family_arm_m3_Hwi_Object__count__C)
                  0000d688    00000004     rtos_pem4f.oem4f (.const:ti_sysbios_family_arm_m3_Hwi_ccr__C)
                  0000d68c    00000004     rtos_pem4f.oem4f (.const:ti_sysbios_family_arm_m3_Hwi_excHandlerFunc__C)
                  0000d690    00000004     rtos_pem4f.oem4f (.const:ti_sysbios_family_arm_m3_Hwi_excHookFuncs__C)
                  0000d694    00000004     rtos_pem4f.oem4f (.const:ti_sysbios_family_arm_m3_Hwi_nullIsrFunc__C)
                  0000d698    00000004     rtos_pem4f.oem4f (.const:ti_sysbios_family_arm_m3_Hwi_priGroup__C)
                  0000d69c    00000004     rtos_pem4f.oem4f (.const:ti_sysbios_gates_GateMutex_A_badContext__C)
                  0000d6a0    00000004     rtos_pem4f.oem4f (.const:ti_sysbios_gates_GateMutex_Instance_State_sem__O)
                  0000d6a4    00000004     rtos_pem4f.oem4f (.const:ti_sysbios_gates_GateMutex_Module__diagsEnabled__C)
                  0000d6a8    00000004     rtos_pem4f.oem4f (.const:ti_sysbios_gates_GateMutex_Module__diagsIncluded__C)
                  0000d6ac    00000004     rtos_pem4f.oem4f (.const:ti_sysbios_gates_GateMutex_Module__diagsMask__C)
                  0000d6b0    00000004     rtos_pem4f.oem4f (.const:ti_sysbios_hal_Hwi_E_stackOverflow__C)
                  0000d6b4    00000004     rtos_pem4f.oem4f (.const:ti_sysbios_heaps_HeapMem_A_align__C)
                  0000d6b8    00000004     rtos_pem4f.oem4f (.const:ti_sysbios_heaps_HeapMem_A_heapSize__C)
                  0000d6bc    00000004     rtos_pem4f.oem4f (.const:ti_sysbios_heaps_HeapMem_A_invalidFree__C)
                  0000d6c0    00000004     rtos_pem4f.oem4f (.const:ti_sysbios_heaps_HeapMem_A_zeroBlock__C)
                  0000d6c4    00000004     rtos_pem4f.oem4f (.const:ti_sysbios_heaps_HeapMem_E_memory__C)
                  0000d6c8    00000004     rtos_pem4f.oem4f (.const:ti_sysbios_heaps_HeapMem_Module__diagsEnabled__C)
                  0000d6cc    00000004     rtos_pem4f.oem4f (.const:ti_sysbios_heaps_HeapMem_Module__diagsIncluded__C)
                  0000d6d0    00000004     rtos_pem4f.oem4f (.const:ti_sysbios_heaps_HeapMem_Module__diagsMask__C)
                  0000d6d4    00000004     rtos_pem4f.oem4f (.const:ti_sysbios_heaps_HeapMem_Module__gateObj__C)
                  0000d6d8    00000004     rtos_pem4f.oem4f (.const:ti_sysbios_heaps_HeapMem_Object__count__C)
                  0000d6dc    00000004     rtos_pem4f.oem4f (.const:ti_sysbios_heaps_HeapMem_reqAlign__C)
                  0000d6e0    00000004     rtos_pem4f.oem4f (.const:ti_sysbios_knl_Clock_Module_State_clockQ__O)
                  0000d6e4    00000004     rtos_pem4f.oem4f (.const:ti_sysbios_knl_Idle_funcList__A)
                  0000d6e8    00000004     rtos_pem4f.oem4f (.const:ti_sysbios_knl_Mailbox_Instance_State_dataQue__O)
                  0000d6ec    00000004     rtos_pem4f.oem4f (.const:ti_sysbios_knl_Mailbox_Instance_State_dataSem__O)
                  0000d6f0    00000004     rtos_pem4f.oem4f (.const:ti_sysbios_knl_Mailbox_Instance_State_freeQue__O)
                  0000d6f4    00000004     rtos_pem4f.oem4f (.const:ti_sysbios_knl_Mailbox_Instance_State_freeSem__O)
                  0000d6f8    00000004     rtos_pem4f.oem4f (.const:ti_sysbios_knl_Mailbox_Object__count__C)
                  0000d6fc    00000004     rtos_pem4f.oem4f (.const:ti_sysbios_knl_Mailbox_maxTypeAlign__C)
                  0000d700    00000004     rtos_pem4f.oem4f (.const:ti_sysbios_knl_Semaphore_A_badContext__C)
                  0000d704    00000004     rtos_pem4f.oem4f (.const:ti_sysbios_knl_Semaphore_A_noEvents__C)
                  0000d708    00000004     rtos_pem4f.oem4f (.const:ti_sysbios_knl_Semaphore_A_overflow__C)
                  0000d70c    00000004     rtos_pem4f.oem4f (.const:ti_sysbios_knl_Semaphore_A_pendTaskDisabled__C)
                  0000d710    00000004     rtos_pem4f.oem4f (.const:ti_sysbios_knl_Semaphore_Instance_State_pendQ__O)
                  0000d714    00000004     rtos_pem4f.oem4f (.const:ti_sysbios_knl_Semaphore_Module__diagsEnabled__C)
                  0000d718    00000004     rtos_pem4f.oem4f (.const:ti_sysbios_knl_Semaphore_Module__diagsIncluded__C)
                  0000d71c    00000004     rtos_pem4f.oem4f (.const:ti_sysbios_knl_Semaphore_Module__diagsMask__C)
                  0000d720    00000004     rtos_pem4f.oem4f (.const:ti_sysbios_knl_Swi_Object__count__C)
                  0000d724    00000004     rtos_pem4f.oem4f (.const:ti_sysbios_knl_Task_E_spOutOfBounds__C)
                  0000d728    00000004     rtos_pem4f.oem4f (.const:ti_sysbios_knl_Task_E_stackOverflow__C)
                  0000d72c    00000004     rtos_pem4f.oem4f (.const:ti_sysbios_knl_Task_Module_State_inactiveQ__O)
                  0000d730    00000004     rtos_pem4f.oem4f (.const:ti_sysbios_knl_Task_Object__count__C)
                  0000d734    00000004     rtos_pem4f.oem4f (.const:ti_sysbios_knl_Task_allBlockedFunc__C)
                  0000d738    00000004     rtos_pem4f.oem4f (.const:ti_sysbios_knl_Task_numConstructedTasks__C)
                  0000d73c    00000004     rtos_pem4f.oem4f (.const:xdc_runtime_Assert_E_assertFailed__C)
                  0000d740    00000004     rtos_pem4f.oem4f (.const:xdc_runtime_Core_A_initializedParams__C)
                  0000d744    00000004     rtos_pem4f.oem4f (.const:xdc_runtime_Core_Module__diagsEnabled__C)
                  0000d748    00000004     rtos_pem4f.oem4f (.const:xdc_runtime_Core_Module__diagsIncluded__C)
                  0000d74c    00000004     rtos_pem4f.oem4f (.const:xdc_runtime_Core_Module__diagsMask__C)
                  0000d750    00000004     rtos_pem4f.oem4f (.const:xdc_runtime_Error_E_memory__C)
                  0000d754    00000004     rtos_pem4f.oem4f (.const:xdc_runtime_Error_Module__diagsEnabled__C)
                  0000d758    00000004     rtos_pem4f.oem4f (.const:xdc_runtime_Error_Module__diagsIncluded__C)
                  0000d75c    00000004     rtos_pem4f.oem4f (.const:xdc_runtime_Error_Module__diagsMask__C)
                  0000d760    00000004     rtos_pem4f.oem4f (.const:xdc_runtime_Error_Module__loggerFxn8__C)
                  0000d764    00000004     rtos_pem4f.oem4f (.const:xdc_runtime_Error_Module__loggerObj__C)
                  0000d768    00000004     rtos_pem4f.oem4f (.const:xdc_runtime_Error_policyFxn__C)
                  0000d76c    00000004     rtos_pem4f.oem4f (.const:xdc_runtime_Error_raiseHook__C)
                  0000d770    00000004     rtos_pem4f.oem4f (.const:xdc_runtime_IGateProvider_Interface__BASE__C)
                  0000d774    00000004     rtos_pem4f.oem4f (.const:xdc_runtime_IHeap_Interface__BASE__C)
                  0000d778    00000004     rtos_pem4f.oem4f (.const:xdc_runtime_IModule_Interface__BASE__C)
                  0000d77c    00000004     rtos_pem4f.oem4f (.const:xdc_runtime_Log_L_error__C)
                  0000d780    00000004     rtos_pem4f.oem4f (.const:xdc_runtime_Memory_defaultHeapInstance__C)
                  0000d784    00000004     rtos_pem4f.oem4f (.const:xdc_runtime_Startup_execImpl__C)
                  0000d788    00000004     rtos_pem4f.oem4f (.const:xdc_runtime_Startup_maxPasses__C)
                  0000d78c    00000004     rtos_pem4f.oem4f (.const:xdc_runtime_Startup_sfxnRts__C)
                  0000d790    00000004     rtos_pem4f.oem4f (.const:xdc_runtime_Startup_sfxnTab__C)
                  0000d794    00000004     rtos_pem4f.oem4f (.const:xdc_runtime_SysMin_bufSize__C)
                  0000d798    00000004     rtos_pem4f.oem4f (.const:xdc_runtime_SysMin_outputFunc__C)
                  0000d79c    00000004     rtos_pem4f.oem4f (.const:xdc_runtime_System_Module__gateObj__C)
                  0000d7a0    00000004     rtos_pem4f.oem4f (.const:xdc_runtime_System_abortFxn__C)
                  0000d7a4    00000004     rtos_pem4f.oem4f (.const:xdc_runtime_System_exitFxn__C)
                  0000d7a8    00000004     rtos_pem4f.oem4f (.const:xdc_runtime_System_extendFxn__C)
                  0000d7ac    00000004     rtos_pem4f.oem4f (.const:xdc_runtime_System_maxAtexitHandlers__C)
                  0000d7b0    00000004     rtos_pem4f.oem4f (.const:xdc_runtime_Text_charTab__C)
                  0000d7b4    00000004     rtos_pem4f.oem4f (.const:xdc_runtime_Text_nameEmpty__C)
                  0000d7b8    00000004     rtos_pem4f.oem4f (.const:xdc_runtime_Text_nameStatic__C)
                  0000d7bc    00000004     rtos_pem4f.oem4f (.const:xdc_runtime_Text_nameUnknown__C)
                  0000d7c0    00000004     rtos_pem4f.oem4f (.const:xdc_runtime_Text_nodeTab__C)
                  0000d7c4    00000004     rtos_pem4f.oem4f (.const:xdc_runtime_Text_visitRopeFxn__C)
                  0000d7c8    00000002     rtos_pem4f.oem4f (.const:ti_sysbios_family_arm_lm4_TimestampProvider_Module__id__C)
                  0000d7ca    00000002     rtos_pem4f.oem4f (.const:ti_sysbios_family_arm_lm4_TimestampProvider_useClockTimer__C)
                  0000d7cc    00000002     rtos_pem4f.oem4f (.const:ti_sysbios_family_arm_m3_Hwi_Module__id__C)
                  0000d7ce    00000002     rtos_pem4f.oem4f (.const:ti_sysbios_gates_GateMutex_Module__id__C)
                  0000d7d0    00000002     rtos_pem4f.oem4f (.const:ti_sysbios_hal_Hwi_Module__id__C)
                  0000d7d2    00000002     rtos_pem4f.oem4f (.const:ti_sysbios_heaps_HeapMem_Module__id__C)
                  0000d7d4    00000002     rtos_pem4f.oem4f (.const:ti_sysbios_knl_Semaphore_Module__id__C)
                  0000d7d6    00000002     rtos_pem4f.oem4f (.const:ti_sysbios_knl_Task_Module__id__C)
                  0000d7d8    00000002     rtos_pem4f.oem4f (.const:xdc_runtime_Core_Module__id__C)
                  0000d7da    00000002     rtos_pem4f.oem4f (.const:xdc_runtime_Error_Module__loggerDefined__C)
                  0000d7dc    00000002     rtos_pem4f.oem4f (.const:xdc_runtime_Error_maxDepth__C)
                  0000d7de    00000002     rtos_pem4f.oem4f (.const:xdc_runtime_Memory_Module__id__C)
                  0000d7e0    00000002     rtos_pem4f.oem4f (.const:xdc_runtime_SysMin_flushAtExit__C)
                  0000d7e2    00000002     rtos_pem4f.oem4f (.const:xdc_runtime_Text_charCnt__C)
                  0000d7e4    00000002     rtos_pem4f.oem4f (.const:xdc_runtime_Text_isLoaded__C)
                  0000d7e6    00000002     rtos_pem4f.oem4f (.const:xdc_runtime_Text_registryModsLastId__C)
                  0000d7e8    00000002     rtos_pem4f.oem4f (.const:xdc_runtime_Text_unnamedModsLastId__C)

.cinit     0    0000d7f0    000002d0     
                  0000d7f0    0000029b     (.cinit..data.load) [load image, compression = lzss]
                  0000da8b    00000001     --HOLE-- [fill = 0]
                  0000da8c    0000000c     (__TI_handler_table)
                  0000da98    00000008     (.cinit..bss.load) [load image, compression = zero_init]
                  0000daa0    00000008     (.cinit..vecs.load) [load image, compression = zero_init]
                  0000daa8    00000018     (__TI_cinit_table)

.init_array 
*          0    00000000    00000000     UNINITIALIZED

.resetVecs 
*          0    00000000    0000003c     
                  00000000    0000003c     rtos_pem4f.oem4f (.resetVecs)

.bss       0    20000400    0000a706     UNINITIALIZED
                  20000400    00002108     main.obj (.bss:kiss_fft_cfg_buffer)
                  20002508    00002000     main.obj (.bss:in)
                  20004508    00002000     main.obj (.bss:out)
                  20006508    00001a00     rtos_pem4f.oem4f (.bss:taskStackSection)
                  20007f08    00001000     (.common:gADCBuffer)
                  20008f08    00000800     (.common:fftBuffer)
                  20009708    000000a0     (.common:ti_sysbios_knl_Mailbox_Instance_State_0_allocBuf__A)
                  200097a8    0000002c     (.common:sContext)
                  200097d4    00000014     buttons.obj (.bss:state$1)
                  200097e8    00000008     (.common:parmbuf)
                  200097f0    00000004     (.common:cfg)
                  200097f4    00000004     (.common:gADCSamplingRate)
                  200097f8    00000004     (.common:g_psGrLibDefaults)
                  200097fc    00000002     (.common:Lcd_ScreenHeigth)
                  200097fe    00000002     (.common:Lcd_ScreenWidth)
                  20009800    00000400     (.common:gDMAControlTable)
                  20009c00    00000400     (.common:ti_sysbios_heaps_HeapMem_Instance_State_0_buf__A)
                  2000a000    00000360     (.common:ti_sysbios_family_arm_m3_Hwi_dispatchTable)
                  2000a360    00000200     (.common:localADCBuffer)
                  2000a560    00000200     (.common:processedADCBuffer)
                  2000a760    00000200     (.common:rawADCBuffer)
                  2000a960    00000120     rtsv7M4_T_le_v4SPD16_eabi.lib : trgmsg.c.obj (.bss:_CIOBUF_)
                  2000aa80    00000080     (.common:xdc_runtime_SysMin_Module_State_0_outbuf__A)
                  2000ab00    00000002     (.common:Lcd_TouchTrim)
                  2000ab02    00000001     (.common:Lcd_FlagRead)
                  2000ab03    00000001     (.common:Lcd_FontSolid)
                  2000ab04    00000001     (.common:Lcd_Orientation)
                  2000ab05    00000001     (.common:Lcd_PenSolid)

.data      0    2000ab08    000086a6     UNINITIALIZED
                  2000ab08    00008000     Crystalfontz128x128_ST7735.obj (.data:Lcd_buffer)
                  20012b08    000001c8     rtos_pem4f.oem4f (.data:ti_sysbios_knl_Task_Object__table__V)
                  20012cd0    00000080     rtos_pem4f.oem4f (.data:ti_sysbios_knl_Swi_Module_State_0_readyQ__A)
                  20012d50    00000080     rtos_pem4f.oem4f (.data:ti_sysbios_knl_Task_Module_State_0_readyQ__A)
                  20012dd0    00000050     rtos_pem4f.oem4f (.data:ti_sysbios_knl_Mailbox_Object__table__V)
                  20012e20    00000050     rtos_pem4f.oem4f (.data:ti_sysbios_knl_Semaphore_Object__table__V)
                  20012e70    00000044     rtos_pem4f.oem4f (.data:ti_sysbios_knl_Task_Module__state__V)
                  20012eb4    00000040     rtos_pem4f.oem4f (.data:ti_sysbios_family_arm_lm4_Timer_Module_State_0_device__A)
                  20012ef4    00000040     rtos_pem4f.oem4f (.data:ti_sysbios_family_arm_lm4_Timer_Object__table__V)
                  20012f34    00000038     rtos_pem4f.oem4f (.data:ti_sysbios_gates_GateMutex_Object__table__V)
                  20012f6c    00000034     rtos_pem4f.oem4f (.data:ti_sysbios_family_arm_m3_Hwi_Module__state__V)
                  20012fa0    00000030     rtos_pem4f.oem4f (.data:ti_sysbios_family_arm_m3_Hwi_Object__table__V)
                  20012fd0    00000030     rtos_pem4f.oem4f (.data:ti_sysbios_knl_Swi_Object__table__V)
                  20013000    0000002c     rtos_pem4f.oem4f (.data:ti_sysbios_knl_Clock_Module__state__V)
                  2001302c    00000024     buttons.obj (.data:count$2)
                  20013050    00000024     rtos_pem4f.oem4f (.data:ti_sysbios_BIOS_Module__state__V)
                  20013074    00000020     rtos_pem4f.oem4f (.data:ti_sysbios_family_arm_lm4_Timer_Module_State_0_handles__A)
                  20013094    00000020     rtos_pem4f.oem4f (.data:ti_sysbios_knl_Clock_Object__table__V)
                  200130b4    0000001c     rtos_pem4f.oem4f (.data:ti_sysbios_knl_Swi_Module__state__V)
                  200130d0    00000018     rtos_pem4f.oem4f (.data:ti_sysbios_heaps_HeapMem_Object__table__V)
                  200130e8    00000013     shared_state.obj (.data)
                  200130fb    00000001     --HOLE--
                  200130fc    0000000c     rtos_pem4f.oem4f (.data:ti_sysbios_family_arm_lm4_Timer_Module__state__V)
                  20013108    0000000c     rtos_pem4f.oem4f (.data:ti_sysbios_gates_GateHwi_Object__table__V)
                  20013114    0000000c     rtos_pem4f.oem4f (.data:xdc_runtime_SysMin_Module__state__V)
                  20013120    00000008     rtsv7M4_T_le_v4SPD16_eabi.lib : _lock.c.obj (.data:$O1$$)
                  20013128    00000008     cpu_load.obj (.data)
                  20013130    00000008     buttons.obj (.data:gJoystick)
                  20013138    00000008     rtos_pem4f.oem4f (.data:ti_sysbios_family_arm_lm4_TimestampProvider_Module__state__V)
                  20013140    00000008     rtos_pem4f.oem4f (.data:ti_sysbios_gates_GateHwi_Module__root__V)
                  20013148    00000008     rtos_pem4f.oem4f (.data:ti_sysbios_gates_GateMutex_Module__root__V)
                  20013150    00000008     rtos_pem4f.oem4f (.data:ti_sysbios_heaps_HeapMem_Module__root__V)
                  20013158    00000008     rtos_pem4f.oem4f (.data:ti_sysbios_knl_Queue_Module__root__V)
                  20013160    00000008     rtos_pem4f.oem4f (.data:ti_sysbios_knl_Semaphore_Module__root__V)
                  20013168    00000008     rtos_pem4f.oem4f (.data:xdc_runtime_Registry_Module__state__V)
                  20013170    00000008     rtos_pem4f.oem4f (.data:xdc_runtime_Startup_Module__state__V)
                  20013178    00000008     rtos_pem4f.oem4f (.data:xdc_runtime_System_Module_State_0_atexitHandlers__A)
                  20013180    00000008     rtos_pem4f.oem4f (.data:xdc_runtime_System_Module__state__V)
                  20013188    00000006     buttons.obj (.data)
                  2001318e    00000002     rtos_pem4f.oem4f (.data:ti_sysbios_family_arm_m3_Hwi_Module_State_0_excActive__A)
                  20013190    00000004     main.obj (.data)
                  20013194    00000004     rtsv7M4_T_le_v4SPD16_eabi.lib : errno.c.obj (.data)
                  20013198    00000004                                   : stkdepth_vars.c.obj (.data)
                  2001319c    00000004     rtos_pem4f.oem4f (.data:ti_sysbios_family_arm_m3_Hwi_Module_State_0_excContext__A)
                  200131a0    00000004     rtos_pem4f.oem4f (.data:ti_sysbios_family_arm_m3_Hwi_Module_State_0_excStack__A)
                  200131a4    00000004     rtos_pem4f.oem4f (.data:ti_sysbios_knl_Task_Module_State_0_idleTask__A)
                  200131a8    00000004     rtos_pem4f.oem4f (.data:xdc_runtime_Memory_Module__state__V)
                  200131ac    00000002     rtos_pem4f.oem4f (.data:xdc_runtime_Error_Module__state__V)

.stack     0    200131b0    00000300     UNINITIALIZED
                  200131b0    00000300     --HOLE--

.bootVecs 
*          0    00000000    00000008     DSECT
                  00000000    00000008     boot.aem4f : boot.oem4f (.bootVecs)

.vecs      0    20000000    00000360     UNINITIALIZED
                  20000000    00000360     rtos_pem4f.oem4f (.vecs)

xdc.meta   0    00000000    000000f5     COPY SECTION
                  00000000    000000f5     rtos_pem4f.oem4f (xdc.meta)

__llvm_prf_cnts 
*          0    20000000    00000000     UNINITIALIZED

MODULE SUMMARY

       Module                                             code    ro data   rw data
       ------                                             ----    -------   -------
    ..\src\sysbios\
       BIOS.obj                                           10604   0         0      
       m3_Hwi_asm.obj                                     314     0         0      
       m3_TaskSupport_asm.obj                             180     0         0      
       m3_Hwi_asm_switch.obj                              118     0         0      
    +--+--------------------------------------------------+-------+---------+---------+
       Total:                                             11216   0         0      
                                                                                   
    .\
       Crystalfontz128x128_ST7735.obj                     958     40        32778  
       main.obj                                           898     0         25872  
       kiss_fft.obj                                       2602    0         0      
       HAL_EK_TM4C1294XL_Crystalfontz128x128_ST7735.obj   324     0         0      
       sysctl_pll.obj                                     72      0         0      
    +--+--------------------------------------------------+-------+---------+---------+
       Total:                                             4854    40        58650  
                                                                                   
    .\src\
       sampling.obj                                       352     0         4096   
       shared_state.obj                                   0       60        3091   
       display.obj                                        1012    0         556    
       buttons.obj                                        956     0         74     
       waveform.obj                                       388     0         0      
       cpu_load.obj                                       232     0         8      
    +--+--------------------------------------------------+-------+---------+---------+
       Total:                                             2940    60        7825   
                                                                                   
    C:\Users\liams\Documents\ECE3849\ece3849_lab4_jddenney_wasnow\Debug\configPkg\package\cfg\
       rtos_pem4f.oem4f                                   1546    7941      11300  
    +--+--------------------------------------------------+-------+---------+---------+
       Total:                                             1546    7941      11300  
                                                                                   
    C:/ti/tirtos_tivac_2_16_01_14/products/TivaWare_C_Series-2.1.1.71b/driverlib/ccs/Debug/driverlib.lib
       gpio.obj                                           526     144       0      
       udma.obj                                           436     0         0      
       adc.obj                                            374     0         0      
       timer.obj                                          162     0         0      
       pwm.obj                                            130     0         0      
       ssi.obj                                            88      0         0      
[...]
0000d36c  buttons_mail                                                         
0000d370  ui_task                                                              
0000d374  gateHwi1                                                             
0000d3a8  g_sCrystalfontz128x128                                               
0000d3d0  ti_sysbios_heaps_HeapMem_Module__FXNS__C                             
0000d3f8  xdc_runtime_Startup_sfxnTab__A                                       
0000d420  ti_sysbios_gates_GateHwi_Module__FXNS__C                             
0000d444  ti_sysbios_gates_GateMutex_Module__FXNS__C                           
0000d468  ti_sysbios_heaps_HeapMem_Object__PARAMS__C                           
0000d48c  ti_sysbios_knl_Semaphore_Object__PARAMS__C                           
0000d4b0  ti_sysbios_gates_GateHwi_Object__DESC__C                             
0000d4d0  ti_sysbios_gates_GateMutex_Object__DESC__C                           
0000d4f0  ti_sysbios_heaps_HeapMem_Object__DESC__C                             
0000d510  ti_sysbios_knl_Queue_Object__DESC__C                                 
0000d530  ti_sysbios_knl_Semaphore_Object__DESC__C                             
0000d550  VOLTAGE_SCALES                                                       
0000d56c  TIME_SCALES                                                          
0000d584  ti_sysbios_gates_GateHwi_Object__PARAMS__C                           
0000d59c  ti_sysbios_gates_GateMutex_Object__PARAMS__C                         
0000d5b4  ti_sysbios_knl_Queue_Object__PARAMS__C                               
0000d5cc  xdc_runtime_Startup_firstFxns__A                                     
0000d5e4  xdc_runtime_Startup_sfxnRts__A                                       
0000d5f8  g_psDefaultCodePointMapTable                                         
0000d610  TIME_SCALES_SIZE                                                     
0000d614  VOLTAGE_SCALES_SIZE                                                  
0000d618  ti_sysbios_family_arm_m3_Hwi_excHookFuncs__A                         
0000d620  ti_sysbios_knl_Idle_funcList__C                                      
0000d628  xdc_runtime_Startup_firstFxns__C                                     
0000d630  xdc_runtime_Startup_lastFxns__C                                      
0000d638  ti_catalog_arm_cortexm4_tiva_ce_Boot_Module__diagsEnabled__C         
0000d63c  ti_catalog_arm_cortexm4_tiva_ce_Boot_Module__diagsIncluded__C        
0000d640  ti_catalog_arm_cortexm4_tiva_ce_Boot_Module__diagsMask__C            
0000d644  ti_sysbios_family_arm_lm4_Timer_enableFunc__C                        
0000d648  ti_sysbios_family_arm_lm4_Timer_numTimerDevices__C                   
0000d64c  ti_sysbios_family_arm_lm4_Timer_startupNeeded__C                     
0000d650  ti_sysbios_family_arm_lm4_TimestampProvider_Module__diagsEnabled__C  
0000d654  ti_sysbios_family_arm_lm4_TimestampProvider_Module__diagsIncluded__C 
0000d658  ti_sysbios_family_arm_lm4_TimestampProvider_Module__diagsMask__C     
0000d65c  ti_sysbios_family_arm_m3_Hwi_E_NMI__C                                
0000d660  ti_sysbios_family_arm_m3_Hwi_E_busFault__C                           
0000d664  ti_sysbios_family_arm_m3_Hwi_E_debugMon__C                           
0000d668  ti_sysbios_family_arm_m3_Hwi_E_hardFault__C                          
0000d66c  ti_sysbios_family_arm_m3_Hwi_E_memFault__C                           
0000d670  ti_sysbios_family_arm_m3_Hwi_E_noIsr__C                              
0000d674  ti_sysbios_family_arm_m3_Hwi_E_reserved__C                           
0000d678  ti_sysbios_family_arm_m3_Hwi_E_svCall__C                             
0000d67c  ti_sysbios_family_arm_m3_Hwi_E_usageFault__C                         
0000d680  ti_sysbios_family_arm_m3_Hwi_NUM_INTERRUPTS__C                       
0000d684  ti_sysbios_family_arm_m3_Hwi_Object__count__C                        
0000d688  ti_sysbios_family_arm_m3_Hwi_ccr__C                                  
0000d68c  ti_sysbios_family_arm_m3_Hwi_excHandlerFunc__C                       
0000d690  ti_sysbios_family_arm_m3_Hwi_excHookFuncs__C                         
0000d694  ti_sysbios_family_arm_m3_Hwi_nullIsrFunc__C                          
0000d698  ti_sysbios_family_arm_m3_Hwi_priGroup__C                             
0000d69c  ti_sysbios_gates_GateMutex_A_badContext__C                           
0000d6a0  ti_sysbios_gates_GateMutex_Instance_State_sem__O                     
0000d6a4  ti_sysbios_gates_GateMutex_Module__diagsEnabled__C                   
0000d6a8  ti_sysbios_gates_GateMutex_Module__diagsIncluded__C                  
0000d6ac  ti_sysbios_gates_GateMutex_Module__diagsMask__C                      
0000d6b0  ti_sysbios_hal_Hwi_E_stackOverflow__C                                
0000d6b4  ti_sysbios_heaps_HeapMem_A_align__C                                  
0000d6b8  ti_sysbios_heaps_HeapMem_A_heapSize__C                               
0000d6bc  ti_sysbios_heaps_HeapMem_A_invalidFree__C                            
0000d6c0  ti_sysbios_heaps_HeapMem_A_zeroBlock__C                              
0000d6c4  ti_sysbios_heaps_HeapMem_E_memory__C                                 
0000d6c8  ti_sysbios_heaps_HeapMem_Module__diagsEnabled__C                     
0000d6cc  ti_sysbios_heaps_HeapMem_Module__diagsIncluded__C                    
0000d6d0  ti_sysbios_heaps_HeapMem_Module__diagsMask__C                        
0000d6d4  ti_sysbios_heaps_HeapMem_Module__gateObj__C                          
0000d6d8  ti_sysbios_heaps_HeapMem_Object__count__C                            
0000d6dc  ti_sysbios_heaps_HeapMem_reqAlign__C                                 
0000d6e0  ti_sysbios_knl_Clock_Module_State_clockQ__O                          
0000d6e4  ti_sysbios_knl_Idle_funcList__A                                      
0000d6e8  ti_sysbios_knl_Mailbox_Instance_State_dataQue__O                     
0000d6ec  ti_sysbios_knl_Mailbox_Instance_State_dataSem__O                     
0000d6f0  ti_sysbios_knl_Mailbox_Instance_State_freeQue__O                     
0000d6f4  ti_sysbios_knl_Mailbox_Instance_State_freeSem__O                     
0000d6f8  ti_sysbios_knl_Mailbox_Object__count__C                              
0000d6fc  ti_sysbios_knl_Mailbox_maxTypeAlign__C                               
0000d700  ti_sysbios_knl_Semaphore_A_badContext__C                             
0000d704  ti_sysbios_knl_Semaphore_A_noEvents__C                               
0000d708  ti_sysbios_knl_Semaphore_A_overflow__C                               
0000d70c  ti_sysbios_knl_Semaphore_A_pendTaskDisabled__C                       
0000d710  ti_sysbios_knl_Semaphore_Instance_State_pendQ__O                     
0000d714  ti_sysbios_knl_Semaphore_Module__diagsEnabled__C                     
0000d718  ti_sysbios_knl_Semaphore_Module__diagsIncluded__C                    
0000d71c  ti_sysbios_knl_Semaphore_Module__diagsMask__C                        
0000d720  ti_sysbios_knl_Swi_Object__count__C                                  
0000d724  ti_sysbios_knl_Task_E_spOutOfBounds__C                               
0000d728  ti_sysbios_knl_Task_E_stackOverflow__C                               
0000d72c  ti_sysbios_knl_Task_Module_State_inactiveQ__O                        
0000d730  ti_sysbios_knl_Task_Object__count__C                                 
0000d734  ti_sysbios_knl_Task_allBlockedFunc__C                                
0000d738  ti_sysbios_knl_Task_numConstructedTasks__C                           
0000d73c  xdc_runtime_Assert_E_assertFailed__C                                 
0000d740  xdc_runtime_Core_A_initializedParams__C                              
0000d744  xdc_runtime_Core_Module__diagsEnabled__C                             
0000d748  xdc_runtime_Core_Module__diagsIncluded__C                            
0000d74c  xdc_runtime_Core_Module__diagsMask__C                                
0000d750  xdc_runtime_Error_E_memory__C                                        
0000d754  xdc_runtime_Error_Module__diagsEnabled__C                            
0000d758  xdc_runtime_Error_Module__diagsIncluded__C                           
0000d75c  xdc_runtime_Error_Module__diagsMask__C                               
0000d760  xdc_runtime_Error_Module__loggerFxn8__C                              
0000d764  xdc_runtime_Error_Module__loggerObj__C                               
0000d768  xdc_runtime_Error_policyFxn__C                                       
0000d76c  xdc_runtime_Error_raiseHook__C                                       
0000d770  xdc_runtime_IGateProvider_Interface__BASE__C                         
0000d774  xdc_runtime_IHeap_Interface__BASE__C                                 
0000d778  xdc_runtime_IModule_Interface__BASE__C                               
0000d77c  xdc_runtime_Log_L_error__C                                           
0000d780  xdc_runtime_Memory_defaultHeapInstance__C                            
0000d784  xdc_runtime_Startup_execImpl__C                                      
0000d788  xdc_runtime_Startup_maxPasses__C                                     
0000d78c  xdc_runtime_Startup_sfxnRts__C                                       
0000d790  xdc_runtime_Startup_sfxnTab__C                                       
0000d794  xdc_runtime_SysMin_bufSize__C                                        
0000d798  xdc_runtime_SysMin_outputFunc__C                                     
0000d79c  xdc_runtime_System_Module__gateObj__C                                
0000d7a0  xdc_runtime_System_abortFxn__C                                       
0000d7a4  xdc_runtime_System_exitFxn__C                                        
0000d7a8  xdc_runtime_System_extendFxn__C                                      
0000d7ac  xdc_runtime_System_maxAtexitHandlers__C                              
0000d7b0  xdc_runtime_Text_charTab__C                                          
0000d7b4  xdc_runtime_Text_nameEmpty__C                                        
0000d7b8  xdc_runtime_Text_nameStatic__C                                       
0000d7bc  xdc_runtime_Text_nameUnknown__C                                      
0000d7c0  xdc_runtime_Text_nodeTab__C                                          
0000d7c4  xdc_runtime_Text_visitRopeFxn__C                                     
0000d7c8  ti_sysbios_family_arm_lm4_TimestampProvider_Module__id__C            
0000d7ca  ti_sysbios_family_arm_lm4_TimestampProvider_useClockTimer__C         
0000d7cc  ti_sysbios_family_arm_m3_Hwi_Module__id__C                           
0000d7ce  ti_sysbios_gates_GateMutex_Module__id__C                             
0000d7d0  ti_sysbios_hal_Hwi_Module__id__C                                     
0000d7d2  ti_sysbios_heaps_HeapMem_Module__id__C                               
0000d7d4  ti_sysbios_knl_Semaphore_Module__id__C                               
0000d7d6  ti_sysbios_knl_Task_Module__id__C                                    
0000d7d8  xdc_runtime_Core_Module__id__C                                       
0000d7da  xdc_runtime_Error_Module__loggerDefined__C                           
0000d7dc  xdc_runtime_Error_maxDepth__C                                        
0000d7de  xdc_runtime_Memory_Module__id__C                                     
0000d7e0  xdc_runtime_SysMin_flushAtExit__C                                    
0000d7e2  xdc_runtime_Text_charCnt__C                                          
0000d7e4  xdc_runtime_Text_isLoaded__C                                         
0000d7e6  xdc_runtime_Text_registryModsLastId__C                               
0000d7e8  xdc_runtime_Text_unnamedModsLastId__C                                
0000d7f0  __TI_static_base__                                                   
0000da8c  __TI_Handler_Table_Base                                              
0000da98  __TI_Handler_Table_Limit                                             
0000daa8  __TI_CINIT_Base                                                      
0000dac0  __TI_CINIT_Limit                                                     
20000000  __start___llvm_prf_cnts                                              
20000000  __stop___llvm_prf_cnts                                               
20000000  ti_sysbios_family_arm_m3_Hwi_ramVectors                              
20006508  ti_sysbios_knl_Task_Instance_State_0_stack__A                        
20006908  ti_sysbios_knl_Task_Instance_State_1_stack__A                        
20007108  ti_sysbios_knl_Task_Instance_State_2_stack__A                        
20007908  ti_sysbios_knl_Task_Instance_State_3_stack__A                        
20007b08  ti_sysbios_knl_Task_Instance_State_4_stack__A                        
20007d08  ti_sysbios_knl_Task_Instance_State_5_stack__A                        
20007f08  gADCBuffer                                                           
20008f08  fftBuffer                                                            
20009708  ti_sysbios_knl_Mailbox_Instance_State_0_allocBuf__A                  
200097a8  sContext                                                             
200097e8  parmbuf                                                              
200097f0  cfg                                                                  
200097f4  gADCSamplingRate                                                     
200097fc  Lcd_ScreenHeigth                                                     
200097fe  Lcd_ScreenWidth                                                      
20009800  gDMAControlTable                                                     
20009c00  ti_sysbios_heaps_HeapMem_Instance_State_0_buf__A                     
2000a000  ti_sysbios_family_arm_m3_Hwi_dispatchTable                           
2000a360  localADCBuffer                                                       
2000a560  processedADCBuffer                                                   
2000a760  rawADCBuffer                                                         
2000a960  __CIOBUF_                                                            
2000aa80  xdc_runtime_SysMin_Module_State_0_outbuf__A                          
2000ab00  Lcd_TouchTrim                                                        
2000ab02  Lcd_FlagRead                                                         
2000ab03  Lcd_FontSolid                                                        
2000ab04  Lcd_Orientation                                                      
2000ab05  Lcd_PenSolid                                                         
2000ab08  Lcd_buffer                                                           
20012b08  ti_sysbios_knl_Task_Object__table__V                                 
20012cd0  ti_sysbios_knl_Swi_Module_State_0_readyQ__A                          
20012d50  ti_sysbios_knl_Task_Module_State_0_readyQ__A                         
20012dd0  ti_sysbios_knl_Mailbox_Object__table__V                              
20012e20  ti_sysbios_knl_Semaphore_Object__table__V                            
20012e70  ti_sysbios_knl_Task_Module__state__V                                 
20012eb4  ti_sysbios_family_arm_lm4_Timer_Module_State_0_device__A             
20012ef4  ti_sysbios_family_arm_lm4_Timer_Object__table__V                     
20012f34  ti_sysbios_gates_GateMutex_Object__table__V                          
20012f6c  ti_sysbios_family_arm_m3_Hwi_Module__state__V                        
20012fa0  ti_sysbios_family_arm_m3_Hwi_Object__table__V                        
20012fd0  ti_sysbios_knl_Swi_Object__table__V                                  
20013000  ti_sysbios_knl_Clock_Module__state__V                                
20013050  ti_sysbios_BIOS_Module__state__V                                     
20013074  ti_sysbios_family_arm_lm4_Timer_Module_State_0_handles__A            
20013094  ti_sysbios_knl_Clock_Object__table__V                                
200130b4  ti_sysbios_knl_Swi_Module__state__V                                  
200130d0  ti_sysbios_heaps_HeapMem_Object__table__V                            
200130e8  gSystemClock                                                         
200130ec  gTime                                                                
200130f0  processedADCBufferDone                                               
200130f4  gDMAPrimary                                                          
200130f5  inFFTMode                                                            
200130f6  triggerModeRising                                                    
200130f7  signalDisconnected                                                   
200130f8  timeScaleIndex                                                       
200130fa  voltageScaleIndex                                                    
200130fc  ti_sysbios_family_arm_lm4_Timer_Module__state__V                     
20013108  ti_sysbios_gates_GateHwi_Object__table__V                            
20013114  xdc_runtime_SysMin_Module__state__V                                  
20013120  _lock                                                                
20013124  _unlock                                                              
20013128  cpuLoad                                                              
2001312c  unloadedCount                                                        
20013130  gJoystick                                                            
20013138  ti_sysbios_family_arm_lm4_TimestampProvider_Module__state__V         
20013140  ti_sysbios_gates_GateHwi_Module__root__V                             
20013148  ti_sysbios_gates_GateMutex_Module__root__V                           
20013150  ti_sysbios_heaps_HeapMem_Module__root__V                             
20013158  ti_sysbios_knl_Queue_Module__root__V                                 
20013160  ti_sysbios_knl_Semaphore_Module__root__V                             
20013168  xdc_runtime_Registry_Module__state__V                                
20013170  xdc_runtime_Startup_Module__state__V                                 
20013178  xdc_runtime_System_Module_State_0_atexitHandlers__A                  
20013180  xdc_runtime_System_Module__state__V                                  
20013188  gButtons                                                             
2001318e  ti_sysbios_family_arm_m3_Hwi_Module_State_0_excActive__A             
20013190  buffer_size                                                          
20013194  errno                                                                
20013198  main_func_sp                                                         
2001319c  ti_sysbios_family_arm_m3_Hwi_Module_State_0_excContext__A            
200131a0  ti_sysbios_family_arm_m3_Hwi_Module_State_0_excStack__A              
200131a4  ti_sysbios_knl_Task_Module_State_0_idleTask__A                       
200131a8  xdc_runtime_Memory_Module__state__V                                  
200131ac  xdc_runtime_Error_Module__state__V                                   
200131b0  __stack                                                              
200134b0  __STACK_END                                                          
e000e000  ti_sysbios_family_arm_m3_Hwi_nvic                                    
ffffffff  __TI_pprof_out_hndl                                                  
ffffffff  __TI_prof_data_size                                                  
ffffffff  __TI_prof_data_start                                                 
ffffffff  __binit__                                                            
ffffffff  __c_args__                                                           
ffffffff  binit                                                                
UNDEFED   SHT$$INIT_ARRAY$$Base                                                
UNDEFED   SHT$$INIT_ARRAY$$Limit                                               

[717 symbols]
